#-----------------------------------------------------------
# Vivado v2014.1 (64-bit)
# SW Build 881834 on Fri Apr  4 14:12:35 MDT 2014
# IP Build 877625 on Fri Mar 28 16:29:15 MDT 2014
# Start of session at: Tue Mar 24 15:56:03 2015
# Process ID: 7464
# Log file: D:/Library/Dropbox/ECE532/ECE532_Shared/Milestone6/IP/aicontroller/aicontroller.srcs/sources_1/aicontroller_v1_4_project/vivado.log
# Journal file: D:/Library/Dropbox/ECE532/ECE532_Shared/Milestone6/IP/aicontroller/aicontroller.srcs/sources_1/aicontroller_v1_4_project\vivado.jou
#-----------------------------------------------------------
start_gui
open_project {D:\Library\Dropbox\ECE532\ECE532_Shared\Milestone6\IP\aicontroller\aicontroller.srcs\sources_1\aicontroller_v1_4_project\aicontroller_v1_4_project.xpr}
launch_xsim -simset sim_1 -mode post-synthesis -type functional
launch_xsim -simset sim_1 -mode post-synthesis -type functional
launch_xsim -simset sim_1 -mode post-synthesis -type functional
run 8 us
launch_xsim -simset sim_1 -mode post-synthesis -type functional
launch_xsim -simset sim_1 -mode post-synthesis -type functional
run 8 us
reset_run synth_1
launch_runs synth_1
wait_on_run synth_1
close_sim
reset_run synth_1
launch_runs synth_1
wait_on_run synth_1
