16:38:09 **** Build of project tetris_bsp ****
make -k all 
Running Make include in microblaze_0/libsrc/bram_v4_0/src
make -C microblaze_0/libsrc/bram_v4_0/src -s include -e "SHELL=/bin/sh" "COMPILER=mb-gcc" "ARCHIVER=mb-ar" "COMPILER_FLAGS= -O2 -c -mcpu=v9.3 -mlittle-endian -mno-xl-soft-div -mno-xl-soft-mul -mxl-barrel-shift" "EXTRA_COMPILER_FLAGS=-g -ffunction-sections -fdata-sections"
Running Make include in microblaze_0/libsrc/cpu_v2_0/src
make -C microblaze_0/libsrc/cpu_v2_0/src -s include -e "SHELL=/bin/sh" "COMPILER=mb-gcc" "ARCHIVER=mb-ar" "COMPILER_FLAGS= -O2 -c -mcpu=v9.3 -mlittle-endian -mno-xl-soft-div -mno-xl-soft-mul -mxl-barrel-shift" "EXTRA_COMPILER_FLAGS=-g -ffunction-sections -fdata-sections"
Running Make include in microblaze_0/libsrc/intc_v3_0/src
make -C microblaze_0/libsrc/intc_v3_0/src -s include -e "SHELL=/bin/sh" "COMPILER=mb-gcc" "ARCHIVER=mb-ar" "COMPILER_FLAGS= -O2 -c -mcpu=v9.3 -mlittle-endian -mno-xl-soft-div -mno-xl-soft-mul -mxl-barrel-shift" "EXTRA_COMPILER_FLAGS=-g -ffunction-sections -fdata-sections"
Running Make include in microblaze_0/libsrc/standalone_v4_0/src
make -C microblaze_0/libsrc/standalone_v4_0/src -s include -e "SHELL=/bin/sh" "COMPILER=mb-gcc" "ARCHIVER=mb-ar" "COMPILER_FLAGS= -O2 -c -mcpu=v9.3 -mlittle-endian -mno-xl-soft-div -mno-xl-soft-mul -mxl-barrel-shift" "EXTRA_COMPILER_FLAGS=-g -ffunction-sections -fdata-sections"
make[2]: Entering directory `/home/derek/Documents/year_4/ECE532/git/ece352/designs/tetris_test2/tetris_test2.sdk/SDK/SDK_Export/tetris_bsp/microblaze_0/libsrc/standalone_v4_0/src/profile'
cp -rf profile.h mblaze_nt_types.h _profile_timer_hw.h ../../../../include
make[2]: Leaving directory `/home/derek/Documents/year_4/ECE532/git/ece352/designs/tetris_test2/tetris_test2.sdk/SDK/SDK_Export/tetris_bsp/microblaze_0/libsrc/standalone_v4_0/src/profile'
Running Make include in microblaze_0/libsrc/tft_v5_0/src
make -C microblaze_0/libsrc/tft_v5_0/src -s include -e "SHELL=/bin/sh" "COMPILER=mb-gcc" "ARCHIVER=mb-ar" "COMPILER_FLAGS= -O2 -c -mcpu=v9.3 -mlittle-endian -mno-xl-soft-div -mno-xl-soft-mul -mxl-barrel-shift" "EXTRA_COMPILER_FLAGS=-g -ffunction-sections -fdata-sections"
Running Make include in microblaze_0/libsrc/uartlite_v3_0/src
make -C microblaze_0/libsrc/uartlite_v3_0/src -s include -e "SHELL=/bin/sh" "COMPILER=mb-gcc" "ARCHIVER=mb-ar" "COMPILER_FLAGS= -O2 -c -mcpu=v9.3 -mlittle-endian -mno-xl-soft-div -mno-xl-soft-mul -mxl-barrel-shift" "EXTRA_COMPILER_FLAGS=-g -ffunction-sections -fdata-sections"
Running Make libs in microblaze_0/libsrc/bram_v4_0/src
make -C microblaze_0/libsrc/bram_v4_0/src -s libs -e "SHELL=/bin/sh" "COMPILER=mb-gcc" "ARCHIVER=mb-ar" "COMPILER_FLAGS= -O2 -c -mcpu=v9.3 -mlittle-endian -mno-xl-soft-div -mno-xl-soft-mul -mxl-barrel-shift" "EXTRA_COMPILER_FLAGS=-g -ffunction-sections -fdata-sections"
Compiling bram
make[2]: Entering directory `/home/derek/Documents/year_4/ECE532/git/ece352/designs/tetris_test2/tetris_test2.sdk/SDK/SDK_Export/tetris_bsp/microblaze_0/libsrc/bram_v4_0/src'
rm -rf *.o 
make[2]: Leaving directory `/home/derek/Documents/year_4/ECE532/git/ece352/designs/tetris_test2/tetris_test2.sdk/SDK/SDK_Export/tetris_bsp/microblaze_0/libsrc/bram_v4_0/src'
Running Make libs in microblaze_0/libsrc/cpu_v2_0/src
make -C microblaze_0/libsrc/cpu_v2_0/src -s libs -e "SHELL=/bin/sh" "COMPILER=mb-gcc" "ARCHIVER=mb-ar" "COMPILER_FLAGS= -O2 -c -mcpu=v9.3 -mlittle-endian -mno-xl-soft-div -mno-xl-soft-mul -mxl-barrel-shift" "EXTRA_COMPILER_FLAGS=-g -ffunction-sections -fdata-sections"
Compiling cpu
make[2]: Entering directory `/home/derek/Documents/year_4/ECE532/git/ece352/designs/tetris_test2/tetris_test2.sdk/SDK/SDK_Export/tetris_bsp/microblaze_0/libsrc/cpu_v2_0/src'
rm -rf *.o
make[2]: Leaving directory `/home/derek/Documents/year_4/ECE532/git/ece352/designs/tetris_test2/tetris_test2.sdk/SDK/SDK_Export/tetris_bsp/microblaze_0/libsrc/cpu_v2_0/src'
Running Make libs in microblaze_0/libsrc/intc_v3_0/src
make -C microblaze_0/libsrc/intc_v3_0/src -s libs -e "SHELL=/bin/sh" "COMPILER=mb-gcc" "ARCHIVER=mb-ar" "COMPILER_FLAGS= -O2 -c -mcpu=v9.3 -mlittle-endian -mno-xl-soft-div -mno-xl-soft-mul -mxl-barrel-shift" "EXTRA_COMPILER_FLAGS=-g -ffunction-sections -fdata-sections"
Compiling intc
make[2]: Entering directory `/home/derek/Documents/year_4/ECE532/git/ece352/designs/tetris_test2/tetris_test2.sdk/SDK/SDK_Export/tetris_bsp/microblaze_0/libsrc/intc_v3_0/src'
rm -rf *.o 
make[2]: Leaving directory `/home/derek/Documents/year_4/ECE532/git/ece352/designs/tetris_test2/tetris_test2.sdk/SDK/SDK_Export/tetris_bsp/microblaze_0/libsrc/intc_v3_0/src'
Running Make libs in microblaze_0/libsrc/standalone_v4_0/src
make -C microblaze_0/libsrc/standalone_v4_0/src -s libs -e "SHELL=/bin/sh" "COMPILER=mb-gcc" "ARCHIVER=mb-ar" "COMPILER_FLAGS= -O2 -c -mcpu=v9.3 -mlittle-endian -mno-xl-soft-div -mno-xl-soft-mul -mxl-barrel-shift" "EXTRA_COMPILER_FLAGS=-g -ffunction-sections -fdata-sections"
Compiling standalone
Running Make libs in microblaze_0/libsrc/tft_v5_0/src
make -C microblaze_0/libsrc/tft_v5_0/src -s libs -e "SHELL=/bin/sh" "COMPILER=mb-gcc" "ARCHIVER=mb-ar" "COMPILER_FLAGS= -O2 -c -mcpu=v9.3 -mlittle-endian -mno-xl-soft-div -mno-xl-soft-mul -mxl-barrel-shift" "EXTRA_COMPILER_FLAGS=-g -ffunction-sections -fdata-sections"
Compiling tft
make[2]: Entering directory `/home/derek/Documents/year_4/ECE532/git/ece352/designs/tetris_test2/tetris_test2.sdk/SDK/SDK_Export/tetris_bsp/microblaze_0/libsrc/tft_v5_0/src'
rm -rf *.o
make[2]: Leaving directory `/home/derek/Documents/year_4/ECE532/git/ece352/designs/tetris_test2/tetris_test2.sdk/SDK/SDK_Export/tetris_bsp/microblaze_0/libsrc/tft_v5_0/src'
Running Make libs in microblaze_0/libsrc/uartlite_v3_0/src
make -C microblaze_0/libsrc/uartlite_v3_0/src -s libs -e "SHELL=/bin/sh" "COMPILER=mb-gcc" "ARCHIVER=mb-ar" "COMPILER_FLAGS= -O2 -c -mcpu=v9.3 -mlittle-endian -mno-xl-soft-div -mno-xl-soft-mul -mxl-barrel-shift" "EXTRA_COMPILER_FLAGS=-g -ffunction-sections -fdata-sections"
Compiling uartlite
make[2]: Entering directory `/home/derek/Documents/year_4/ECE532/git/ece352/designs/tetris_test2/tetris_test2.sdk/SDK/SDK_Export/tetris_bsp/microblaze_0/libsrc/uartlite_v3_0/src'
rm -rf *.o 
make[2]: Leaving directory `/home/derek/Documents/year_4/ECE532/git/ece352/designs/tetris_test2/tetris_test2.sdk/SDK/SDK_Export/tetris_bsp/microblaze_0/libsrc/uartlite_v3_0/src'
Finished building libraries
16:38:14 **** Clean-only build of configuration Debug for project tetris ****
make clean 
rm -rf  ./src/platform.o ./src/tetris.o ./src/vga.o  ./src/platform.d ./src/tetris.d ./src/vga.d  tetris.elf.size  tetris.elf
 
16:38:14 **** Build of configuration Debug for project tetris ****
make all 
Building file: ../src/platform.c
Invoking: MicroBlaze gcc compiler
mb-gcc -Wall -O0 -g3 -c -fmessage-length=0 -I../../tetris_bsp/microblaze_0/include -mlittle-endian -mcpu=v9.3 -mxl-soft-mul -Wl,--no-relax -ffunction-sections -fdata-sections -MMD -MP -MF"src/platform.d" -MT"src/platform.d" -o "src/platform.o" "../src/platform.c"
Finished building: ../src/platform.c
 
Building file: ../src/tetris.c
Invoking: MicroBlaze gcc compiler
mb-gcc -Wall -O0 -g3 -c -fmessage-length=0 -I../../tetris_bsp/microblaze_0/include -mlittle-endian -mcpu=v9.3 -mxl-soft-mul -Wl,--no-relax -ffunction-sections -fdata-sections -MMD -MP -MF"src/tetris.d" -MT"src/tetris.d" -o "src/tetris.o" "../src/tetris.c"
Finished building: ../src/tetris.c
 
Building file: ../src/vga.c
Invoking: MicroBlaze gcc compiler
mb-gcc -Wall -O0 -g3 -c -fmessage-length=0 -I../../tetris_bsp/microblaze_0/include -mlittle-endian -mcpu=v9.3 -mxl-soft-mul -Wl,--no-relax -ffunction-sections -fdata-sections -MMD -MP -MF"src/vga.d" -MT"src/vga.d" -o "src/vga.o" "../src/vga.c"
../src/vga.c: In function 'clear':
../src/vga.c:57:6: warning: unused variable 'size' [-Wunused-variable]
Finished building: ../src/vga.c
 
Building target: tetris.elf
Invoking: MicroBlaze gcc linker
mb-gcc -Wl,-T -Wl,../src/lscript.ld -L../../tetris_bsp/microblaze_0/lib -mlittle-endian -mcpu=v9.3 -mxl-soft-mul -Wl,--no-relax -Wl,--gc-sections -o "tetris.elf"  ./src/helloworld.o ./src/platform.o ./src/tetris.o ./src/vga.o   -Wl,--start-group,-lxil,-lgcc,-lc,--end-group
  int size = DISPLAY_HEIGHT / 20;
      ^
../src/vga.c: In function 'finish_drawing':
../src/vga.c:82:7: warning: assignment makes integer from pointer without a cast [enabled by default]
  *vga = vga_buf;
       ^
./src/tetris.o: In function `main':
/home/derek/Documents/year_4/ECE532/git/ece352/designs/tetris_test2/tetris_test2.sdk/SDK/SDK_Export/tetris/Debug/../src/tetris.c:304: multiple definition of `main'
./src/helloworld.o:/home/derek/Documents/year_4/ECE532/git/ece352/designs/tetris_test2/tetris_test2.sdk/SDK/SDK_Export/tetris/Debug/../src/helloworld.c:76: first defined here
./src/vga.o:(.data.vga+0x0): multiple definition of `vga'
./src/helloworld.o:(.data.vga+0x0): first defined here
./src/vga.o:(.data.ddr+0x0): multiple definition of `ddr'
./src/helloworld.o:(.data.ddr+0x0): first defined here
./src/vga.o: In function `draw_block':
/home/derek/Documents/year_4/ECE532/git/ece352/designs/tetris_test2/tetris_test2.sdk/SDK/SDK_Export/tetris/Debug/../src/vga.c:31: multiple definition of `draw_block'
./src/helloworld.o:/home/derek/Documents/year_4/ECE532/git/ece352/designs/tetris_test2/tetris_test2.sdk/SDK/SDK_Export/tetris/Debug/../src/helloworld.c:48: first defined here
./src/vga.o: In function `clear':
/home/derek/Documents/year_4/ECE532/git/ece352/designs/tetris_test2/tetris_test2.sdk/SDK/SDK_Export/tetris/Debug/../src/vga.c:56: multiple definition of `clear'
./src/helloworld.o:/home/derek/Documents/year_4/ECE532/git/ece352/designs/tetris_test2/tetris_test2.sdk/SDK/SDK_Export/tetris/Debug/../src/helloworld.c:63: first defined here
collect2: error: ld returned 1 exit status
make: *** [tetris.elf] Error 1
16:38:54 **** Clean-only build of configuration Debug for project tetris ****
make clean 
rm -rf  ./src/helloworld.o ./src/platform.o ./src/tetris.o ./src/vga.o  ./src/helloworld.d ./src/platform.d ./src/tetris.d ./src/vga.d  tetris.elf.size  tetris.elf
 
16:38:54 **** Clean-only build of project tetris_bsp ****
make -k clean 
rm -f microblaze_0/lib/libxil.a
16:38:55 **** Build of project tetris_bsp ****
make -k all 
cp -f microblaze_0/lib/libxil_init.a microblaze_0/lib/libxil.a
Running Make include in microblaze_0/libsrc/bram_v4_0/src
make -C microblaze_0/libsrc/bram_v4_0/src -s include -e "SHELL=/bin/sh" "COMPILER=mb-gcc" "ARCHIVER=mb-ar" "COMPILER_FLAGS= -O2 -c -mcpu=v9.3 -mlittle-endian -mno-xl-soft-div -mno-xl-soft-mul -mxl-barrel-shift" "EXTRA_COMPILER_FLAGS=-g -ffunction-sections -fdata-sections"
Running Make include in microblaze_0/libsrc/cpu_v2_0/src
make -C microblaze_0/libsrc/cpu_v2_0/src -s include -e "SHELL=/bin/sh" "COMPILER=mb-gcc" "ARCHIVER=mb-ar" "COMPILER_FLAGS= -O2 -c -mcpu=v9.3 -mlittle-endian -mno-xl-soft-div -mno-xl-soft-mul -mxl-barrel-shift" "EXTRA_COMPILER_FLAGS=-g -ffunction-sections -fdata-sections"
Running Make include in microblaze_0/libsrc/intc_v3_0/src
make -C microblaze_0/libsrc/intc_v3_0/src -s include -e "SHELL=/bin/sh" "COMPILER=mb-gcc" "ARCHIVER=mb-ar" "COMPILER_FLAGS= -O2 -c -mcpu=v9.3 -mlittle-endian -mno-xl-soft-div -mno-xl-soft-mul -mxl-barrel-shift" "EXTRA_COMPILER_FLAGS=-g -ffunction-sections -fdata-sections"
Running Make include in microblaze_0/libsrc/standalone_v4_0/src
make -C microblaze_0/libsrc/standalone_v4_0/src -s include -e "SHELL=/bin/sh" "COMPILER=mb-gcc" "ARCHIVER=mb-ar" "COMPILER_FLAGS= -O2 -c -mcpu=v9.3 -mlittle-endian -mno-xl-soft-div -mno-xl-soft-mul -mxl-barrel-shift" "EXTRA_COMPILER_FLAGS=-g -ffunction-sections -fdata-sections"
make[2]: Entering directory `/home/derek/Documents/year_4/ECE532/git/ece352/designs/tetris_test2/tetris_test2.sdk/SDK/SDK_Export/tetris_bsp/microblaze_0/libsrc/standalone_v4_0/src/profile'
cp -rf profile.h mblaze_nt_types.h _profile_timer_hw.h ../../../../include
make[2]: Leaving directory `/home/derek/Documents/year_4/ECE532/git/ece352/designs/tetris_test2/tetris_test2.sdk/SDK/SDK_Export/tetris_bsp/microblaze_0/libsrc/standalone_v4_0/src/profile'
Running Make include in microblaze_0/libsrc/tft_v5_0/src
make -C microblaze_0/libsrc/tft_v5_0/src -s include -e "SHELL=/bin/sh" "COMPILER=mb-gcc" "ARCHIVER=mb-ar" "COMPILER_FLAGS= -O2 -c -mcpu=v9.3 -mlittle-endian -mno-xl-soft-div -mno-xl-soft-mul -mxl-barrel-shift" "EXTRA_COMPILER_FLAGS=-g -ffunction-sections -fdata-sections"
Running Make include in microblaze_0/libsrc/uartlite_v3_0/src
make -C microblaze_0/libsrc/uartlite_v3_0/src -s include -e "SHELL=/bin/sh" "COMPILER=mb-gcc" "ARCHIVER=mb-ar" "COMPILER_FLAGS= -O2 -c -mcpu=v9.3 -mlittle-endian -mno-xl-soft-div -mno-xl-soft-mul -mxl-barrel-shift" "EXTRA_COMPILER_FLAGS=-g -ffunction-sections -fdata-sections"
Running Make libs in microblaze_0/libsrc/bram_v4_0/src
make -C microblaze_0/libsrc/bram_v4_0/src -s libs -e "SHELL=/bin/sh" "COMPILER=mb-gcc" "ARCHIVER=mb-ar" "COMPILER_FLAGS= -O2 -c -mcpu=v9.3 -mlittle-endian -mno-xl-soft-div -mno-xl-soft-mul -mxl-barrel-shift" "EXTRA_COMPILER_FLAGS=-g -ffunction-sections -fdata-sections"
Compiling bram
make[2]: Entering directory `/home/derek/Documents/year_4/ECE532/git/ece352/designs/tetris_test2/tetris_test2.sdk/SDK/SDK_Export/tetris_bsp/microblaze_0/libsrc/bram_v4_0/src'
rm -rf *.o 
make[2]: Leaving directory `/home/derek/Documents/year_4/ECE532/git/ece352/designs/tetris_test2/tetris_test2.sdk/SDK/SDK_Export/tetris_bsp/microblaze_0/libsrc/bram_v4_0/src'
Running Make libs in microblaze_0/libsrc/cpu_v2_0/src
make -C microblaze_0/libsrc/cpu_v2_0/src -s libs -e "SHELL=/bin/sh" "COMPILER=mb-gcc" "ARCHIVER=mb-ar" "COMPILER_FLAGS= -O2 -c -mcpu=v9.3 -mlittle-endian -mno-xl-soft-div -mno-xl-soft-mul -mxl-barrel-shift" "EXTRA_COMPILER_FLAGS=-g -ffunction-sections -fdata-sections"
Compiling cpu
make[2]: Entering directory `/home/derek/Documents/year_4/ECE532/git/ece352/designs/tetris_test2/tetris_test2.sdk/SDK/SDK_Export/tetris_bsp/microblaze_0/libsrc/cpu_v2_0/src'
rm -rf *.o
make[2]: Leaving directory `/home/derek/Documents/year_4/ECE532/git/ece352/designs/tetris_test2/tetris_test2.sdk/SDK/SDK_Export/tetris_bsp/microblaze_0/libsrc/cpu_v2_0/src'
Running Make libs in microblaze_0/libsrc/intc_v3_0/src
make -C microblaze_0/libsrc/intc_v3_0/src -s libs -e "SHELL=/bin/sh" "COMPILER=mb-gcc" "ARCHIVER=mb-ar" "COMPILER_FLAGS= -O2 -c -mcpu=v9.3 -mlittle-endian -mno-xl-soft-div -mno-xl-soft-mul -mxl-barrel-shift" "EXTRA_COMPILER_FLAGS=-g -ffunction-sections -fdata-sections"
Compiling intc
make[2]: Entering directory `/home/derek/Documents/year_4/ECE532/git/ece352/designs/tetris_test2/tetris_test2.sdk/SDK/SDK_Export/tetris_bsp/microblaze_0/libsrc/intc_v3_0/src'
rm -rf *.o 
make[2]: Leaving directory `/home/derek/Documents/year_4/ECE532/git/ece352/designs/tetris_test2/tetris_test2.sdk/SDK/SDK_Export/tetris_bsp/microblaze_0/libsrc/intc_v3_0/src'
Running Make libs in microblaze_0/libsrc/standalone_v4_0/src
make -C microblaze_0/libsrc/standalone_v4_0/src -s libs -e "SHELL=/bin/sh" "COMPILER=mb-gcc" "ARCHIVER=mb-ar" "COMPILER_FLAGS= -O2 -c -mcpu=v9.3 -mlittle-endian -mno-xl-soft-div -mno-xl-soft-mul -mxl-barrel-shift" "EXTRA_COMPILER_FLAGS=-g -ffunction-sections -fdata-sections"
Compiling standalone
Running Make libs in microblaze_0/libsrc/tft_v5_0/src
make -C microblaze_0/libsrc/tft_v5_0/src -s libs -e "SHELL=/bin/sh" "COMPILER=mb-gcc" "ARCHIVER=mb-ar" "COMPILER_FLAGS= -O2 -c -mcpu=v9.3 -mlittle-endian -mno-xl-soft-div -mno-xl-soft-mul -mxl-barrel-shift" "EXTRA_COMPILER_FLAGS=-g -ffunction-sections -fdata-sections"
Compiling tft
make[2]: Entering directory `/home/derek/Documents/year_4/ECE532/git/ece352/designs/tetris_test2/tetris_test2.sdk/SDK/SDK_Export/tetris_bsp/microblaze_0/libsrc/tft_v5_0/src'
rm -rf *.o
make[2]: Leaving directory `/home/derek/Documents/year_4/ECE532/git/ece352/designs/tetris_test2/tetris_test2.sdk/SDK/SDK_Export/tetris_bsp/microblaze_0/libsrc/tft_v5_0/src'
Running Make libs in microblaze_0/libsrc/uartlite_v3_0/src
make -C microblaze_0/libsrc/uartlite_v3_0/src -s libs -e "SHELL=/bin/sh" "COMPILER=mb-gcc" "ARCHIVER=mb-ar" "COMPILER_FLAGS= -O2 -c -mcpu=v9.3 -mlittle-endian -mno-xl-soft-div -mno-xl-soft-mul -mxl-barrel-shift" "EXTRA_COMPILER_FLAGS=-g -ffunction-sections -fdata-sections"
Compiling uartlite
make[2]: Entering directory `/home/derek/Documents/year_4/ECE532/git/ece352/designs/tetris_test2/tetris_test2.sdk/SDK/SDK_Export/tetris_bsp/microblaze_0/libsrc/uartlite_v3_0/src'
rm -rf *.o 
make[2]: Leaving directory `/home/derek/Documents/year_4/ECE532/git/ece352/designs/tetris_test2/tetris_test2.sdk/SDK/SDK_Export/tetris_bsp/microblaze_0/libsrc/uartlite_v3_0/src'
Finished building libraries
16:38:57 **** Build of configuration Debug for project tetris ****
make all 
Building file: ../src/helloworld.c
Invoking: MicroBlaze gcc compiler
mb-gcc -Wall -O0 -g3 -c -fmessage-length=0 -I../../tetris_bsp/microblaze_0/include -mlittle-endian -mcpu=v9.3 -mxl-soft-mul -Wl,--no-relax -ffunction-sections -fdata-sections -MMD -MP -MF"src/helloworld.d" -MT"src/helloworld.d" -o "src/helloworld.o" "../src/helloworld.c"
../src/helloworld.c: In function 'main':
../src/helloworld.c:82:7: warning: assignment makes integer from pointer without a cast [enabled by default]
  *vga = video_data;
       ^
Finished building: ../src/helloworld.c
 
Building file: ../src/platform.c
Invoking: MicroBlaze gcc compiler
mb-gcc -Wall -O0 -g3 -c -fmessage-length=0 -I../../tetris_bsp/microblaze_0/include -mlittle-endian -mcpu=v9.3 -mxl-soft-mul -Wl,--no-relax -ffunction-sections -fdata-sections -MMD -MP -MF"src/platform.d" -MT"src/platform.d" -o "src/platform.o" "../src/platform.c"
Finished building: ../src/platform.c
 
Building file: ../src/tetris.c
Invoking: MicroBlaze gcc compiler
mb-gcc -Wall -O0 -g3 -c -fmessage-length=0 -I../../tetris_bsp/microblaze_0/include -mlittle-endian -mcpu=v9.3 -mxl-soft-mul -Wl,--no-relax -ffunction-sections -fdata-sections -MMD -MP -MF"src/tetris.d" -MT"src/tetris.d" -o "src/tetris.o" "../src/tetris.c"
Finished building: ../src/tetris.c
 
Building file: ../src/vga.c
Invoking: MicroBlaze gcc compiler
mb-gcc -Wall -O0 -g3 -c -fmessage-length=0 -I../../tetris_bsp/microblaze_0/include -mlittle-endian -mcpu=v9.3 -mxl-soft-mul -Wl,--no-relax -ffunction-sections -fdata-sections -MMD -MP -MF"src/vga.d" -MT"src/vga.d" -o "src/vga.o" "../src/vga.c"
../src/vga.c: In function 'clear':
../src/vga.c:57:6: warning: unused variable 'size' [-Wunused-variable]
  int size = DISPLAY_HEIGHT / 20;
      ^
../src/vga.c: In function 'finish_drawing':
../src/vga.c:82:7: warning: assignment makes integer from pointer without a cast [enabled by default]
  *vga = vga_buf;
       ^
Finished building: ../src/vga.c
 
Building target: tetris.elf
Invoking: MicroBlaze gcc linker
mb-gcc -Wl,-T -Wl,../src/lscript.ld -L../../tetris_bsp/microblaze_0/lib -mlittle-endian -mcpu=v9.3 -mxl-soft-mul -Wl,--no-relax -Wl,--gc-sections -o "tetris.elf"  ./src/helloworld.o ./src/platform.o ./src/tetris.o ./src/vga.o   -Wl,--start-group,-lxil,-lgcc,-lc,--end-group
./src/tetris.o: In function `main':
/home/derek/Documents/year_4/ECE532/git/ece352/designs/tetris_test2/tetris_test2.sdk/SDK/SDK_Export/tetris/Debug/../src/tetris.c:304: multiple definition of `main'
./src/helloworld.o:/home/derek/Documents/year_4/ECE532/git/ece352/designs/tetris_test2/tetris_test2.sdk/SDK/SDK_Export/tetris/Debug/../src/helloworld.c:76: first defined here
./src/vga.o:(.data.vga+0x0): multiple definition of `vga'
./src/helloworld.o:(.data.vga+0x0): first defined here
./src/vga.o:(.data.ddr+0x0): multiple definition of `ddr'
./src/helloworld.o:(.data.ddr+0x0): first defined here
./src/vga.o: In function `draw_block':
/home/derek/Documents/year_4/ECE532/git/ece352/designs/tetris_test2/tetris_test2.sdk/SDK/SDK_Export/tetris/Debug/../src/vga.c:31: multiple definition of `draw_block'
./src/helloworld.o:/home/derek/Documents/year_4/ECE532/git/ece352/designs/tetris_test2/tetris_test2.sdk/SDK/SDK_Export/tetris/Debug/../src/helloworld.c:48: first defined here
./src/vga.o: In function `clear':
/home/derek/Documents/year_4/ECE532/git/ece352/designs/tetris_test2/tetris_test2.sdk/SDK/SDK_Export/tetris/Debug/../src/vga.c:56: multiple definition of `clear'
./src/helloworld.o:/home/derek/Documents/year_4/ECE532/git/ece352/designs/tetris_test2/tetris_test2.sdk/SDK/SDK_Export/tetris/Debug/../src/helloworld.c:63: first defined here
collect2: error: ld returned 1 exit status
make: *** [tetris.elf] Error 1
16:39:26 **** Clean-only build of configuration Debug for project tetris ****
make clean 
rm -rf  ./src/helloworld.o ./src/platform.o ./src/tetris.o ./src/vga.o  ./src/helloworld.d ./src/platform.d ./src/tetris.d ./src/vga.d  tetris.elf.size  tetris.elf
 
16:39:27 **** Auto Build of configuration Debug for project tetris ****
make all 
Building file: ../src/platform.c
Invoking: MicroBlaze gcc compiler
mb-gcc -Wall -O0 -g3 -c -fmessage-length=0 -I../../tetris_bsp/microblaze_0/include -mlittle-endian -mcpu=v9.3 -mxl-soft-mul -Wl,--no-relax -ffunction-sections -fdata-sections -MMD -MP -MF"src/platform.d" -MT"src/platform.d" -o "src/platform.o" "../src/platform.c"
Finished building: ../src/platform.c
 
Building file: ../src/tetris.c
Invoking: MicroBlaze gcc compiler
mb-gcc -Wall -O0 -g3 -c -fmessage-length=0 -I../../tetris_bsp/microblaze_0/include -mlittle-endian -mcpu=v9.3 -mxl-soft-mul -Wl,--no-relax -ffunction-sections -fdata-sections -MMD -MP -MF"src/tetris.d" -MT"src/tetris.d" -o "src/tetris.o" "../src/tetris.c"
Finished building: ../src/tetris.c
 
Building file: ../src/vga.c
Invoking: MicroBlaze gcc compiler
mb-gcc -Wall -O0 -g3 -c -fmessage-length=0 -I../../tetris_bsp/microblaze_0/include -mlittle-endian -mcpu=v9.3 -mxl-soft-mul -Wl,--no-relax -ffunction-sections -fdata-sections -MMD -MP -MF"src/vga.d" -MT"src/vga.d" -o "src/vga.o" "../src/vga.c"
../src/vga.c: In function 'clear':
../src/vga.c:57:6: warning: unused variable 'size' [-Wunused-variable]
  int size = DISPLAY_HEIGHT / 20;
      ^
../src/vga.c: In function 'finish_drawing':
../src/vga.c:82:7: warning: assignment makes integer from pointer without a cast [enabled by default]
  *vga = vga_buf;
       ^
Finished building: ../src/vga.c
 
Building target: tetris.elf
Invoking: MicroBlaze gcc linker
mb-gcc -Wl,-T -Wl,../src/lscript.ld -L../../tetris_bsp/microblaze_0/lib -mlittle-endian -mcpu=v9.3 -mxl-soft-mul -Wl,--no-relax -Wl,--gc-sections -o "tetris.elf"  ./src/platform.o ./src/tetris.o ./src/vga.o   -Wl,--start-group,-lxil,-lgcc,-lc,--end-group
Finished building target: tetris.elf
 
Invoking: MicroBlaze Print Size
mb-size tetris.elf  |tee "tetris.elf.size"
   text	   data	    bss	    dec	    hex	filename
  14112	   1368	   2144	  17624	   44d8	tetris.elf
Finished building: tetris.elf.size
 
16:42:36 **** Clean-only build of configuration Debug for project tetris ****
make clean 
rm -rf  ./src/platform.o ./src/tetris.o ./src/vga.o  ./src/platform.d ./src/tetris.d ./src/vga.d  tetris.elf.size  tetris.elf
 
16:42:36 **** Auto Build of configuration Debug for project tetris ****
make all 
Building file: ../src/platform.c
Invoking: MicroBlaze gcc compiler
mb-gcc -Wall -O0 -g3 -c -fmessage-length=0 -I../../tetris_bsp/microblaze_0/include -mlittle-endian -mcpu=v9.3 -mxl-soft-mul -Wl,--no-relax -ffunction-sections -fdata-sections -MMD -MP -MF"src/platform.d" -MT"src/platform.d" -o "src/platform.o" "../src/platform.c"
Finished building: ../src/platform.c
 
Building file: ../src/tetris.c
Invoking: MicroBlaze gcc compiler
mb-gcc -Wall -O0 -g3 -c -fmessage-length=0 -I../../tetris_bsp/microblaze_0/include -mlittle-endian -mcpu=v9.3 -mxl-soft-mul -Wl,--no-relax -ffunction-sections -fdata-sections -MMD -MP -MF"src/tetris.d" -MT"src/tetris.d" -o "src/tetris.o" "../src/tetris.c"
../src/tetris.c: In function 'rotate':
../src/tetris.c:192:6: warning: unused variable 'success' [-Wunused-variable]
  int success = 1;
      ^
Finished building: ../src/tetris.c
 
Building file: ../src/vga.c
Invoking: MicroBlaze gcc compiler
mb-gcc -Wall -O0 -g3 -c -fmessage-length=0 -I../../tetris_bsp/microblaze_0/include -mlittle-endian -mcpu=v9.3 -mxl-soft-mul -Wl,--no-relax -ffunction-sections -fdata-sections -MMD -MP -MF"src/vga.d" -MT"src/vga.d" -o "src/vga.o" "../src/vga.c"
../src/vga.c: In function 'clear':
../src/vga.c:57:6: warning: unused variable 'size' [-Wunused-variable]
  int size = DISPLAY_HEIGHT / 20;
      ^
../src/vga.c: In function 'finish_drawing':
../src/vga.c:82:7: warning: assignment makes integer from pointer without a cast [enabled by default]
  *vga = vga_buf;
       ^
Finished building: ../src/vga.c
 
Building target: tetris.elf
Invoking: MicroBlaze gcc linker
mb-gcc -Wl,-T -Wl,../src/lscript.ld -L../../tetris_bsp/microblaze_0/lib -mlittle-endian -mcpu=v9.3 -mxl-soft-mul -Wl,--no-relax -Wl,--gc-sections -o "tetris.elf"  ./src/platform.o ./src/tetris.o ./src/vga.o   -Wl,--start-group,-lxil,-lgcc,-lc,--end-group
Finished building target: tetris.elf
 
Invoking: MicroBlaze Print Size
mb-size tetris.elf  |tee "tetris.elf.size"
   text	   data	    bss	    dec	    hex	filename
  14024	   1368	   2144	  17536	   4480	tetris.elf
Finished building: tetris.elf.size
 
16:42:41 **** Clean-only build of configuration Debug for project tetris ****
make clean 
rm -rf  ./src/platform.o ./src/tetris.o ./src/vga.o  ./src/platform.d ./src/tetris.d ./src/vga.d  tetris.elf.size  tetris.elf
 
16:42:41 **** Clean-only build of project tetris_bsp ****
make -k clean 
rm -f microblaze_0/lib/libxil.a
16:42:41 **** Build of project tetris_bsp ****
make -k all 
cp -f microblaze_0/lib/libxil_init.a microblaze_0/lib/libxil.a
Running Make include in microblaze_0/libsrc/bram_v4_0/src
make -C microblaze_0/libsrc/bram_v4_0/src -s include -e "SHELL=/bin/sh" "COMPILER=mb-gcc" "ARCHIVER=mb-ar" "COMPILER_FLAGS= -O2 -c -mcpu=v9.3 -mlittle-endian -mno-xl-soft-div -mno-xl-soft-mul -mxl-barrel-shift" "EXTRA_COMPILER_FLAGS=-g -ffunction-sections -fdata-sections"
Running Make include in microblaze_0/libsrc/cpu_v2_0/src
make -C microblaze_0/libsrc/cpu_v2_0/src -s include -e "SHELL=/bin/sh" "COMPILER=mb-gcc" "ARCHIVER=mb-ar" "COMPILER_FLAGS= -O2 -c -mcpu=v9.3 -mlittle-endian -mno-xl-soft-div -mno-xl-soft-mul -mxl-barrel-shift" "EXTRA_COMPILER_FLAGS=-g -ffunction-sections -fdata-sections"
Running Make include in microblaze_0/libsrc/intc_v3_0/src
make -C microblaze_0/libsrc/intc_v3_0/src -s include -e "SHELL=/bin/sh" "COMPILER=mb-gcc" "ARCHIVER=mb-ar" "COMPILER_FLAGS= -O2 -c -mcpu=v9.3 -mlittle-endian -mno-xl-soft-div -mno-xl-soft-mul -mxl-barrel-shift" "EXTRA_COMPILER_FLAGS=-g -ffunction-sections -fdata-sections"
Running Make include in microblaze_0/libsrc/standalone_v4_0/src
make -C microblaze_0/libsrc/standalone_v4_0/src -s include -e "SHELL=/bin/sh" "COMPILER=mb-gcc" "ARCHIVER=mb-ar" "COMPILER_FLAGS= -O2 -c -mcpu=v9.3 -mlittle-endian -mno-xl-soft-div -mno-xl-soft-mul -mxl-barrel-shift" "EXTRA_COMPILER_FLAGS=-g -ffunction-sections -fdata-sections"
make[2]: Entering directory `/home/derek/Documents/year_4/ECE532/git/ece352/designs/tetris_test2/tetris_test2.sdk/SDK/SDK_Export/tetris_bsp/microblaze_0/libsrc/standalone_v4_0/src/profile'
cp -rf profile.h mblaze_nt_types.h _profile_timer_hw.h ../../../../include
make[2]: Leaving directory `/home/derek/Documents/year_4/ECE532/git/ece352/designs/tetris_test2/tetris_test2.sdk/SDK/SDK_Export/tetris_bsp/microblaze_0/libsrc/standalone_v4_0/src/profile'
Running Make include in microblaze_0/libsrc/tft_v5_0/src
make -C microblaze_0/libsrc/tft_v5_0/src -s include -e "SHELL=/bin/sh" "COMPILER=mb-gcc" "ARCHIVER=mb-ar" "COMPILER_FLAGS= -O2 -c -mcpu=v9.3 -mlittle-endian -mno-xl-soft-div -mno-xl-soft-mul -mxl-barrel-shift" "EXTRA_COMPILER_FLAGS=-g -ffunction-sections -fdata-sections"
Running Make include in microblaze_0/libsrc/uartlite_v3_0/src
make -C microblaze_0/libsrc/uartlite_v3_0/src -s include -e "SHELL=/bin/sh" "COMPILER=mb-gcc" "ARCHIVER=mb-ar" "COMPILER_FLAGS= -O2 -c -mcpu=v9.3 -mlittle-endian -mno-xl-soft-div -mno-xl-soft-mul -mxl-barrel-shift" "EXTRA_COMPILER_FLAGS=-g -ffunction-sections -fdata-sections"
Running Make libs in microblaze_0/libsrc/bram_v4_0/src
make -C microblaze_0/libsrc/bram_v4_0/src -s libs -e "SHELL=/bin/sh" "COMPILER=mb-gcc" "ARCHIVER=mb-ar" "COMPILER_FLAGS= -O2 -c -mcpu=v9.3 -mlittle-endian -mno-xl-soft-div -mno-xl-soft-mul -mxl-barrel-shift" "EXTRA_COMPILER_FLAGS=-g -ffunction-sections -fdata-sections"
Compiling bram
make[2]: Entering directory `/home/derek/Documents/year_4/ECE532/git/ece352/designs/tetris_test2/tetris_test2.sdk/SDK/SDK_Export/tetris_bsp/microblaze_0/libsrc/bram_v4_0/src'
rm -rf *.o 
make[2]: Leaving directory `/home/derek/Documents/year_4/ECE532/git/ece352/designs/tetris_test2/tetris_test2.sdk/SDK/SDK_Export/tetris_bsp/microblaze_0/libsrc/bram_v4_0/src'
Running Make libs in microblaze_0/libsrc/cpu_v2_0/src
make -C microblaze_0/libsrc/cpu_v2_0/src -s libs -e "SHELL=/bin/sh" "COMPILER=mb-gcc" "ARCHIVER=mb-ar" "COMPILER_FLAGS= -O2 -c -mcpu=v9.3 -mlittle-endian -mno-xl-soft-div -mno-xl-soft-mul -mxl-barrel-shift" "EXTRA_COMPILER_FLAGS=-g -ffunction-sections -fdata-sections"
Compiling cpu
make[2]: Entering directory `/home/derek/Documents/year_4/ECE532/git/ece352/designs/tetris_test2/tetris_test2.sdk/SDK/SDK_Export/tetris_bsp/microblaze_0/libsrc/cpu_v2_0/src'
rm -rf *.o
make[2]: Leaving directory `/home/derek/Documents/year_4/ECE532/git/ece352/designs/tetris_test2/tetris_test2.sdk/SDK/SDK_Export/tetris_bsp/microblaze_0/libsrc/cpu_v2_0/src'
Running Make libs in microblaze_0/libsrc/intc_v3_0/src
make -C microblaze_0/libsrc/intc_v3_0/src -s libs -e "SHELL=/bin/sh" "COMPILER=mb-gcc" "ARCHIVER=mb-ar" "COMPILER_FLAGS= -O2 -c -mcpu=v9.3 -mlittle-endian -mno-xl-soft-div -mno-xl-soft-mul -mxl-barrel-shift" "EXTRA_COMPILER_FLAGS=-g -ffunction-sections -fdata-sections"
Compiling intc
make[2]: Entering directory `/home/derek/Documents/year_4/ECE532/git/ece352/designs/tetris_test2/tetris_test2.sdk/SDK/SDK_Export/tetris_bsp/microblaze_0/libsrc/intc_v3_0/src'
rm -rf *.o 
make[2]: Leaving directory `/home/derek/Documents/year_4/ECE532/git/ece352/designs/tetris_test2/tetris_test2.sdk/SDK/SDK_Export/tetris_bsp/microblaze_0/libsrc/intc_v3_0/src'
Running Make libs in microblaze_0/libsrc/standalone_v4_0/src
make -C microblaze_0/libsrc/standalone_v4_0/src -s libs -e "SHELL=/bin/sh" "COMPILER=mb-gcc" "ARCHIVER=mb-ar" "COMPILER_FLAGS= -O2 -c -mcpu=v9.3 -mlittle-endian -mno-xl-soft-div -mno-xl-soft-mul -mxl-barrel-shift" "EXTRA_COMPILER_FLAGS=-g -ffunction-sections -fdata-sections"
Compiling standalone
Running Make libs in microblaze_0/libsrc/tft_v5_0/src
make -C microblaze_0/libsrc/tft_v5_0/src -s libs -e "SHELL=/bin/sh" "COMPILER=mb-gcc" "ARCHIVER=mb-ar" "COMPILER_FLAGS= -O2 -c -mcpu=v9.3 -mlittle-endian -mno-xl-soft-div -mno-xl-soft-mul -mxl-barrel-shift" "EXTRA_COMPILER_FLAGS=-g -ffunction-sections -fdata-sections"
Compiling tft
make[2]: Entering directory `/home/derek/Documents/year_4/ECE532/git/ece352/designs/tetris_test2/tetris_test2.sdk/SDK/SDK_Export/tetris_bsp/microblaze_0/libsrc/tft_v5_0/src'
rm -rf *.o
make[2]: Leaving directory `/home/derek/Documents/year_4/ECE532/git/ece352/designs/tetris_test2/tetris_test2.sdk/SDK/SDK_Export/tetris_bsp/microblaze_0/libsrc/tft_v5_0/src'
Running Make libs in microblaze_0/libsrc/uartlite_v3_0/src
make -C microblaze_0/libsrc/uartlite_v3_0/src -s libs -e "SHELL=/bin/sh" "COMPILER=mb-gcc" "ARCHIVER=mb-ar" "COMPILER_FLAGS= -O2 -c -mcpu=v9.3 -mlittle-endian -mno-xl-soft-div -mno-xl-soft-mul -mxl-barrel-shift" "EXTRA_COMPILER_FLAGS=-g -ffunction-sections -fdata-sections"
Compiling uartlite
make[2]: Entering directory `/home/derek/Documents/year_4/ECE532/git/ece352/designs/tetris_test2/tetris_test2.sdk/SDK/SDK_Export/tetris_bsp/microblaze_0/libsrc/uartlite_v3_0/src'
rm -rf *.o 
make[2]: Leaving directory `/home/derek/Documents/year_4/ECE532/git/ece352/designs/tetris_test2/tetris_test2.sdk/SDK/SDK_Export/tetris_bsp/microblaze_0/libsrc/uartlite_v3_0/src'
Finished building libraries
16:42:47 **** Build of configuration Debug for project tetris ****
make all 
Building file: ../src/platform.c
Invoking: MicroBlaze gcc compiler
mb-gcc -Wall -O0 -g3 -c -fmessage-length=0 -I../../tetris_bsp/microblaze_0/include -mlittle-endian -mcpu=v9.3 -mxl-soft-mul -Wl,--no-relax -ffunction-sections -fdata-sections -MMD -MP -MF"src/platform.d" -MT"src/platform.d" -o "src/platform.o" "../src/platform.c"
Finished building: ../src/platform.c
 
Building file: ../src/tetris.c
Invoking: MicroBlaze gcc compiler
mb-gcc -Wall -O0 -g3 -c -fmessage-length=0 -I../../tetris_bsp/microblaze_0/include -mlittle-endian -mcpu=v9.3 -mxl-soft-mul -Wl,--no-relax -ffunction-sections -fdata-sections -MMD -MP -MF"src/tetris.d" -MT"src/tetris.d" -o "src/tetris.o" "../src/tetris.c"
../src/tetris.c: In function 'rotate':
../src/tetris.c:192:6: warning: unused variable 'success' [-Wunused-variable]
  int success = 1;
      ^
Finished building: ../src/tetris.c
 
Building file: ../src/vga.c
Invoking: MicroBlaze gcc compiler
mb-gcc -Wall -O0 -g3 -c -fmessage-length=0 -I../../tetris_bsp/microblaze_0/include -mlittle-endian -mcpu=v9.3 -mxl-soft-mul -Wl,--no-relax -ffunction-sections -fdata-sections -MMD -MP -MF"src/vga.d" -MT"src/vga.d" -o "src/vga.o" "../src/vga.c"
../src/vga.c: In function 'clear':
../src/vga.c:57:6: warning: unused variable 'size' [-Wunused-variable]
  int size = DISPLAY_HEIGHT / 20;
      ^
../src/vga.c: In function 'finish_drawing':
../src/vga.c:82:7: warning: assignment makes integer from pointer without a cast [enabled by default]
  *vga = vga_buf;
       ^
Finished building: ../src/vga.c
 
Building target: tetris.elf
Invoking: MicroBlaze gcc linker
mb-gcc -Wl,-T -Wl,../src/lscript.ld -L../../tetris_bsp/microblaze_0/lib -mlittle-endian -mcpu=v9.3 -mxl-soft-mul -Wl,--no-relax -Wl,--gc-sections -o "tetris.elf"  ./src/platform.o ./src/tetris.o ./src/vga.o   -Wl,--start-group,-lxil,-lgcc,-lc,--end-group
Finished building target: tetris.elf
 
Invoking: MicroBlaze Print Size
mb-size tetris.elf  |tee "tetris.elf.size"
   text	   data	    bss	    dec	    hex	filename
  14024	   1368	   2144	  17536	   4480	tetris.elf
Finished building: tetris.elf.size
 
16:50:18 **** Auto Build of project tetris_bsp ****
make -k all 
Running Make include in microblaze_0/libsrc/bram_v4_0/src
make -C microblaze_0/libsrc/bram_v4_0/src -s include -e "SHELL=/bin/sh" "COMPILER=mb-gcc" "ARCHIVER=mb-ar" "COMPILER_FLAGS= -O2 -c -mcpu=v9.3 -mlittle-endian -mno-xl-soft-div -mno-xl-soft-mul -mxl-barrel-shift" "EXTRA_COMPILER_FLAGS=-g -ffunction-sections -fdata-sections"
Running Make include in microblaze_0/libsrc/cpu_v2_0/src
make -C microblaze_0/libsrc/cpu_v2_0/src -s include -e "SHELL=/bin/sh" "COMPILER=mb-gcc" "ARCHIVER=mb-ar" "COMPILER_FLAGS= -O2 -c -mcpu=v9.3 -mlittle-endian -mno-xl-soft-div -mno-xl-soft-mul -mxl-barrel-shift" "EXTRA_COMPILER_FLAGS=-g -ffunction-sections -fdata-sections"
Running Make include in microblaze_0/libsrc/intc_v3_0/src
make -C microblaze_0/libsrc/intc_v3_0/src -s include -e "SHELL=/bin/sh" "COMPILER=mb-gcc" "ARCHIVER=mb-ar" "COMPILER_FLAGS= -O2 -c -mcpu=v9.3 -mlittle-endian -mno-xl-soft-div -mno-xl-soft-mul -mxl-barrel-shift" "EXTRA_COMPILER_FLAGS=-g -ffunction-sections -fdata-sections"
Running Make include in microblaze_0/libsrc/standalone_v4_0/src
make -C microblaze_0/libsrc/standalone_v4_0/src -s include -e "SHELL=/bin/sh" "COMPILER=mb-gcc" "ARCHIVER=mb-ar" "COMPILER_FLAGS= -O2 -c -mcpu=v9.3 -mlittle-endian -mno-xl-soft-div -mno-xl-soft-mul -mxl-barrel-shift" "EXTRA_COMPILER_FLAGS=-g -ffunction-sections -fdata-sections"
make[2]: Entering directory `/home/derek/Documents/year_4/ECE532/git/ece352/designs/tetris_test2/tetris_test2.sdk/SDK/SDK_Export/tetris_bsp/microblaze_0/libsrc/standalone_v4_0/src/profile'
cp -rf profile.h mblaze_nt_types.h _profile_timer_hw.h ../../../../include
make[2]: Leaving directory `/home/derek/Documents/year_4/ECE532/git/ece352/designs/tetris_test2/tetris_test2.sdk/SDK/SDK_Export/tetris_bsp/microblaze_0/libsrc/standalone_v4_0/src/profile'
Running Make include in microblaze_0/libsrc/tft_v5_0/src
make -C microblaze_0/libsrc/tft_v5_0/src -s include -e "SHELL=/bin/sh" "COMPILER=mb-gcc" "ARCHIVER=mb-ar" "COMPILER_FLAGS= -O2 -c -mcpu=v9.3 -mlittle-endian -mno-xl-soft-div -mno-xl-soft-mul -mxl-barrel-shift" "EXTRA_COMPILER_FLAGS=-g -ffunction-sections -fdata-sections"
Running Make include in microblaze_0/libsrc/uartlite_v3_0/src
make -C microblaze_0/libsrc/uartlite_v3_0/src -s include -e "SHELL=/bin/sh" "COMPILER=mb-gcc" "ARCHIVER=mb-ar" "COMPILER_FLAGS= -O2 -c -mcpu=v9.3 -mlittle-endian -mno-xl-soft-div -mno-xl-soft-mul -mxl-barrel-shift" "EXTRA_COMPILER_FLAGS=-g -ffunction-sections -fdata-sections"
Running Make libs in microblaze_0/libsrc/bram_v4_0/src
make -C microblaze_0/libsrc/bram_v4_0/src -s libs -e "SHELL=/bin/sh" "COMPILER=mb-gcc" "ARCHIVER=mb-ar" "COMPILER_FLAGS= -O2 -c -mcpu=v9.3 -mlittle-endian -mno-xl-soft-div -mno-xl-soft-mul -mxl-barrel-shift" "EXTRA_COMPILER_FLAGS=-g -ffunction-sections -fdata-sections"
Compiling bram
make[2]: Entering directory `/home/derek/Documents/year_4/ECE532/git/ece352/designs/tetris_test2/tetris_test2.sdk/SDK/SDK_Export/tetris_bsp/microblaze_0/libsrc/bram_v4_0/src'
rm -rf *.o 
make[2]: Leaving directory `/home/derek/Documents/year_4/ECE532/git/ece352/designs/tetris_test2/tetris_test2.sdk/SDK/SDK_Export/tetris_bsp/microblaze_0/libsrc/bram_v4_0/src'
Running Make libs in microblaze_0/libsrc/cpu_v2_0/src
make -C microblaze_0/libsrc/cpu_v2_0/src -s libs -e "SHELL=/bin/sh" "COMPILER=mb-gcc" "ARCHIVER=mb-ar" "COMPILER_FLAGS= -O2 -c -mcpu=v9.3 -mlittle-endian -mno-xl-soft-div -mno-xl-soft-mul -mxl-barrel-shift" "EXTRA_COMPILER_FLAGS=-g -ffunction-sections -fdata-sections"
Compiling cpu
make[2]: Entering directory `/home/derek/Documents/year_4/ECE532/git/ece352/designs/tetris_test2/tetris_test2.sdk/SDK/SDK_Export/tetris_bsp/microblaze_0/libsrc/cpu_v2_0/src'
rm -rf *.o
make[2]: Leaving directory `/home/derek/Documents/year_4/ECE532/git/ece352/designs/tetris_test2/tetris_test2.sdk/SDK/SDK_Export/tetris_bsp/microblaze_0/libsrc/cpu_v2_0/src'
Running Make libs in microblaze_0/libsrc/intc_v3_0/src
make -C microblaze_0/libsrc/intc_v3_0/src -s libs -e "SHELL=/bin/sh" "COMPILER=mb-gcc" "ARCHIVER=mb-ar" "COMPILER_FLAGS= -O2 -c -mcpu=v9.3 -mlittle-endian -mno-xl-soft-div -mno-xl-soft-mul -mxl-barrel-shift" "EXTRA_COMPILER_FLAGS=-g -ffunction-sections -fdata-sections"
Compiling intc
make[2]: Entering directory `/home/derek/Documents/year_4/ECE532/git/ece352/designs/tetris_test2/tetris_test2.sdk/SDK/SDK_Export/tetris_bsp/microblaze_0/libsrc/intc_v3_0/src'
rm -rf *.o 
make[2]: Leaving directory `/home/derek/Documents/year_4/ECE532/git/ece352/designs/tetris_test2/tetris_test2.sdk/SDK/SDK_Export/tetris_bsp/microblaze_0/libsrc/intc_v3_0/src'
Running Make libs in microblaze_0/libsrc/standalone_v4_0/src
make -C microblaze_0/libsrc/standalone_v4_0/src -s libs -e "SHELL=/bin/sh" "COMPILER=mb-gcc" "ARCHIVER=mb-ar" "COMPILER_FLAGS= -O2 -c -mcpu=v9.3 -mlittle-endian -mno-xl-soft-div -mno-xl-soft-mul -mxl-barrel-shift" "EXTRA_COMPILER_FLAGS=-g -ffunction-sections -fdata-sections"
Compiling standalone
Running Make libs in microblaze_0/libsrc/tft_v5_0/src
make -C microblaze_0/libsrc/tft_v5_0/src -s libs -e "SHELL=/bin/sh" "COMPILER=mb-gcc" "ARCHIVER=mb-ar" "COMPILER_FLAGS= -O2 -c -mcpu=v9.3 -mlittle-endian -mno-xl-soft-div -mno-xl-soft-mul -mxl-barrel-shift" "EXTRA_COMPILER_FLAGS=-g -ffunction-sections -fdata-sections"
Compiling tft
make[2]: Entering directory `/home/derek/Documents/year_4/ECE532/git/ece352/designs/tetris_test2/tetris_test2.sdk/SDK/SDK_Export/tetris_bsp/microblaze_0/libsrc/tft_v5_0/src'
rm -rf *.o
make[2]: Leaving directory `/home/derek/Documents/year_4/ECE532/git/ece352/designs/tetris_test2/tetris_test2.sdk/SDK/SDK_Export/tetris_bsp/microblaze_0/libsrc/tft_v5_0/src'
Running Make libs in microblaze_0/libsrc/uartlite_v3_0/src
make -C microblaze_0/libsrc/uartlite_v3_0/src -s libs -e "SHELL=/bin/sh" "COMPILER=mb-gcc" "ARCHIVER=mb-ar" "COMPILER_FLAGS= -O2 -c -mcpu=v9.3 -mlittle-endian -mno-xl-soft-div -mno-xl-soft-mul -mxl-barrel-shift" "EXTRA_COMPILER_FLAGS=-g -ffunction-sections -fdata-sections"
Compiling uartlite
make[2]: Entering directory `/home/derek/Documents/year_4/ECE532/git/ece352/designs/tetris_test2/tetris_test2.sdk/SDK/SDK_Export/tetris_bsp/microblaze_0/libsrc/uartlite_v3_0/src'
rm -rf *.o 
make[2]: Leaving directory `/home/derek/Documents/year_4/ECE532/git/ece352/designs/tetris_test2/tetris_test2.sdk/SDK/SDK_Export/tetris_bsp/microblaze_0/libsrc/uartlite_v3_0/src'
Finished building libraries
16:50:21 **** Auto Build of configuration Debug for project tetris ****
make all 
make: Nothing to be done for `all'.
16:50:23 **** Auto Build of project tetris_bsp ****
make -k all 
Running Make include in microblaze_0/libsrc/bram_v4_0/src
make -C microblaze_0/libsrc/bram_v4_0/src -s include -e "SHELL=/bin/sh" "COMPILER=mb-gcc" "ARCHIVER=mb-ar" "COMPILER_FLAGS= -O2 -c -mcpu=v9.3 -mlittle-endian -mno-xl-soft-div -mno-xl-soft-mul -mxl-barrel-shift" "EXTRA_COMPILER_FLAGS=-g -ffunction-sections -fdata-sections"
Running Make include in microblaze_0/libsrc/cpu_v2_0/src
make -C microblaze_0/libsrc/cpu_v2_0/src -s include -e "SHELL=/bin/sh" "COMPILER=mb-gcc" "ARCHIVER=mb-ar" "COMPILER_FLAGS= -O2 -c -mcpu=v9.3 -mlittle-endian -mno-xl-soft-div -mno-xl-soft-mul -mxl-barrel-shift" "EXTRA_COMPILER_FLAGS=-g -ffunction-sections -fdata-sections"
Running Make include in microblaze_0/libsrc/intc_v3_0/src
make -C microblaze_0/libsrc/intc_v3_0/src -s include -e "SHELL=/bin/sh" "COMPILER=mb-gcc" "ARCHIVER=mb-ar" "COMPILER_FLAGS= -O2 -c -mcpu=v9.3 -mlittle-endian -mno-xl-soft-div -mno-xl-soft-mul -mxl-barrel-shift" "EXTRA_COMPILER_FLAGS=-g -ffunction-sections -fdata-sections"
Running Make include in microblaze_0/libsrc/standalone_v4_0/src
make -C microblaze_0/libsrc/standalone_v4_0/src -s include -e "SHELL=/bin/sh" "COMPILER=mb-gcc" "ARCHIVER=mb-ar" "COMPILER_FLAGS= -O2 -c -mcpu=v9.3 -mlittle-endian -mno-xl-soft-div -mno-xl-soft-mul -mxl-barrel-shift" "EXTRA_COMPILER_FLAGS=-g -ffunction-sections -fdata-sections"
make[2]: Entering directory `/home/derek/Documents/year_4/ECE532/git/ece352/designs/tetris_test2/tetris_test2.sdk/SDK/SDK_Export/tetris_bsp/microblaze_0/libsrc/standalone_v4_0/src/profile'
cp -rf profile.h mblaze_nt_types.h _profile_timer_hw.h ../../../../include
make[2]: Leaving directory `/home/derek/Documents/year_4/ECE532/git/ece352/designs/tetris_test2/tetris_test2.sdk/SDK/SDK_Export/tetris_bsp/microblaze_0/libsrc/standalone_v4_0/src/profile'
Running Make include in microblaze_0/libsrc/tft_v5_0/src
make -C microblaze_0/libsrc/tft_v5_0/src -s include -e "SHELL=/bin/sh" "COMPILER=mb-gcc" "ARCHIVER=mb-ar" "COMPILER_FLAGS= -O2 -c -mcpu=v9.3 -mlittle-endian -mno-xl-soft-div -mno-xl-soft-mul -mxl-barrel-shift" "EXTRA_COMPILER_FLAGS=-g -ffunction-sections -fdata-sections"
Running Make include in microblaze_0/libsrc/uartlite_v3_0/src
make -C microblaze_0/libsrc/uartlite_v3_0/src -s include -e "SHELL=/bin/sh" "COMPILER=mb-gcc" "ARCHIVER=mb-ar" "COMPILER_FLAGS= -O2 -c -mcpu=v9.3 -mlittle-endian -mno-xl-soft-div -mno-xl-soft-mul -mxl-barrel-shift" "EXTRA_COMPILER_FLAGS=-g -ffunction-sections -fdata-sections"
Running Make libs in microblaze_0/libsrc/bram_v4_0/src
make -C microblaze_0/libsrc/bram_v4_0/src -s libs -e "SHELL=/bin/sh" "COMPILER=mb-gcc" "ARCHIVER=mb-ar" "COMPILER_FLAGS= -O2 -c -mcpu=v9.3 -mlittle-endian -mno-xl-soft-div -mno-xl-soft-mul -mxl-barrel-shift" "EXTRA_COMPILER_FLAGS=-g -ffunction-sections -fdata-sections"
Compiling bram
make[2]: Entering directory `/home/derek/Documents/year_4/ECE532/git/ece352/designs/tetris_test2/tetris_test2.sdk/SDK/SDK_Export/tetris_bsp/microblaze_0/libsrc/bram_v4_0/src'
rm -rf *.o 
make[2]: Leaving directory `/home/derek/Documents/year_4/ECE532/git/ece352/designs/tetris_test2/tetris_test2.sdk/SDK/SDK_Export/tetris_bsp/microblaze_0/libsrc/bram_v4_0/src'
Running Make libs in microblaze_0/libsrc/cpu_v2_0/src
make -C microblaze_0/libsrc/cpu_v2_0/src -s libs -e "SHELL=/bin/sh" "COMPILER=mb-gcc" "ARCHIVER=mb-ar" "COMPILER_FLAGS= -O2 -c -mcpu=v9.3 -mlittle-endian -mno-xl-soft-div -mno-xl-soft-mul -mxl-barrel-shift" "EXTRA_COMPILER_FLAGS=-g -ffunction-sections -fdata-sections"
Compiling cpu
make[2]: Entering directory `/home/derek/Documents/year_4/ECE532/git/ece352/designs/tetris_test2/tetris_test2.sdk/SDK/SDK_Export/tetris_bsp/microblaze_0/libsrc/cpu_v2_0/src'
rm -rf *.o
make[2]: Leaving directory `/home/derek/Documents/year_4/ECE532/git/ece352/designs/tetris_test2/tetris_test2.sdk/SDK/SDK_Export/tetris_bsp/microblaze_0/libsrc/cpu_v2_0/src'
Running Make libs in microblaze_0/libsrc/intc_v3_0/src
make -C microblaze_0/libsrc/intc_v3_0/src -s libs -e "SHELL=/bin/sh" "COMPILER=mb-gcc" "ARCHIVER=mb-ar" "COMPILER_FLAGS= -O2 -c -mcpu=v9.3 -mlittle-endian -mno-xl-soft-div -mno-xl-soft-mul -mxl-barrel-shift" "EXTRA_COMPILER_FLAGS=-g -ffunction-sections -fdata-sections"
Compiling intc
make[2]: Entering directory `/home/derek/Documents/year_4/ECE532/git/ece352/designs/tetris_test2/tetris_test2.sdk/SDK/SDK_Export/tetris_bsp/microblaze_0/libsrc/intc_v3_0/src'
rm -rf *.o 
make[2]: Leaving directory `/home/derek/Documents/year_4/ECE532/git/ece352/designs/tetris_test2/tetris_test2.sdk/SDK/SDK_Export/tetris_bsp/microblaze_0/libsrc/intc_v3_0/src'
Running Make libs in microblaze_0/libsrc/standalone_v4_0/src
make -C microblaze_0/libsrc/standalone_v4_0/src -s libs -e "SHELL=/bin/sh" "COMPILER=mb-gcc" "ARCHIVER=mb-ar" "COMPILER_FLAGS= -O2 -c -mcpu=v9.3 -mlittle-endian -mno-xl-soft-div -mno-xl-soft-mul -mxl-barrel-shift" "EXTRA_COMPILER_FLAGS=-g -ffunction-sections -fdata-sections"
Compiling standalone
Running Make libs in microblaze_0/libsrc/tft_v5_0/src
make -C microblaze_0/libsrc/tft_v5_0/src -s libs -e "SHELL=/bin/sh" "COMPILER=mb-gcc" "ARCHIVER=mb-ar" "COMPILER_FLAGS= -O2 -c -mcpu=v9.3 -mlittle-endian -mno-xl-soft-div -mno-xl-soft-mul -mxl-barrel-shift" "EXTRA_COMPILER_FLAGS=-g -ffunction-sections -fdata-sections"
Compiling tft
make[2]: Entering directory `/home/derek/Documents/year_4/ECE532/git/ece352/designs/tetris_test2/tetris_test2.sdk/SDK/SDK_Export/tetris_bsp/microblaze_0/libsrc/tft_v5_0/src'
rm -rf *.o
make[2]: Leaving directory `/home/derek/Documents/year_4/ECE532/git/ece352/designs/tetris_test2/tetris_test2.sdk/SDK/SDK_Export/tetris_bsp/microblaze_0/libsrc/tft_v5_0/src'
Running Make libs in microblaze_0/libsrc/uartlite_v3_0/src
make -C microblaze_0/libsrc/uartlite_v3_0/src -s libs -e "SHELL=/bin/sh" "COMPILER=mb-gcc" "ARCHIVER=mb-ar" "COMPILER_FLAGS= -O2 -c -mcpu=v9.3 -mlittle-endian -mno-xl-soft-div -mno-xl-soft-mul -mxl-barrel-shift" "EXTRA_COMPILER_FLAGS=-g -ffunction-sections -fdata-sections"
Compiling uartlite
make[2]: Entering directory `/home/derek/Documents/year_4/ECE532/git/ece352/designs/tetris_test2/tetris_test2.sdk/SDK/SDK_Export/tetris_bsp/microblaze_0/libsrc/uartlite_v3_0/src'
rm -rf *.o 
make[2]: Leaving directory `/home/derek/Documents/year_4/ECE532/git/ece352/designs/tetris_test2/tetris_test2.sdk/SDK/SDK_Export/tetris_bsp/microblaze_0/libsrc/uartlite_v3_0/src'
Finished building libraries
16:50:28 **** Auto Build of configuration Debug for project tetris ****
make all 
make: Nothing to be done for `all'.
16:50:32 **** Clean-only build of project tetris_bsp ****
make -k clean 
rm -f microblaze_0/lib/libxil.a
16:50:32 **** Clean-only build of configuration Debug for project tetris ****
make clean 
rm -rf  ./src/platform.o ./src/tetris.o ./src/vga.o  ./src/platform.d ./src/tetris.d ./src/vga.d  tetris.elf.size  tetris.elf
 
16:50:32 **** Build of project tetris_bsp ****
make -k all 
cp -f microblaze_0/lib/libxil_init.a microblaze_0/lib/libxil.a
Running Make include in microblaze_0/libsrc/bram_v4_0/src
make -C microblaze_0/libsrc/bram_v4_0/src -s include -e "SHELL=/bin/sh" "COMPILER=mb-gcc" "ARCHIVER=mb-ar" "COMPILER_FLAGS= -O2 -c -mcpu=v9.3 -mlittle-endian -mno-xl-soft-div -mno-xl-soft-mul -mxl-barrel-shift" "EXTRA_COMPILER_FLAGS=-g -ffunction-sections -fdata-sections"
Running Make include in microblaze_0/libsrc/cpu_v2_0/src
make -C microblaze_0/libsrc/cpu_v2_0/src -s include -e "SHELL=/bin/sh" "COMPILER=mb-gcc" "ARCHIVER=mb-ar" "COMPILER_FLAGS= -O2 -c -mcpu=v9.3 -mlittle-endian -mno-xl-soft-div -mno-xl-soft-mul -mxl-barrel-shift" "EXTRA_COMPILER_FLAGS=-g -ffunction-sections -fdata-sections"
Running Make include in microblaze_0/libsrc/intc_v3_0/src
make -C microblaze_0/libsrc/intc_v3_0/src -s include -e "SHELL=/bin/sh" "COMPILER=mb-gcc" "ARCHIVER=mb-ar" "COMPILER_FLAGS= -O2 -c -mcpu=v9.3 -mlittle-endian -mno-xl-soft-div -mno-xl-soft-mul -mxl-barrel-shift" "EXTRA_COMPILER_FLAGS=-g -ffunction-sections -fdata-sections"
Running Make include in microblaze_0/libsrc/standalone_v4_0/src
make -C microblaze_0/libsrc/standalone_v4_0/src -s include -e "SHELL=/bin/sh" "COMPILER=mb-gcc" "ARCHIVER=mb-ar" "COMPILER_FLAGS= -O2 -c -mcpu=v9.3 -mlittle-endian -mno-xl-soft-div -mno-xl-soft-mul -mxl-barrel-shift" "EXTRA_COMPILER_FLAGS=-g -ffunction-sections -fdata-sections"
make[2]: Entering directory `/home/derek/Documents/year_4/ECE532/git/ece352/designs/tetris_test2/tetris_test2.sdk/SDK/SDK_Export/tetris_bsp/microblaze_0/libsrc/standalone_v4_0/src/profile'
cp -rf profile.h mblaze_nt_types.h _profile_timer_hw.h ../../../../include
make[2]: Leaving directory `/home/derek/Documents/year_4/ECE532/git/ece352/designs/tetris_test2/tetris_test2.sdk/SDK/SDK_Export/tetris_bsp/microblaze_0/libsrc/standalone_v4_0/src/profile'
Running Make include in microblaze_0/libsrc/tft_v5_0/src
make -C microblaze_0/libsrc/tft_v5_0/src -s include -e "SHELL=/bin/sh" "COMPILER=mb-gcc" "ARCHIVER=mb-ar" "COMPILER_FLAGS= -O2 -c -mcpu=v9.3 -mlittle-endian -mno-xl-soft-div -mno-xl-soft-mul -mxl-barrel-shift" "EXTRA_COMPILER_FLAGS=-g -ffunction-sections -fdata-sections"
Running Make include in microblaze_0/libsrc/uartlite_v3_0/src
make -C microblaze_0/libsrc/uartlite_v3_0/src -s include -e "SHELL=/bin/sh" "COMPILER=mb-gcc" "ARCHIVER=mb-ar" "COMPILER_FLAGS= -O2 -c -mcpu=v9.3 -mlittle-endian -mno-xl-soft-div -mno-xl-soft-mul -mxl-barrel-shift" "EXTRA_COMPILER_FLAGS=-g -ffunction-sections -fdata-sections"
Running Make libs in microblaze_0/libsrc/bram_v4_0/src
make -C microblaze_0/libsrc/bram_v4_0/src -s libs -e "SHELL=/bin/sh" "COMPILER=mb-gcc" "ARCHIVER=mb-ar" "COMPILER_FLAGS= -O2 -c -mcpu=v9.3 -mlittle-endian -mno-xl-soft-div -mno-xl-soft-mul -mxl-barrel-shift" "EXTRA_COMPILER_FLAGS=-g -ffunction-sections -fdata-sections"
Compiling bram
make[2]: Entering directory `/home/derek/Documents/year_4/ECE532/git/ece352/designs/tetris_test2/tetris_test2.sdk/SDK/SDK_Export/tetris_bsp/microblaze_0/libsrc/bram_v4_0/src'
rm -rf *.o 
make[2]: Leaving directory `/home/derek/Documents/year_4/ECE532/git/ece352/designs/tetris_test2/tetris_test2.sdk/SDK/SDK_Export/tetris_bsp/microblaze_0/libsrc/bram_v4_0/src'
Running Make libs in microblaze_0/libsrc/cpu_v2_0/src
make -C microblaze_0/libsrc/cpu_v2_0/src -s libs -e "SHELL=/bin/sh" "COMPILER=mb-gcc" "ARCHIVER=mb-ar" "COMPILER_FLAGS= -O2 -c -mcpu=v9.3 -mlittle-endian -mno-xl-soft-div -mno-xl-soft-mul -mxl-barrel-shift" "EXTRA_COMPILER_FLAGS=-g -ffunction-sections -fdata-sections"
Compiling cpu
make[2]: Entering directory `/home/derek/Documents/year_4/ECE532/git/ece352/designs/tetris_test2/tetris_test2.sdk/SDK/SDK_Export/tetris_bsp/microblaze_0/libsrc/cpu_v2_0/src'
rm -rf *.o
make[2]: Leaving directory `/home/derek/Documents/year_4/ECE532/git/ece352/designs/tetris_test2/tetris_test2.sdk/SDK/SDK_Export/tetris_bsp/microblaze_0/libsrc/cpu_v2_0/src'
Running Make libs in microblaze_0/libsrc/intc_v3_0/src
make -C microblaze_0/libsrc/intc_v3_0/src -s libs -e "SHELL=/bin/sh" "COMPILER=mb-gcc" "ARCHIVER=mb-ar" "COMPILER_FLAGS= -O2 -c -mcpu=v9.3 -mlittle-endian -mno-xl-soft-div -mno-xl-soft-mul -mxl-barrel-shift" "EXTRA_COMPILER_FLAGS=-g -ffunction-sections -fdata-sections"
Compiling intc
make[2]: Entering directory `/home/derek/Documents/year_4/ECE532/git/ece352/designs/tetris_test2/tetris_test2.sdk/SDK/SDK_Export/tetris_bsp/microblaze_0/libsrc/intc_v3_0/src'
rm -rf *.o 
make[2]: Leaving directory `/home/derek/Documents/year_4/ECE532/git/ece352/designs/tetris_test2/tetris_test2.sdk/SDK/SDK_Export/tetris_bsp/microblaze_0/libsrc/intc_v3_0/src'
Running Make libs in microblaze_0/libsrc/standalone_v4_0/src
make -C microblaze_0/libsrc/standalone_v4_0/src -s libs -e "SHELL=/bin/sh" "COMPILER=mb-gcc" "ARCHIVER=mb-ar" "COMPILER_FLAGS= -O2 -c -mcpu=v9.3 -mlittle-endian -mno-xl-soft-div -mno-xl-soft-mul -mxl-barrel-shift" "EXTRA_COMPILER_FLAGS=-g -ffunction-sections -fdata-sections"
Compiling standalone
Running Make libs in microblaze_0/libsrc/tft_v5_0/src
make -C microblaze_0/libsrc/tft_v5_0/src -s libs -e "SHELL=/bin/sh" "COMPILER=mb-gcc" "ARCHIVER=mb-ar" "COMPILER_FLAGS= -O2 -c -mcpu=v9.3 -mlittle-endian -mno-xl-soft-div -mno-xl-soft-mul -mxl-barrel-shift" "EXTRA_COMPILER_FLAGS=-g -ffunction-sections -fdata-sections"
Compiling tft
make[2]: Entering directory `/home/derek/Documents/year_4/ECE532/git/ece352/designs/tetris_test2/tetris_test2.sdk/SDK/SDK_Export/tetris_bsp/microblaze_0/libsrc/tft_v5_0/src'
rm -rf *.o
make[2]: Leaving directory `/home/derek/Documents/year_4/ECE532/git/ece352/designs/tetris_test2/tetris_test2.sdk/SDK/SDK_Export/tetris_bsp/microblaze_0/libsrc/tft_v5_0/src'
Running Make libs in microblaze_0/libsrc/uartlite_v3_0/src
make -C microblaze_0/libsrc/uartlite_v3_0/src -s libs -e "SHELL=/bin/sh" "COMPILER=mb-gcc" "ARCHIVER=mb-ar" "COMPILER_FLAGS= -O2 -c -mcpu=v9.3 -mlittle-endian -mno-xl-soft-div -mno-xl-soft-mul -mxl-barrel-shift" "EXTRA_COMPILER_FLAGS=-g -ffunction-sections -fdata-sections"
Compiling uartlite
make[2]: Entering directory `/home/derek/Documents/year_4/ECE532/git/ece352/designs/tetris_test2/tetris_test2.sdk/SDK/SDK_Export/tetris_bsp/microblaze_0/libsrc/uartlite_v3_0/src'
rm -rf *.o 
make[2]: Leaving directory `/home/derek/Documents/year_4/ECE532/git/ece352/designs/tetris_test2/tetris_test2.sdk/SDK/SDK_Export/tetris_bsp/microblaze_0/libsrc/uartlite_v3_0/src'
Finished building libraries
16:50:36 **** Clean-only build of configuration Debug for project tetris ****
make clean 
rm -rf  ./src/platform.o ./src/tetris.o ./src/vga.o  ./src/platform.d ./src/tetris.d ./src/vga.d  tetris.elf.size  tetris.elf
 
16:50:36 **** Build of configuration Debug for project tetris ****
make all 
Building file: ../src/platform.c
Invoking: MicroBlaze gcc compiler
mb-gcc -Wall -O0 -g3 -c -fmessage-length=0 -I../../tetris_bsp/microblaze_0/include -mlittle-endian -mxl-barrel-shift -mno-xl-soft-div -mcpu=v9.3 -mno-xl-soft-mul -Wl,--no-relax -ffunction-sections -fdata-sections -MMD -MP -MF"src/platform.d" -MT"src/platform.d" -o "src/platform.o" "../src/platform.c"
Finished building: ../src/platform.c
 
Building file: ../src/tetris.c
Invoking: MicroBlaze gcc compiler
mb-gcc -Wall -O0 -g3 -c -fmessage-length=0 -I../../tetris_bsp/microblaze_0/include -mlittle-endian -mxl-barrel-shift -mno-xl-soft-div -mcpu=v9.3 -mno-xl-soft-mul -Wl,--no-relax -ffunction-sections -fdata-sections -MMD -MP -MF"src/tetris.d" -MT"src/tetris.d" -o "src/tetris.o" "../src/tetris.c"
../src/tetris.c: In function 'rotate':
../src/tetris.c:192:6: warning: unused variable 'success' [-Wunused-variable]
  int success = 1;
      ^
Finished building: ../src/tetris.c
 
Building file: ../src/vga.c
Invoking: MicroBlaze gcc compiler
mb-gcc -Wall -O0 -g3 -c -fmessage-length=0 -I../../tetris_bsp/microblaze_0/include -mlittle-endian -mxl-barrel-shift -mno-xl-soft-div -mcpu=v9.3 -mno-xl-soft-mul -Wl,--no-relax -ffunction-sections -fdata-sections -MMD -MP -MF"src/vga.d" -MT"src/vga.d" -o "src/vga.o" "../src/vga.c"
../src/vga.c: In function 'clear':
../src/vga.c:57:6: warning: unused variable 'size' [-Wunused-variable]
  int size = DISPLAY_HEIGHT / 20;
      ^
../src/vga.c: In function 'finish_drawing':
../src/vga.c:82:7: warning: assignment makes integer from pointer without a cast [enabled by default]
  *vga = vga_buf;
       ^
Finished building: ../src/vga.c
 
Building target: tetris.elf
Invoking: MicroBlaze gcc linker
mb-gcc -Wl,-T -Wl,../src/lscript.ld -L../../tetris_bsp/microblaze_0/lib -mlittle-endian -mxl-barrel-shift -mno-xl-soft-div -mcpu=v9.3 -mno-xl-soft-mul -Wl,--no-relax -Wl,--gc-sections -o "tetris.elf"  ./src/platform.o ./src/tetris.o ./src/vga.o   -Wl,--start-group,-lxil,-lgcc,-lc,--end-group
Finished building target: tetris.elf
 
Invoking: MicroBlaze Print Size
mb-size tetris.elf  |tee "tetris.elf.size"
   text	   data	    bss	    dec	    hex	filename
  12700	   1368	   2148	  16216	   3f58	tetris.elf
Finished building: tetris.elf.size
 
16:51:32 **** Auto Build of project tetris_bsp ****
make -k all 
Running Make include in microblaze_0/libsrc/bram_v4_0/src
make -C microblaze_0/libsrc/bram_v4_0/src -s include -e "SHELL=/bin/sh" "COMPILER=mb-gcc" "ARCHIVER=mb-ar" "COMPILER_FLAGS= -O2 -c -mcpu=v9.3 -mlittle-endian -mno-xl-soft-div -mno-xl-soft-mul -mxl-barrel-shift" "EXTRA_COMPILER_FLAGS=-g -ffunction-sections -fdata-sections"
Running Make include in microblaze_0/libsrc/cpu_v2_0/src
make -C microblaze_0/libsrc/cpu_v2_0/src -s include -e "SHELL=/bin/sh" "COMPILER=mb-gcc" "ARCHIVER=mb-ar" "COMPILER_FLAGS= -O2 -c -mcpu=v9.3 -mlittle-endian -mno-xl-soft-div -mno-xl-soft-mul -mxl-barrel-shift" "EXTRA_COMPILER_FLAGS=-g -ffunction-sections -fdata-sections"
Running Make include in microblaze_0/libsrc/intc_v3_0/src
make -C microblaze_0/libsrc/intc_v3_0/src -s include -e "SHELL=/bin/sh" "COMPILER=mb-gcc" "ARCHIVER=mb-ar" "COMPILER_FLAGS= -O2 -c -mcpu=v9.3 -mlittle-endian -mno-xl-soft-div -mno-xl-soft-mul -mxl-barrel-shift" "EXTRA_COMPILER_FLAGS=-g -ffunction-sections -fdata-sections"
Running Make include in microblaze_0/libsrc/standalone_v4_0/src
make -C microblaze_0/libsrc/standalone_v4_0/src -s include -e "SHELL=/bin/sh" "COMPILER=mb-gcc" "ARCHIVER=mb-ar" "COMPILER_FLAGS= -O2 -c -mcpu=v9.3 -mlittle-endian -mno-xl-soft-div -mno-xl-soft-mul -mxl-barrel-shift" "EXTRA_COMPILER_FLAGS=-g -ffunction-sections -fdata-sections"
make[2]: Entering directory `/home/derek/Documents/year_4/ECE532/git/ece352/designs/tetris_test2/tetris_test2.sdk/SDK/SDK_Export/tetris_bsp/microblaze_0/libsrc/standalone_v4_0/src/profile'
cp -rf profile.h mblaze_nt_types.h _profile_timer_hw.h ../../../../include
make[2]: Leaving directory `/home/derek/Documents/year_4/ECE532/git/ece352/designs/tetris_test2/tetris_test2.sdk/SDK/SDK_Export/tetris_bsp/microblaze_0/libsrc/standalone_v4_0/src/profile'
Running Make include in microblaze_0/libsrc/tft_v5_0/src
make -C microblaze_0/libsrc/tft_v5_0/src -s include -e "SHELL=/bin/sh" "COMPILER=mb-gcc" "ARCHIVER=mb-ar" "COMPILER_FLAGS= -O2 -c -mcpu=v9.3 -mlittle-endian -mno-xl-soft-div -mno-xl-soft-mul -mxl-barrel-shift" "EXTRA_COMPILER_FLAGS=-g -ffunction-sections -fdata-sections"
Running Make include in microblaze_0/libsrc/uartlite_v3_0/src
make -C microblaze_0/libsrc/uartlite_v3_0/src -s include -e "SHELL=/bin/sh" "COMPILER=mb-gcc" "ARCHIVER=mb-ar" "COMPILER_FLAGS= -O2 -c -mcpu=v9.3 -mlittle-endian -mno-xl-soft-div -mno-xl-soft-mul -mxl-barrel-shift" "EXTRA_COMPILER_FLAGS=-g -ffunction-sections -fdata-sections"
Running Make libs in microblaze_0/libsrc/bram_v4_0/src
make -C microblaze_0/libsrc/bram_v4_0/src -s libs -e "SHELL=/bin/sh" "COMPILER=mb-gcc" "ARCHIVER=mb-ar" "COMPILER_FLAGS= -O2 -c -mcpu=v9.3 -mlittle-endian -mno-xl-soft-div -mno-xl-soft-mul -mxl-barrel-shift" "EXTRA_COMPILER_FLAGS=-g -ffunction-sections -fdata-sections"
Compiling bram
make[2]: Entering directory `/home/derek/Documents/year_4/ECE532/git/ece352/designs/tetris_test2/tetris_test2.sdk/SDK/SDK_Export/tetris_bsp/microblaze_0/libsrc/bram_v4_0/src'
rm -rf *.o 
make[2]: Leaving directory `/home/derek/Documents/year_4/ECE532/git/ece352/designs/tetris_test2/tetris_test2.sdk/SDK/SDK_Export/tetris_bsp/microblaze_0/libsrc/bram_v4_0/src'
Running Make libs in microblaze_0/libsrc/cpu_v2_0/src
make -C microblaze_0/libsrc/cpu_v2_0/src -s libs -e "SHELL=/bin/sh" "COMPILER=mb-gcc" "ARCHIVER=mb-ar" "COMPILER_FLAGS= -O2 -c -mcpu=v9.3 -mlittle-endian -mno-xl-soft-div -mno-xl-soft-mul -mxl-barrel-shift" "EXTRA_COMPILER_FLAGS=-g -ffunction-sections -fdata-sections"
Compiling cpu
make[2]: Entering directory `/home/derek/Documents/year_4/ECE532/git/ece352/designs/tetris_test2/tetris_test2.sdk/SDK/SDK_Export/tetris_bsp/microblaze_0/libsrc/cpu_v2_0/src'
rm -rf *.o
make[2]: Leaving directory `/home/derek/Documents/year_4/ECE532/git/ece352/designs/tetris_test2/tetris_test2.sdk/SDK/SDK_Export/tetris_bsp/microblaze_0/libsrc/cpu_v2_0/src'
Running Make libs in microblaze_0/libsrc/intc_v3_0/src
make -C microblaze_0/libsrc/intc_v3_0/src -s libs -e "SHELL=/bin/sh" "COMPILER=mb-gcc" "ARCHIVER=mb-ar" "COMPILER_FLAGS= -O2 -c -mcpu=v9.3 -mlittle-endian -mno-xl-soft-div -mno-xl-soft-mul -mxl-barrel-shift" "EXTRA_COMPILER_FLAGS=-g -ffunction-sections -fdata-sections"
Compiling intc
make[2]: Entering directory `/home/derek/Documents/year_4/ECE532/git/ece352/designs/tetris_test2/tetris_test2.sdk/SDK/SDK_Export/tetris_bsp/microblaze_0/libsrc/intc_v3_0/src'
rm -rf *.o 
make[2]: Leaving directory `/home/derek/Documents/year_4/ECE532/git/ece352/designs/tetris_test2/tetris_test2.sdk/SDK/SDK_Export/tetris_bsp/microblaze_0/libsrc/intc_v3_0/src'
Running Make libs in microblaze_0/libsrc/standalone_v4_0/src
make -C microblaze_0/libsrc/standalone_v4_0/src -s libs -e "SHELL=/bin/sh" "COMPILER=mb-gcc" "ARCHIVER=mb-ar" "COMPILER_FLAGS= -O2 -c -mcpu=v9.3 -mlittle-endian -mno-xl-soft-div -mno-xl-soft-mul -mxl-barrel-shift" "EXTRA_COMPILER_FLAGS=-g -ffunction-sections -fdata-sections"
Compiling standalone
Running Make libs in microblaze_0/libsrc/tft_v5_0/src
make -C microblaze_0/libsrc/tft_v5_0/src -s libs -e "SHELL=/bin/sh" "COMPILER=mb-gcc" "ARCHIVER=mb-ar" "COMPILER_FLAGS= -O2 -c -mcpu=v9.3 -mlittle-endian -mno-xl-soft-div -mno-xl-soft-mul -mxl-barrel-shift" "EXTRA_COMPILER_FLAGS=-g -ffunction-sections -fdata-sections"
Compiling tft
make[2]: Entering directory `/home/derek/Documents/year_4/ECE532/git/ece352/designs/tetris_test2/tetris_test2.sdk/SDK/SDK_Export/tetris_bsp/microblaze_0/libsrc/tft_v5_0/src'
rm -rf *.o
make[2]: Leaving directory `/home/derek/Documents/year_4/ECE532/git/ece352/designs/tetris_test2/tetris_test2.sdk/SDK/SDK_Export/tetris_bsp/microblaze_0/libsrc/tft_v5_0/src'
Running Make libs in microblaze_0/libsrc/uartlite_v3_0/src
make -C microblaze_0/libsrc/uartlite_v3_0/src -s libs -e "SHELL=/bin/sh" "COMPILER=mb-gcc" "ARCHIVER=mb-ar" "COMPILER_FLAGS= -O2 -c -mcpu=v9.3 -mlittle-endian -mno-xl-soft-div -mno-xl-soft-mul -mxl-barrel-shift" "EXTRA_COMPILER_FLAGS=-g -ffunction-sections -fdata-sections"
Compiling uartlite
make[2]: Entering directory `/home/derek/Documents/year_4/ECE532/git/ece352/designs/tetris_test2/tetris_test2.sdk/SDK/SDK_Export/tetris_bsp/microblaze_0/libsrc/uartlite_v3_0/src'
rm -rf *.o 
make[2]: Leaving directory `/home/derek/Documents/year_4/ECE532/git/ece352/designs/tetris_test2/tetris_test2.sdk/SDK/SDK_Export/tetris_bsp/microblaze_0/libsrc/uartlite_v3_0/src'
Finished building libraries
16:51:36 **** Auto Build of configuration Debug for project tetris ****
make all 
make: Nothing to be done for `all'.
17:29:59 **** Incremental Build of configuration Debug for project tetris ****
make all 
make: Nothing to be done for `all'.
17:30:44 **** Auto Build of project tetris_bsp ****
make -k all 
Running Make include in microblaze_0/libsrc/bram_v4_0/src
make -C microblaze_0/libsrc/bram_v4_0/src -s include -e "SHELL=/bin/sh" "COMPILER=mb-gcc" "ARCHIVER=mb-ar" "COMPILER_FLAGS= -O2 -c -pg -mcpu=v9.3 -mlittle-endian -mno-xl-soft-div -mno-xl-soft-mul -mxl-barrel-shift" "EXTRA_COMPILER_FLAGS=-g -ffunction-sections -fdata-sections"
Running Make include in microblaze_0/libsrc/cpu_v2_0/src
make -C microblaze_0/libsrc/cpu_v2_0/src -s include -e "SHELL=/bin/sh" "COMPILER=mb-gcc" "ARCHIVER=mb-ar" "COMPILER_FLAGS= -O2 -c -pg -mcpu=v9.3 -mlittle-endian -mno-xl-soft-div -mno-xl-soft-mul -mxl-barrel-shift" "EXTRA_COMPILER_FLAGS=-g -ffunction-sections -fdata-sections"
Running Make include in microblaze_0/libsrc/intc_v3_0/src
make -C microblaze_0/libsrc/intc_v3_0/src -s include -e "SHELL=/bin/sh" "COMPILER=mb-gcc" "ARCHIVER=mb-ar" "COMPILER_FLAGS= -O2 -c -pg -mcpu=v9.3 -mlittle-endian -mno-xl-soft-div -mno-xl-soft-mul -mxl-barrel-shift" "EXTRA_COMPILER_FLAGS=-g -ffunction-sections -fdata-sections"
Running Make include in microblaze_0/libsrc/standalone_v4_0/src
make -C microblaze_0/libsrc/standalone_v4_0/src -s include -e "SHELL=/bin/sh" "COMPILER=mb-gcc" "ARCHIVER=mb-ar" "COMPILER_FLAGS= -O2 -c -pg -mcpu=v9.3 -mlittle-endian -mno-xl-soft-div -mno-xl-soft-mul -mxl-barrel-shift" "EXTRA_COMPILER_FLAGS=-g -ffunction-sections -fdata-sections"
make[2]: Entering directory `/home/derek/Documents/year_4/ECE532/git/ece352/designs/tetris_test2/tetris_test2.sdk/SDK/SDK_Export/tetris_bsp/microblaze_0/libsrc/standalone_v4_0/src/profile'
cp -rf profile.h mblaze_nt_types.h _profile_timer_hw.h ../../../../include
make[2]: Leaving directory `/home/derek/Documents/year_4/ECE532/git/ece352/designs/tetris_test2/tetris_test2.sdk/SDK/SDK_Export/tetris_bsp/microblaze_0/libsrc/standalone_v4_0/src/profile'
Running Make include in microblaze_0/libsrc/tft_v5_0/src
make -C microblaze_0/libsrc/tft_v5_0/src -s include -e "SHELL=/bin/sh" "COMPILER=mb-gcc" "ARCHIVER=mb-ar" "COMPILER_FLAGS= -O2 -c -pg -mcpu=v9.3 -mlittle-endian -mno-xl-soft-div -mno-xl-soft-mul -mxl-barrel-shift" "EXTRA_COMPILER_FLAGS=-g -ffunction-sections -fdata-sections"
Running Make include in microblaze_0/libsrc/uartlite_v3_0/src
make -C microblaze_0/libsrc/uartlite_v3_0/src -s include -e "SHELL=/bin/sh" "COMPILER=mb-gcc" "ARCHIVER=mb-ar" "COMPILER_FLAGS= -O2 -c -pg -mcpu=v9.3 -mlittle-endian -mno-xl-soft-div -mno-xl-soft-mul -mxl-barrel-shift" "EXTRA_COMPILER_FLAGS=-g -ffunction-sections -fdata-sections"
Running Make libs in microblaze_0/libsrc/bram_v4_0/src
make -C microblaze_0/libsrc/bram_v4_0/src -s libs -e "SHELL=/bin/sh" "COMPILER=mb-gcc" "ARCHIVER=mb-ar" "COMPILER_FLAGS= -O2 -c -pg -mcpu=v9.3 -mlittle-endian -mno-xl-soft-div -mno-xl-soft-mul -mxl-barrel-shift" "EXTRA_COMPILER_FLAGS=-g -ffunction-sections -fdata-sections"
Compiling bram
make[2]: Entering directory `/home/derek/Documents/year_4/ECE532/git/ece352/designs/tetris_test2/tetris_test2.sdk/SDK/SDK_Export/tetris_bsp/microblaze_0/libsrc/bram_v4_0/src'
rm -rf *.o 
make[2]: Leaving directory `/home/derek/Documents/year_4/ECE532/git/ece352/designs/tetris_test2/tetris_test2.sdk/SDK/SDK_Export/tetris_bsp/microblaze_0/libsrc/bram_v4_0/src'
Running Make libs in microblaze_0/libsrc/cpu_v2_0/src
make -C microblaze_0/libsrc/cpu_v2_0/src -s libs -e "SHELL=/bin/sh" "COMPILER=mb-gcc" "ARCHIVER=mb-ar" "COMPILER_FLAGS= -O2 -c -pg -mcpu=v9.3 -mlittle-endian -mno-xl-soft-div -mno-xl-soft-mul -mxl-barrel-shift" "EXTRA_COMPILER_FLAGS=-g -ffunction-sections -fdata-sections"
Compiling cpu
make[2]: Entering directory `/home/derek/Documents/year_4/ECE532/git/ece352/designs/tetris_test2/tetris_test2.sdk/SDK/SDK_Export/tetris_bsp/microblaze_0/libsrc/cpu_v2_0/src'
rm -rf *.o
make[2]: Leaving directory `/home/derek/Documents/year_4/ECE532/git/ece352/designs/tetris_test2/tetris_test2.sdk/SDK/SDK_Export/tetris_bsp/microblaze_0/libsrc/cpu_v2_0/src'
Running Make libs in microblaze_0/libsrc/intc_v3_0/src
make -C microblaze_0/libsrc/intc_v3_0/src -s libs -e "SHELL=/bin/sh" "COMPILER=mb-gcc" "ARCHIVER=mb-ar" "COMPILER_FLAGS= -O2 -c -pg -mcpu=v9.3 -mlittle-endian -mno-xl-soft-div -mno-xl-soft-mul -mxl-barrel-shift" "EXTRA_COMPILER_FLAGS=-g -ffunction-sections -fdata-sections"
Compiling intc
make[2]: Entering directory `/home/derek/Documents/year_4/ECE532/git/ece352/designs/tetris_test2/tetris_test2.sdk/SDK/SDK_Export/tetris_bsp/microblaze_0/libsrc/intc_v3_0/src'
rm -rf *.o 
make[2]: Leaving directory `/home/derek/Documents/year_4/ECE532/git/ece352/designs/tetris_test2/tetris_test2.sdk/SDK/SDK_Export/tetris_bsp/microblaze_0/libsrc/intc_v3_0/src'
Running Make libs in microblaze_0/libsrc/standalone_v4_0/src
make -C microblaze_0/libsrc/standalone_v4_0/src -s libs -e "SHELL=/bin/sh" "COMPILER=mb-gcc" "ARCHIVER=mb-ar" "COMPILER_FLAGS= -O2 -c -pg -mcpu=v9.3 -mlittle-endian -mno-xl-soft-div -mno-xl-soft-mul -mxl-barrel-shift" "EXTRA_COMPILER_FLAGS=-g -ffunction-sections -fdata-sections"
Compiling standalone
Running Make libs in microblaze_0/libsrc/tft_v5_0/src
make -C microblaze_0/libsrc/tft_v5_0/src -s libs -e "SHELL=/bin/sh" "COMPILER=mb-gcc" "ARCHIVER=mb-ar" "COMPILER_FLAGS= -O2 -c -pg -mcpu=v9.3 -mlittle-endian -mno-xl-soft-div -mno-xl-soft-mul -mxl-barrel-shift" "EXTRA_COMPILER_FLAGS=-g -ffunction-sections -fdata-sections"
Compiling tft
make[2]: Entering directory `/home/derek/Documents/year_4/ECE532/git/ece352/designs/tetris_test2/tetris_test2.sdk/SDK/SDK_Export/tetris_bsp/microblaze_0/libsrc/tft_v5_0/src'
rm -rf *.o
make[2]: Leaving directory `/home/derek/Documents/year_4/ECE532/git/ece352/designs/tetris_test2/tetris_test2.sdk/SDK/SDK_Export/tetris_bsp/microblaze_0/libsrc/tft_v5_0/src'
Running Make libs in microblaze_0/libsrc/uartlite_v3_0/src
make -C microblaze_0/libsrc/uartlite_v3_0/src -s libs -e "SHELL=/bin/sh" "COMPILER=mb-gcc" "ARCHIVER=mb-ar" "COMPILER_FLAGS= -O2 -c -pg -mcpu=v9.3 -mlittle-endian -mno-xl-soft-div -mno-xl-soft-mul -mxl-barrel-shift" "EXTRA_COMPILER_FLAGS=-g -ffunction-sections -fdata-sections"
Compiling uartlite
make[2]: Entering directory `/home/derek/Documents/year_4/ECE532/git/ece352/designs/tetris_test2/tetris_test2.sdk/SDK/SDK_Export/tetris_bsp/microblaze_0/libsrc/uartlite_v3_0/src'
rm -rf *.o 
make[2]: Leaving directory `/home/derek/Documents/year_4/ECE532/git/ece352/designs/tetris_test2/tetris_test2.sdk/SDK/SDK_Export/tetris_bsp/microblaze_0/libsrc/uartlite_v3_0/src'
Finished building libraries
17:30:47 **** Auto Build of configuration Debug for project tetris ****
make all 
make: Nothing to be done for `all'.
17:30:53 **** Incremental Build of configuration Debug for project tetris ****
make all 
make: Nothing to be done for `all'.
17:43:33 **** Auto Build of project tetris_bsp ****
make -k all 
Running Make include in microblaze_0/libsrc/bram_v4_0/src
make -C microblaze_0/libsrc/bram_v4_0/src -s include -e "SHELL=/bin/sh" "COMPILER=mb-gcc" "ARCHIVER=mb-ar" "COMPILER_FLAGS= -O2 -c -pg -mcpu=v9.3 -mlittle-endian -mno-xl-soft-div -mno-xl-soft-mul -mxl-barrel-shift" "EXTRA_COMPILER_FLAGS=-g -ffunction-sections -fdata-sections"
Running Make include in microblaze_0/libsrc/cpu_v2_0/src
make -C microblaze_0/libsrc/cpu_v2_0/src -s include -e "SHELL=/bin/sh" "COMPILER=mb-gcc" "ARCHIVER=mb-ar" "COMPILER_FLAGS= -O2 -c -pg -mcpu=v9.3 -mlittle-endian -mno-xl-soft-div -mno-xl-soft-mul -mxl-barrel-shift" "EXTRA_COMPILER_FLAGS=-g -ffunction-sections -fdata-sections"
Running Make include in microblaze_0/libsrc/intc_v3_0/src
make -C microblaze_0/libsrc/intc_v3_0/src -s include -e "SHELL=/bin/sh" "COMPILER=mb-gcc" "ARCHIVER=mb-ar" "COMPILER_FLAGS= -O2 -c -pg -mcpu=v9.3 -mlittle-endian -mno-xl-soft-div -mno-xl-soft-mul -mxl-barrel-shift" "EXTRA_COMPILER_FLAGS=-g -ffunction-sections -fdata-sections"
Running Make include in microblaze_0/libsrc/standalone_v4_0/src
make -C microblaze_0/libsrc/standalone_v4_0/src -s include -e "SHELL=/bin/sh" "COMPILER=mb-gcc" "ARCHIVER=mb-ar" "COMPILER_FLAGS= -O2 -c -pg -mcpu=v9.3 -mlittle-endian -mno-xl-soft-div -mno-xl-soft-mul -mxl-barrel-shift" "EXTRA_COMPILER_FLAGS=-g -ffunction-sections -fdata-sections"
make[2]: Entering directory `/home/derek/Documents/year_4/ECE532/git/ece352/designs/tetris_test2/tetris_test2.sdk/SDK/SDK_Export/tetris_bsp/microblaze_0/libsrc/standalone_v4_0/src/profile'
cp -rf profile.h mblaze_nt_types.h _profile_timer_hw.h ../../../../include
make[2]: Leaving directory `/home/derek/Documents/year_4/ECE532/git/ece352/designs/tetris_test2/tetris_test2.sdk/SDK/SDK_Export/tetris_bsp/microblaze_0/libsrc/standalone_v4_0/src/profile'
Running Make include in microblaze_0/libsrc/tft_v5_0/src
make -C microblaze_0/libsrc/tft_v5_0/src -s include -e "SHELL=/bin/sh" "COMPILER=mb-gcc" "ARCHIVER=mb-ar" "COMPILER_FLAGS= -O2 -c -pg -mcpu=v9.3 -mlittle-endian -mno-xl-soft-div -mno-xl-soft-mul -mxl-barrel-shift" "EXTRA_COMPILER_FLAGS=-g -ffunction-sections -fdata-sections"
Running Make include in microblaze_0/libsrc/uartlite_v3_0/src
make -C microblaze_0/libsrc/uartlite_v3_0/src -s include -e "SHELL=/bin/sh" "COMPILER=mb-gcc" "ARCHIVER=mb-ar" "COMPILER_FLAGS= -O2 -c -pg -mcpu=v9.3 -mlittle-endian -mno-xl-soft-div -mno-xl-soft-mul -mxl-barrel-shift" "EXTRA_COMPILER_FLAGS=-g -ffunction-sections -fdata-sections"
Running Make libs in microblaze_0/libsrc/bram_v4_0/src
make -C microblaze_0/libsrc/bram_v4_0/src -s libs -e "SHELL=/bin/sh" "COMPILER=mb-gcc" "ARCHIVER=mb-ar" "COMPILER_FLAGS= -O2 -c -pg -mcpu=v9.3 -mlittle-endian -mno-xl-soft-div -mno-xl-soft-mul -mxl-barrel-shift" "EXTRA_COMPILER_FLAGS=-g -ffunction-sections -fdata-sections"
Compiling bram
make[2]: Entering directory `/home/derek/Documents/year_4/ECE532/git/ece352/designs/tetris_test2/tetris_test2.sdk/SDK/SDK_Export/tetris_bsp/microblaze_0/libsrc/bram_v4_0/src'
rm -rf *.o 
make[2]: Leaving directory `/home/derek/Documents/year_4/ECE532/git/ece352/designs/tetris_test2/tetris_test2.sdk/SDK/SDK_Export/tetris_bsp/microblaze_0/libsrc/bram_v4_0/src'
Running Make libs in microblaze_0/libsrc/cpu_v2_0/src
make -C microblaze_0/libsrc/cpu_v2_0/src -s libs -e "SHELL=/bin/sh" "COMPILER=mb-gcc" "ARCHIVER=mb-ar" "COMPILER_FLAGS= -O2 -c -pg -mcpu=v9.3 -mlittle-endian -mno-xl-soft-div -mno-xl-soft-mul -mxl-barrel-shift" "EXTRA_COMPILER_FLAGS=-g -ffunction-sections -fdata-sections"
Compiling cpu
make[2]: Entering directory `/home/derek/Documents/year_4/ECE532/git/ece352/designs/tetris_test2/tetris_test2.sdk/SDK/SDK_Export/tetris_bsp/microblaze_0/libsrc/cpu_v2_0/src'
rm -rf *.o
make[2]: Leaving directory `/home/derek/Documents/year_4/ECE532/git/ece352/designs/tetris_test2/tetris_test2.sdk/SDK/SDK_Export/tetris_bsp/microblaze_0/libsrc/cpu_v2_0/src'
Running Make libs in microblaze_0/libsrc/intc_v3_0/src
make -C microblaze_0/libsrc/intc_v3_0/src -s libs -e "SHELL=/bin/sh" "COMPILER=mb-gcc" "ARCHIVER=mb-ar" "COMPILER_FLAGS= -O2 -c -pg -mcpu=v9.3 -mlittle-endian -mno-xl-soft-div -mno-xl-soft-mul -mxl-barrel-shift" "EXTRA_COMPILER_FLAGS=-g -ffunction-sections -fdata-sections"
Compiling intc
make[2]: Entering directory `/home/derek/Documents/year_4/ECE532/git/ece352/designs/tetris_test2/tetris_test2.sdk/SDK/SDK_Export/tetris_bsp/microblaze_0/libsrc/intc_v3_0/src'
rm -rf *.o 
make[2]: Leaving directory `/home/derek/Documents/year_4/ECE532/git/ece352/designs/tetris_test2/tetris_test2.sdk/SDK/SDK_Export/tetris_bsp/microblaze_0/libsrc/intc_v3_0/src'
Running Make libs in microblaze_0/libsrc/standalone_v4_0/src
make -C microblaze_0/libsrc/standalone_v4_0/src -s libs -e "SHELL=/bin/sh" "COMPILER=mb-gcc" "ARCHIVER=mb-ar" "COMPILER_FLAGS= -O2 -c -pg -mcpu=v9.3 -mlittle-endian -mno-xl-soft-div -mno-xl-soft-mul -mxl-barrel-shift" "EXTRA_COMPILER_FLAGS=-g -ffunction-sections -fdata-sections"
Compiling standalone
Running Make libs in microblaze_0/libsrc/tft_v5_0/src
make -C microblaze_0/libsrc/tft_v5_0/src -s libs -e "SHELL=/bin/sh" "COMPILER=mb-gcc" "ARCHIVER=mb-ar" "COMPILER_FLAGS= -O2 -c -pg -mcpu=v9.3 -mlittle-endian -mno-xl-soft-div -mno-xl-soft-mul -mxl-barrel-shift" "EXTRA_COMPILER_FLAGS=-g -ffunction-sections -fdata-sections"
Compiling tft
make[2]: Entering directory `/home/derek/Documents/year_4/ECE532/git/ece352/designs/tetris_test2/tetris_test2.sdk/SDK/SDK_Export/tetris_bsp/microblaze_0/libsrc/tft_v5_0/src'
rm -rf *.o
make[2]: Leaving directory `/home/derek/Documents/year_4/ECE532/git/ece352/designs/tetris_test2/tetris_test2.sdk/SDK/SDK_Export/tetris_bsp/microblaze_0/libsrc/tft_v5_0/src'
Running Make libs in microblaze_0/libsrc/uartlite_v3_0/src
make -C microblaze_0/libsrc/uartlite_v3_0/src -s libs -e "SHELL=/bin/sh" "COMPILER=mb-gcc" "ARCHIVER=mb-ar" "COMPILER_FLAGS= -O2 -c -pg -mcpu=v9.3 -mlittle-endian -mno-xl-soft-div -mno-xl-soft-mul -mxl-barrel-shift" "EXTRA_COMPILER_FLAGS=-g -ffunction-sections -fdata-sections"
Compiling uartlite
make[2]: Entering directory `/home/derek/Documents/year_4/ECE532/git/ece352/designs/tetris_test2/tetris_test2.sdk/SDK/SDK_Export/tetris_bsp/microblaze_0/libsrc/uartlite_v3_0/src'
rm -rf *.o 
make[2]: Leaving directory `/home/derek/Documents/year_4/ECE532/git/ece352/designs/tetris_test2/tetris_test2.sdk/SDK/SDK_Export/tetris_bsp/microblaze_0/libsrc/uartlite_v3_0/src'
Finished building libraries
17:43:37 **** Auto Build of project tetris_bsp ****
make -k all 
Running Make include in microblaze_0/libsrc/bram_v4_0/src
make -C microblaze_0/libsrc/bram_v4_0/src -s include -e "SHELL=/bin/sh" "COMPILER=mb-gcc" "ARCHIVER=mb-ar" "COMPILER_FLAGS= -O2 -c -pg -mcpu=v9.3 -mlittle-endian -mno-xl-soft-div -mno-xl-soft-mul -mxl-barrel-shift" "EXTRA_COMPILER_FLAGS=-g -ffunction-sections -fdata-sections"
Running Make include in microblaze_0/libsrc/cpu_v2_0/src
make -C microblaze_0/libsrc/cpu_v2_0/src -s include -e "SHELL=/bin/sh" "COMPILER=mb-gcc" "ARCHIVER=mb-ar" "COMPILER_FLAGS= -O2 -c -pg -mcpu=v9.3 -mlittle-endian -mno-xl-soft-div -mno-xl-soft-mul -mxl-barrel-shift" "EXTRA_COMPILER_FLAGS=-g -ffunction-sections -fdata-sections"
Running Make include in microblaze_0/libsrc/intc_v3_0/src
make -C microblaze_0/libsrc/intc_v3_0/src -s include -e "SHELL=/bin/sh" "COMPILER=mb-gcc" "ARCHIVER=mb-ar" "COMPILER_FLAGS= -O2 -c -pg -mcpu=v9.3 -mlittle-endian -mno-xl-soft-div -mno-xl-soft-mul -mxl-barrel-shift" "EXTRA_COMPILER_FLAGS=-g -ffunction-sections -fdata-sections"
Running Make include in microblaze_0/libsrc/standalone_v4_0/src
make -C microblaze_0/libsrc/standalone_v4_0/src -s include -e "SHELL=/bin/sh" "COMPILER=mb-gcc" "ARCHIVER=mb-ar" "COMPILER_FLAGS= -O2 -c -pg -mcpu=v9.3 -mlittle-endian -mno-xl-soft-div -mno-xl-soft-mul -mxl-barrel-shift" "EXTRA_COMPILER_FLAGS=-g -ffunction-sections -fdata-sections"
make[2]: Entering directory `/home/derek/Documents/year_4/ECE532/git/ece352/designs/tetris_test2/tetris_test2.sdk/SDK/SDK_Export/tetris_bsp/microblaze_0/libsrc/standalone_v4_0/src/profile'
cp -rf profile.h mblaze_nt_types.h _profile_timer_hw.h ../../../../include
make[2]: Leaving directory `/home/derek/Documents/year_4/ECE532/git/ece352/designs/tetris_test2/tetris_test2.sdk/SDK/SDK_Export/tetris_bsp/microblaze_0/libsrc/standalone_v4_0/src/profile'
Running Make include in microblaze_0/libsrc/tft_v5_0/src
make -C microblaze_0/libsrc/tft_v5_0/src -s include -e "SHELL=/bin/sh" "COMPILER=mb-gcc" "ARCHIVER=mb-ar" "COMPILER_FLAGS= -O2 -c -pg -mcpu=v9.3 -mlittle-endian -mno-xl-soft-div -mno-xl-soft-mul -mxl-barrel-shift" "EXTRA_COMPILER_FLAGS=-g -ffunction-sections -fdata-sections"
Running Make include in microblaze_0/libsrc/uartlite_v3_0/src
make -C microblaze_0/libsrc/uartlite_v3_0/src -s include -e "SHELL=/bin/sh" "COMPILER=mb-gcc" "ARCHIVER=mb-ar" "COMPILER_FLAGS= -O2 -c -pg -mcpu=v9.3 -mlittle-endian -mno-xl-soft-div -mno-xl-soft-mul -mxl-barrel-shift" "EXTRA_COMPILER_FLAGS=-g -ffunction-sections -fdata-sections"
Running Make libs in microblaze_0/libsrc/bram_v4_0/src
make -C microblaze_0/libsrc/bram_v4_0/src -s libs -e "SHELL=/bin/sh" "COMPILER=mb-gcc" "ARCHIVER=mb-ar" "COMPILER_FLAGS= -O2 -c -pg -mcpu=v9.3 -mlittle-endian -mno-xl-soft-div -mno-xl-soft-mul -mxl-barrel-shift" "EXTRA_COMPILER_FLAGS=-g -ffunction-sections -fdata-sections"
Compiling bram
make[2]: Entering directory `/home/derek/Documents/year_4/ECE532/git/ece352/designs/tetris_test2/tetris_test2.sdk/SDK/SDK_Export/tetris_bsp/microblaze_0/libsrc/bram_v4_0/src'
rm -rf *.o 
make[2]: Leaving directory `/home/derek/Documents/year_4/ECE532/git/ece352/designs/tetris_test2/tetris_test2.sdk/SDK/SDK_Export/tetris_bsp/microblaze_0/libsrc/bram_v4_0/src'
Running Make libs in microblaze_0/libsrc/cpu_v2_0/src
make -C microblaze_0/libsrc/cpu_v2_0/src -s libs -e "SHELL=/bin/sh" "COMPILER=mb-gcc" "ARCHIVER=mb-ar" "COMPILER_FLAGS= -O2 -c -pg -mcpu=v9.3 -mlittle-endian -mno-xl-soft-div -mno-xl-soft-mul -mxl-barrel-shift" "EXTRA_COMPILER_FLAGS=-g -ffunction-sections -fdata-sections"
Compiling cpu
[...]
make all 
make: Nothing to be done for `all'.
18:51:12 **** Auto Build of configuration Debug for project tetris ****
make all 
Building file: ../src/tetris.c
Invoking: MicroBlaze gcc compiler
mb-gcc -Wall -O0 -g3 -c -fmessage-length=0 -I../../tetris_bsp/microblaze_0/include -mlittle-endian -mxl-barrel-shift -mno-xl-soft-div -mcpu=v9.3 -mno-xl-soft-mul -Wl,--no-relax -ffunction-sections -fdata-sections -MMD -MP -MF"src/tetris.d" -MT"src/tetris.d" -o "src/tetris.o" "../src/tetris.c"
../src/tetris.c: In function 'rotate':
../src/tetris.c:191:7: warning: unused variable 'success' [-Wunused-variable]
   int success = 1;
       ^
../src/tetris.c: In function 'read_button':
../src/tetris.c:242:49: error: 'XPAR_' undeclared (first use in this function)
   volatile unsigned int * vga = (unsigned int*) XPAR_;
                                                 ^
../src/tetris.c:242:49: note: each undeclared identifier is reported only once for each function it appears in
../src/tetris.c:242:27: warning: unused variable 'vga' [-Wunused-variable]
   volatile unsigned int * vga = (unsigned int*) XPAR_;
                           ^
../src/tetris.c: In function 'clear_board':
../src/tetris.c:297:6: warning: 'main' is normally a non-static function [-Wmain]
  int main(void) {
      ^
../src/tetris.c:350:2: error: expected declaration or statement at end of input
  }
  ^
make: *** [src/tetris.o] Error 1
18:51:27 **** Auto Build of configuration Debug for project tetris ****
make all 
Building file: ../src/tetris.c
Invoking: MicroBlaze gcc compiler
mb-gcc -Wall -O0 -g3 -c -fmessage-length=0 -I../../tetris_bsp/microblaze_0/include -mlittle-endian -mxl-barrel-shift -mno-xl-soft-div -mcpu=v9.3 -mno-xl-soft-mul -Wl,--no-relax -ffunction-sections -fdata-sections -MMD -MP -MF"src/tetris.d" -MT"src/tetris.d" -o "src/tetris.o" "../src/tetris.c"
../src/tetris.c: In function 'rotate':
../src/tetris.c:191:7: warning: unused variable 'success' [-Wunused-variable]
   int success = 1;
       ^
../src/tetris.c: In function 'read_button':
../src/tetris.c:242:49: error: 'XPAR_' undeclared (first use in this function)
   volatile unsigned int * vga = (unsigned int*) XPAR_;
                                                 ^
../src/tetris.c:242:49: note: each undeclared identifier is reported only once for each function it appears in
../src/tetris.c:242:27: warning: unused variable 'vga' [-Wunused-variable]
   volatile unsigned int * vga = (unsigned int*) XPAR_;
                           ^
../src/tetris.c: In function 'clear_board':
../src/tetris.c:297:6: warning: 'main' is normally a non-static function [-Wmain]
  int main(void) {
      ^
../src/tetris.c:352:2: error: expected declaration or statement at end of input
  }
  ^
make: *** [src/tetris.o] Error 1
18:51:47 **** Auto Build of configuration Debug for project tetris ****
make all 
Building file: ../src/tetris.c
Invoking: MicroBlaze gcc compiler
mb-gcc -Wall -O0 -g3 -c -fmessage-length=0 -I../../tetris_bsp/microblaze_0/include -mlittle-endian -mxl-barrel-shift -mno-xl-soft-div -mcpu=v9.3 -mno-xl-soft-mul -Wl,--no-relax -ffunction-sections -fdata-sections -MMD -MP -MF"src/tetris.d" -MT"src/tetris.d" -o "src/tetris.o" "../src/tetris.c"
../src/tetris.c: In function 'rotate':
../src/tetris.c:191:7: warning: unused variable 'success' [-Wunused-variable]
   int success = 1;
       ^
../src/tetris.c: In function 'clear_board':
../src/tetris.c:292:6: warning: 'main' is normally a non-static function [-Wmain]
  int main(void) {
      ^
../src/tetris.c:347:2: error: expected declaration or statement at end of input
  }
  ^
make: *** [src/tetris.o] Error 1
18:52:16 **** Auto Build of configuration Debug for project tetris ****
make all 
Building file: ../src/tetris.c
Invoking: MicroBlaze gcc compiler
mb-gcc -Wall -O0 -g3 -c -fmessage-length=0 -I../../tetris_bsp/microblaze_0/include -mlittle-endian -mxl-barrel-shift -mno-xl-soft-div -mcpu=v9.3 -mno-xl-soft-mul -Wl,--no-relax -ffunction-sections -fdata-sections -MMD -MP -MF"src/tetris.d" -MT"src/tetris.d" -o "src/tetris.o" "../src/tetris.c"
../src/tetris.c: In function 'rotate':
../src/tetris.c:191:7: warning: unused variable 'success' [-Wunused-variable]
   int success = 1;
       ^
../src/tetris.c: In function 'clear_board':
../src/tetris.c:292:6: warning: 'main' is normally a non-static function [-Wmain]
  int main(void) {
      ^
../src/tetris.c: In function 'main':
../src/tetris.c:317:5: error: incompatible type for argument 3 of 'shift_left'
     shift_left(cur_piece, board, origin);
     ^
../src/tetris.c:132:6: note: expected 'struct point_t *' but argument is of type 'point_t'
  int shift_left(int *cur_piece, int * board, point_t * origin) {
      ^
../src/tetris.c: In function 'clear_board':
../src/tetris.c:350:2: error: expected declaration or statement at end of input
  }
  ^
make: *** [src/tetris.o] Error 1
18:52:34 **** Auto Build of configuration Debug for project tetris ****
make all 
Building file: ../src/tetris.c
Invoking: MicroBlaze gcc compiler
mb-gcc -Wall -O0 -g3 -c -fmessage-length=0 -I../../tetris_bsp/microblaze_0/include -mlittle-endian -mxl-barrel-shift -mno-xl-soft-div -mcpu=v9.3 -mno-xl-soft-mul -Wl,--no-relax -ffunction-sections -fdata-sections -MMD -MP -MF"src/tetris.d" -MT"src/tetris.d" -o "src/tetris.o" "../src/tetris.c"
../src/tetris.c: In function 'rotate':
../src/tetris.c:191:7: warning: unused variable 'success' [-Wunused-variable]
   int success = 1;
       ^
../src/tetris.c: In function 'clear_board':
../src/tetris.c:292:6: warning: 'main' is normally a non-static function [-Wmain]
  int main(void) {
      ^
../src/tetris.c: In function 'main':
../src/tetris.c:317:5: error: incompatible type for argument 3 of 'shift_left'
     shift_left(cur_piece, board, origin);
     ^
../src/tetris.c:132:6: note: expected 'struct point_t *' but argument is of type 'point_t'
  int shift_left(int *cur_piece, int * board, point_t * origin) {
      ^
../src/tetris.c:319:5: error: incompatible type for argument 3 of 'shift_right'
     shift_right(cur_piece, board, origin);
     ^
../src/tetris.c:156:6: note: expected 'struct point_t *' but argument is of type 'point_t'
  int shift_right(int *cur_piece, int * board, point_t * origin) {
      ^
../src/tetris.c: In function 'clear_board':
../src/tetris.c:352:2: error: expected declaration or statement at end of input
  }
  ^
make: *** [src/tetris.o] Error 1
18:52:58 **** Auto Build of configuration Debug for project tetris ****
make all 
Building file: ../src/tetris.c
Invoking: MicroBlaze gcc compiler
mb-gcc -Wall -O0 -g3 -c -fmessage-length=0 -I../../tetris_bsp/microblaze_0/include -mlittle-endian -mxl-barrel-shift -mno-xl-soft-div -mcpu=v9.3 -mno-xl-soft-mul -Wl,--no-relax -ffunction-sections -fdata-sections -MMD -MP -MF"src/tetris.d" -MT"src/tetris.d" -o "src/tetris.o" "../src/tetris.c"
../src/tetris.c: In function 'rotate':
../src/tetris.c:191:7: warning: unused variable 'success' [-Wunused-variable]
   int success = 1;
       ^
../src/tetris.c: In function 'clear_board':
../src/tetris.c:292:6: warning: 'main' is normally a non-static function [-Wmain]
  int main(void) {
      ^
../src/tetris.c: In function 'main':
../src/tetris.c:317:5: error: incompatible type for argument 3 of 'shift_left'
     shift_left(cur_piece, board, origin);
     ^
../src/tetris.c:132:6: note: expected 'struct point_t *' but argument is of type 'point_t'
  int shift_left(int *cur_piece, int * board, point_t * origin) {
      ^
../src/tetris.c:319:5: error: incompatible type for argument 3 of 'shift_right'
     shift_right(cur_piece, board, origin);
     ^
../src/tetris.c:156:6: note: expected 'struct point_t *' but argument is of type 'point_t'
  int shift_right(int *cur_piece, int * board, point_t * origin) {
      ^
../src/tetris.c: In function 'clear_board':
../src/tetris.c:354:2: error: expected declaration or statement at end of input
  }
  ^
make: *** [src/tetris.o] Error 1
18:53:19 **** Auto Build of configuration Debug for project tetris ****
make all 
Building file: ../src/tetris.c
Invoking: MicroBlaze gcc compiler
mb-gcc -Wall -O0 -g3 -c -fmessage-length=0 -I../../tetris_bsp/microblaze_0/include -mlittle-endian -mxl-barrel-shift -mno-xl-soft-div -mcpu=v9.3 -mno-xl-soft-mul -Wl,--no-relax -ffunction-sections -fdata-sections -MMD -MP -MF"src/tetris.d" -MT"src/tetris.d" -o "src/tetris.o" "../src/tetris.c"
../src/tetris.c: In function 'rotate':
../src/tetris.c:191:7: warning: unused variable 'success' [-Wunused-variable]
   int success = 1;
       ^
../src/tetris.c: In function 'clear_board':
../src/tetris.c:292:6: warning: 'main' is normally a non-static function [-Wmain]
  int main(void) {
      ^
../src/tetris.c:354:2: error: expected declaration or statement at end of input
  }
  ^
make: *** [src/tetris.o] Error 1
18:53:34 **** Auto Build of configuration Debug for project tetris ****
make all 
Building file: ../src/tetris.c
Invoking: MicroBlaze gcc compiler
mb-gcc -Wall -O0 -g3 -c -fmessage-length=0 -I../../tetris_bsp/microblaze_0/include -mlittle-endian -mxl-barrel-shift -mno-xl-soft-div -mcpu=v9.3 -mno-xl-soft-mul -Wl,--no-relax -ffunction-sections -fdata-sections -MMD -MP -MF"src/tetris.d" -MT"src/tetris.d" -o "src/tetris.o" "../src/tetris.c"
../src/tetris.c: In function 'rotate':
../src/tetris.c:193:7: warning: unused variable 'success' [-Wunused-variable]
   int success = 1;
       ^
Finished building: ../src/tetris.c
 
Building target: tetris.elf
Invoking: MicroBlaze gcc linker
mb-gcc -Wl,-T -Wl,../src/lscript.ld -L../../tetris_bsp/microblaze_0/lib -mlittle-endian -mxl-barrel-shift -mno-xl-soft-div -mcpu=v9.3 -mno-xl-soft-mul -Wl,--no-relax -Wl,--gc-sections -o "tetris.elf"  ./src/button_io.o ./src/platform.o ./src/tetris.o ./src/vga.o   -Wl,--start-group,-lxil,-lgcc,-lc,--end-group
Finished building target: tetris.elf
 
Invoking: MicroBlaze Print Size
mb-size tetris.elf  |tee "tetris.elf.size"
   text	   data	    bss	    dec	    hex	filename
  13612	   1372	   2152	  17136	   42f0	tetris.elf
Finished building: tetris.elf.size
 
18:53:46 **** Auto Build of configuration Debug for project tetris ****
make all 
Building file: ../src/tetris.c
Invoking: MicroBlaze gcc compiler
mb-gcc -Wall -O0 -g3 -c -fmessage-length=0 -I../../tetris_bsp/microblaze_0/include -mlittle-endian -mxl-barrel-shift -mno-xl-soft-div -mcpu=v9.3 -mno-xl-soft-mul -Wl,--no-relax -ffunction-sections -fdata-sections -MMD -MP -MF"src/tetris.d" -MT"src/tetris.d" -o "src/tetris.o" "../src/tetris.c"
Finished building: ../src/tetris.c
 
Building target: tetris.elf
Invoking: MicroBlaze gcc linker
mb-gcc -Wl,-T -Wl,../src/lscript.ld -L../../tetris_bsp/microblaze_0/lib -mlittle-endian -mxl-barrel-shift -mno-xl-soft-div -mcpu=v9.3 -mno-xl-soft-mul -Wl,--no-relax -Wl,--gc-sections -o "tetris.elf"  ./src/button_io.o ./src/platform.o ./src/tetris.o ./src/vga.o   -Wl,--start-group,-lxil,-lgcc,-lc,--end-group
Finished building target: tetris.elf
 
Invoking: MicroBlaze Print Size
mb-size tetris.elf  |tee "tetris.elf.size"
   text	   data	    bss	    dec	    hex	filename
  13604	   1372	   2152	  17128	   42e8	tetris.elf
Finished building: tetris.elf.size
 
18:54:15 **** Auto Build of project tetris_bsp ****
make -k all 
Running Make include in microblaze_0/libsrc/bram_v4_0/src
make -C microblaze_0/libsrc/bram_v4_0/src -s include -e "SHELL=/bin/sh" "COMPILER=mb-gcc" "ARCHIVER=mb-ar" "COMPILER_FLAGS= -O2 -c -mcpu=v9.3 -mlittle-endian -mno-xl-soft-div -mno-xl-soft-mul -mxl-barrel-shift" "EXTRA_COMPILER_FLAGS=-g -ffunction-sections -fdata-sections"
Running Make include in microblaze_0/libsrc/cpu_v2_0/src
make -C microblaze_0/libsrc/cpu_v2_0/src -s include -e "SHELL=/bin/sh" "COMPILER=mb-gcc" "ARCHIVER=mb-ar" "COMPILER_FLAGS= -O2 -c -mcpu=v9.3 -mlittle-endian -mno-xl-soft-div -mno-xl-soft-mul -mxl-barrel-shift" "EXTRA_COMPILER_FLAGS=-g -ffunction-sections -fdata-sections"
Running Make include in microblaze_0/libsrc/gpio_v4_0/src
make -C microblaze_0/libsrc/gpio_v4_0/src -s include -e "SHELL=/bin/sh" "COMPILER=mb-gcc" "ARCHIVER=mb-ar" "COMPILER_FLAGS= -O2 -c -mcpu=v9.3 -mlittle-endian -mno-xl-soft-div -mno-xl-soft-mul -mxl-barrel-shift" "EXTRA_COMPILER_FLAGS=-g -ffunction-sections -fdata-sections"
Running Make include in microblaze_0/libsrc/intc_v3_0/src
make -C microblaze_0/libsrc/intc_v3_0/src -s include -e "SHELL=/bin/sh" "COMPILER=mb-gcc" "ARCHIVER=mb-ar" "COMPILER_FLAGS= -O2 -c -mcpu=v9.3 -mlittle-endian -mno-xl-soft-div -mno-xl-soft-mul -mxl-barrel-shift" "EXTRA_COMPILER_FLAGS=-g -ffunction-sections -fdata-sections"
Running Make include in microblaze_0/libsrc/standalone_v4_0/src
make -C microblaze_0/libsrc/standalone_v4_0/src -s include -e "SHELL=/bin/sh" "COMPILER=mb-gcc" "ARCHIVER=mb-ar" "COMPILER_FLAGS= -O2 -c -mcpu=v9.3 -mlittle-endian -mno-xl-soft-div -mno-xl-soft-mul -mxl-barrel-shift" "EXTRA_COMPILER_FLAGS=-g -ffunction-sections -fdata-sections"
make[2]: Entering directory `/home/derek/Documents/year_4/ECE532/git/ece352/designs/tetris_test2/tetris_test2.sdk/SDK/SDK_Export/tetris_bsp/microblaze_0/libsrc/standalone_v4_0/src/profile'
cp -rf profile.h mblaze_nt_types.h _profile_timer_hw.h ../../../../include
make[2]: Leaving directory `/home/derek/Documents/year_4/ECE532/git/ece352/designs/tetris_test2/tetris_test2.sdk/SDK/SDK_Export/tetris_bsp/microblaze_0/libsrc/standalone_v4_0/src/profile'
Running Make include in microblaze_0/libsrc/tft_v5_0/src
make -C microblaze_0/libsrc/tft_v5_0/src -s include -e "SHELL=/bin/sh" "COMPILER=mb-gcc" "ARCHIVER=mb-ar" "COMPILER_FLAGS= -O2 -c -mcpu=v9.3 -mlittle-endian -mno-xl-soft-div -mno-xl-soft-mul -mxl-barrel-shift" "EXTRA_COMPILER_FLAGS=-g -ffunction-sections -fdata-sections"
Running Make include in microblaze_0/libsrc/uartlite_v3_0/src
make -C microblaze_0/libsrc/uartlite_v3_0/src -s include -e "SHELL=/bin/sh" "COMPILER=mb-gcc" "ARCHIVER=mb-ar" "COMPILER_FLAGS= -O2 -c -mcpu=v9.3 -mlittle-endian -mno-xl-soft-div -mno-xl-soft-mul -mxl-barrel-shift" "EXTRA_COMPILER_FLAGS=-g -ffunction-sections -fdata-sections"
Running Make libs in microblaze_0/libsrc/bram_v4_0/src
make -C microblaze_0/libsrc/bram_v4_0/src -s libs -e "SHELL=/bin/sh" "COMPILER=mb-gcc" "ARCHIVER=mb-ar" "COMPILER_FLAGS= -O2 -c -mcpu=v9.3 -mlittle-endian -mno-xl-soft-div -mno-xl-soft-mul -mxl-barrel-shift" "EXTRA_COMPILER_FLAGS=-g -ffunction-sections -fdata-sections"
Compiling bram
make[2]: Entering directory `/home/derek/Documents/year_4/ECE532/git/ece352/designs/tetris_test2/tetris_test2.sdk/SDK/SDK_Export/tetris_bsp/microblaze_0/libsrc/bram_v4_0/src'
rm -rf *.o 
make[2]: Leaving directory `/home/derek/Documents/year_4/ECE532/git/ece352/designs/tetris_test2/tetris_test2.sdk/SDK/SDK_Export/tetris_bsp/microblaze_0/libsrc/bram_v4_0/src'
Running Make libs in microblaze_0/libsrc/cpu_v2_0/src
make -C microblaze_0/libsrc/cpu_v2_0/src -s libs -e "SHELL=/bin/sh" "COMPILER=mb-gcc" "ARCHIVER=mb-ar" "COMPILER_FLAGS= -O2 -c -mcpu=v9.3 -mlittle-endian -mno-xl-soft-div -mno-xl-soft-mul -mxl-barrel-shift" "EXTRA_COMPILER_FLAGS=-g -ffunction-sections -fdata-sections"
Compiling cpu
make[2]: Entering directory `/home/derek/Documents/year_4/ECE532/git/ece352/designs/tetris_test2/tetris_test2.sdk/SDK/SDK_Export/tetris_bsp/microblaze_0/libsrc/cpu_v2_0/src'
rm -rf *.o
make[2]: Leaving directory `/home/derek/Documents/year_4/ECE532/git/ece352/designs/tetris_test2/tetris_test2.sdk/SDK/SDK_Export/tetris_bsp/microblaze_0/libsrc/cpu_v2_0/src'
Running Make libs in microblaze_0/libsrc/gpio_v4_0/src
make -C microblaze_0/libsrc/gpio_v4_0/src -s libs -e "SHELL=/bin/sh" "COMPILER=mb-gcc" "ARCHIVER=mb-ar" "COMPILER_FLAGS= -O2 -c -mcpu=v9.3 -mlittle-endian -mno-xl-soft-div -mno-xl-soft-mul -mxl-barrel-shift" "EXTRA_COMPILER_FLAGS=-g -ffunction-sections -fdata-sections"
Compiling gpio
make[2]: Entering directory `/home/derek/Documents/year_4/ECE532/git/ece352/designs/tetris_test2/tetris_test2.sdk/SDK/SDK_Export/tetris_bsp/microblaze_0/libsrc/gpio_v4_0/src'
rm -rf *.o 
make[2]: Leaving directory `/home/derek/Documents/year_4/ECE532/git/ece352/designs/tetris_test2/tetris_test2.sdk/SDK/SDK_Export/tetris_bsp/microblaze_0/libsrc/gpio_v4_0/src'
Running Make libs in microblaze_0/libsrc/intc_v3_0/src
make -C microblaze_0/libsrc/intc_v3_0/src -s libs -e "SHELL=/bin/sh" "COMPILER=mb-gcc" "ARCHIVER=mb-ar" "COMPILER_FLAGS= -O2 -c -mcpu=v9.3 -mlittle-endian -mno-xl-soft-div -mno-xl-soft-mul -mxl-barrel-shift" "EXTRA_COMPILER_FLAGS=-g -ffunction-sections -fdata-sections"
Compiling intc
make[2]: Entering directory `/home/derek/Documents/year_4/ECE532/git/ece352/designs/tetris_test2/tetris_test2.sdk/SDK/SDK_Export/tetris_bsp/microblaze_0/libsrc/intc_v3_0/src'
rm -rf *.o 
make[2]: Leaving directory `/home/derek/Documents/year_4/ECE532/git/ece352/designs/tetris_test2/tetris_test2.sdk/SDK/SDK_Export/tetris_bsp/microblaze_0/libsrc/intc_v3_0/src'
Running Make libs in microblaze_0/libsrc/standalone_v4_0/src
make -C microblaze_0/libsrc/standalone_v4_0/src -s libs -e "SHELL=/bin/sh" "COMPILER=mb-gcc" "ARCHIVER=mb-ar" "COMPILER_FLAGS= -O2 -c -mcpu=v9.3 -mlittle-endian -mno-xl-soft-div -mno-xl-soft-mul -mxl-barrel-shift" "EXTRA_COMPILER_FLAGS=-g -ffunction-sections -fdata-sections"
Compiling standalone
Running Make libs in microblaze_0/libsrc/tft_v5_0/src
make -C microblaze_0/libsrc/tft_v5_0/src -s libs -e "SHELL=/bin/sh" "COMPILER=mb-gcc" "ARCHIVER=mb-ar" "COMPILER_FLAGS= -O2 -c -mcpu=v9.3 -mlittle-endian -mno-xl-soft-div -mno-xl-soft-mul -mxl-barrel-shift" "EXTRA_COMPILER_FLAGS=-g -ffunction-sections -fdata-sections"
Compiling tft
make[2]: Entering directory `/home/derek/Documents/year_4/ECE532/git/ece352/designs/tetris_test2/tetris_test2.sdk/SDK/SDK_Export/tetris_bsp/microblaze_0/libsrc/tft_v5_0/src'
rm -rf *.o
make[2]: Leaving directory `/home/derek/Documents/year_4/ECE532/git/ece352/designs/tetris_test2/tetris_test2.sdk/SDK/SDK_Export/tetris_bsp/microblaze_0/libsrc/tft_v5_0/src'
Running Make libs in microblaze_0/libsrc/uartlite_v3_0/src
make -C microblaze_0/libsrc/uartlite_v3_0/src -s libs -e "SHELL=/bin/sh" "COMPILER=mb-gcc" "ARCHIVER=mb-ar" "COMPILER_FLAGS= -O2 -c -mcpu=v9.3 -mlittle-endian -mno-xl-soft-div -mno-xl-soft-mul -mxl-barrel-shift" "EXTRA_COMPILER_FLAGS=-g -ffunction-sections -fdata-sections"
Compiling uartlite
make[2]: Entering directory `/home/derek/Documents/year_4/ECE532/git/ece352/designs/tetris_test2/tetris_test2.sdk/SDK/SDK_Export/tetris_bsp/microblaze_0/libsrc/uartlite_v3_0/src'
rm -rf *.o 
make[2]: Leaving directory `/home/derek/Documents/year_4/ECE532/git/ece352/designs/tetris_test2/tetris_test2.sdk/SDK/SDK_Export/tetris_bsp/microblaze_0/libsrc/uartlite_v3_0/src'
Finished building libraries
18:54:19 **** Auto Build of configuration Debug for project tetris ****
make all 
make: Nothing to be done for `all'.
18:54:29 **** Auto Build of configuration Debug for project tetris ****
make all 
Building file: ../src/tetris.c
Invoking: MicroBlaze gcc compiler
mb-gcc -Wall -O0 -g3 -c -fmessage-length=0 -I../../tetris_bsp/microblaze_0/include -mlittle-endian -mxl-barrel-shift -mno-xl-soft-div -mcpu=v9.3 -mno-xl-soft-mul -Wl,--no-relax -ffunction-sections -fdata-sections -MMD -MP -MF"src/tetris.d" -MT"src/tetris.d" -o "src/tetris.o" "../src/tetris.c"
Finished building: ../src/tetris.c
 
Building target: tetris.elf
Invoking: MicroBlaze gcc linker
mb-gcc -Wl,-T -Wl,../src/lscript.ld -L../../tetris_bsp/microblaze_0/lib -mlittle-endian -mxl-barrel-shift -mno-xl-soft-div -mcpu=v9.3 -mno-xl-soft-mul -Wl,--no-relax -Wl,--gc-sections -o "tetris.elf"  ./src/button_io.o ./src/platform.o ./src/tetris.o ./src/vga.o   -Wl,--start-group,-lxil,-lgcc,-lc,--end-group
Finished building target: tetris.elf
 
Invoking: MicroBlaze Print Size
mb-size tetris.elf  |tee "tetris.elf.size"
   text	   data	    bss	    dec	    hex	filename
  13568	   1372	   2148	  17088	   42c0	tetris.elf
Finished building: tetris.elf.size
 
18:54:31 **** Incremental Build of configuration Debug for project tetris ****
make all 
make: Nothing to be done for `all'.
