16:35:50 **** Build of project ddr_test_bsp ****
make -k all 
cp -f microblaze_0/lib/libxil_init.a microblaze_0/lib/libxil.a
Running Make include in microblaze_0/libsrc/bram_v4_0/src
make -C microblaze_0/libsrc/bram_v4_0/src -s include -e "SHELL=/bin/sh" "COMPILER=mb-gcc" "ARCHIVER=mb-ar" "COMPILER_FLAGS= -O2 -c -mcpu=v9.3 -mlittle-endian -mxl-soft-mul" "EXTRA_COMPILER_FLAGS=-g -ffunction-sections -fdata-sections"
Running Make include in microblaze_0/libsrc/cpu_v2_0/src
make -C microblaze_0/libsrc/cpu_v2_0/src -s include -e "SHELL=/bin/sh" "COMPILER=mb-gcc" "ARCHIVER=mb-ar" "COMPILER_FLAGS= -O2 -c -mcpu=v9.3 -mlittle-endian -mxl-soft-mul" "EXTRA_COMPILER_FLAGS=-g -ffunction-sections -fdata-sections"
Running Make include in microblaze_0/libsrc/intc_v3_0/src
make -C microblaze_0/libsrc/intc_v3_0/src -s include -e "SHELL=/bin/sh" "COMPILER=mb-gcc" "ARCHIVER=mb-ar" "COMPILER_FLAGS= -O2 -c -mcpu=v9.3 -mlittle-endian -mxl-soft-mul" "EXTRA_COMPILER_FLAGS=-g -ffunction-sections -fdata-sections"
Running Make include in microblaze_0/libsrc/standalone_v4_0/src
make -C microblaze_0/libsrc/standalone_v4_0/src -s include -e "SHELL=/bin/sh" "COMPILER=mb-gcc" "ARCHIVER=mb-ar" "COMPILER_FLAGS= -O2 -c -mcpu=v9.3 -mlittle-endian -mxl-soft-mul" "EXTRA_COMPILER_FLAGS=-g -ffunction-sections -fdata-sections"
make[2]: Entering directory `/home/derek/Documents/year_4/ECE532/git/ece352/designs/tetris_test2/tetris_test2.sdk/SDK/SDK_Export/ddr_test_bsp/microblaze_0/libsrc/standalone_v4_0/src/profile'
cp -rf profile.h mblaze_nt_types.h _profile_timer_hw.h ../../../../include
make[2]: Leaving directory `/home/derek/Documents/year_4/ECE532/git/ece352/designs/tetris_test2/tetris_test2.sdk/SDK/SDK_Export/ddr_test_bsp/microblaze_0/libsrc/standalone_v4_0/src/profile'
Running Make include in microblaze_0/libsrc/uartlite_v3_0/src
make -C microblaze_0/libsrc/uartlite_v3_0/src -s include -e "SHELL=/bin/sh" "COMPILER=mb-gcc" "ARCHIVER=mb-ar" "COMPILER_FLAGS= -O2 -c -mcpu=v9.3 -mlittle-endian -mxl-soft-mul" "EXTRA_COMPILER_FLAGS=-g -ffunction-sections -fdata-sections"
Running Make libs in microblaze_0/libsrc/bram_v4_0/src
make -C microblaze_0/libsrc/bram_v4_0/src -s libs -e "SHELL=/bin/sh" "COMPILER=mb-gcc" "ARCHIVER=mb-ar" "COMPILER_FLAGS= -O2 -c -mcpu=v9.3 -mlittle-endian -mxl-soft-mul" "EXTRA_COMPILER_FLAGS=-g -ffunction-sections -fdata-sections"
Compiling bram
make[2]: Entering directory `/home/derek/Documents/year_4/ECE532/git/ece352/designs/tetris_test2/tetris_test2.sdk/SDK/SDK_Export/ddr_test_bsp/microblaze_0/libsrc/bram_v4_0/src'
rm -rf *.o 
make[2]: Leaving directory `/home/derek/Documents/year_4/ECE532/git/ece352/designs/tetris_test2/tetris_test2.sdk/SDK/SDK_Export/ddr_test_bsp/microblaze_0/libsrc/bram_v4_0/src'
Running Make libs in microblaze_0/libsrc/cpu_v2_0/src
make -C microblaze_0/libsrc/cpu_v2_0/src -s libs -e "SHELL=/bin/sh" "COMPILER=mb-gcc" "ARCHIVER=mb-ar" "COMPILER_FLAGS= -O2 -c -mcpu=v9.3 -mlittle-endian -mxl-soft-mul" "EXTRA_COMPILER_FLAGS=-g -ffunction-sections -fdata-sections"
Compiling cpu
make[2]: Entering directory `/home/derek/Documents/year_4/ECE532/git/ece352/designs/tetris_test2/tetris_test2.sdk/SDK/SDK_Export/ddr_test_bsp/microblaze_0/libsrc/cpu_v2_0/src'
rm -rf *.o
make[2]: Leaving directory `/home/derek/Documents/year_4/ECE532/git/ece352/designs/tetris_test2/tetris_test2.sdk/SDK/SDK_Export/ddr_test_bsp/microblaze_0/libsrc/cpu_v2_0/src'
Running Make libs in microblaze_0/libsrc/intc_v3_0/src
make -C microblaze_0/libsrc/intc_v3_0/src -s libs -e "SHELL=/bin/sh" "COMPILER=mb-gcc" "ARCHIVER=mb-ar" "COMPILER_FLAGS= -O2 -c -mcpu=v9.3 -mlittle-endian -mxl-soft-mul" "EXTRA_COMPILER_FLAGS=-g -ffunction-sections -fdata-sections"
Compiling intc
make[2]: Entering directory `/home/derek/Documents/year_4/ECE532/git/ece352/designs/tetris_test2/tetris_test2.sdk/SDK/SDK_Export/ddr_test_bsp/microblaze_0/libsrc/intc_v3_0/src'
rm -rf *.o 
make[2]: Leaving directory `/home/derek/Documents/year_4/ECE532/git/ece352/designs/tetris_test2/tetris_test2.sdk/SDK/SDK_Export/ddr_test_bsp/microblaze_0/libsrc/intc_v3_0/src'
Running Make libs in microblaze_0/libsrc/standalone_v4_0/src
make -C microblaze_0/libsrc/standalone_v4_0/src -s libs -e "SHELL=/bin/sh" "COMPILER=mb-gcc" "ARCHIVER=mb-ar" "COMPILER_FLAGS= -O2 -c -mcpu=v9.3 -mlittle-endian -mxl-soft-mul" "EXTRA_COMPILER_FLAGS=-g -ffunction-sections -fdata-sections"
Compiling standalone
Running Make libs in microblaze_0/libsrc/uartlite_v3_0/src
make -C microblaze_0/libsrc/uartlite_v3_0/src -s libs -e "SHELL=/bin/sh" "COMPILER=mb-gcc" "ARCHIVER=mb-ar" "COMPILER_FLAGS= -O2 -c -mcpu=v9.3 -mlittle-endian -mxl-soft-mul" "EXTRA_COMPILER_FLAGS=-g -ffunction-sections -fdata-sections"
Compiling uartlite
make[2]: Entering directory `/home/derek/Documents/year_4/ECE532/git/ece352/designs/tetris_test2/tetris_test2.sdk/SDK/SDK_Export/ddr_test_bsp/microblaze_0/libsrc/uartlite_v3_0/src'
rm -rf *.o 
make[2]: Leaving directory `/home/derek/Documents/year_4/ECE532/git/ece352/designs/tetris_test2/tetris_test2.sdk/SDK/SDK_Export/ddr_test_bsp/microblaze_0/libsrc/uartlite_v3_0/src'
Finished building libraries
16:35:51 **** Build of configuration Debug for project ddr_test ****
make all 
Building file: ../src/helloworld.c
Invoking: MicroBlaze gcc compiler
mb-gcc -Wall -O0 -g3 -c -fmessage-length=0 -I../../ddr_test_bsp/microblaze_0/include -mlittle-endian -mcpu=v9.3 -mxl-soft-mul -Wl,--no-relax -ffunction-sections -fdata-sections -MMD -MP -MF"src/helloworld.d" -MT"src/helloworld.d" -o "src/helloworld.o" "../src/helloworld.c"
Finished building: ../src/helloworld.c
 
Building file: ../src/platform.c
Invoking: MicroBlaze gcc compiler
mb-gcc -Wall -O0 -g3 -c -fmessage-length=0 -I../../ddr_test_bsp/microblaze_0/include -mlittle-endian -mcpu=v9.3 -mxl-soft-mul -Wl,--no-relax -ffunction-sections -fdata-sections -MMD -MP -MF"src/platform.d" -MT"src/platform.d" -o "src/platform.o" "../src/platform.c"
Finished building: ../src/platform.c
 
Building target: ddr_test.elf
Invoking: MicroBlaze gcc linker
mb-gcc -Wl,-T -Wl,../src/lscript.ld -L../../ddr_test_bsp/microblaze_0/lib -mlittle-endian -mcpu=v9.3 -mxl-soft-mul -Wl,--no-relax -Wl,--gc-sections -o "ddr_test.elf"  ./src/helloworld.o ./src/platform.o   -Wl,--start-group,-lxil,-lgcc,-lc,--end-group
Finished building target: ddr_test.elf
 
Invoking: MicroBlaze Print Size
mb-size ddr_test.elf  |tee "ddr_test.elf.size"
   text	   data	    bss	    dec	    hex	filename
   2652	    308	   2084	   5044	   13b4	ddr_test.elf
Finished building: ddr_test.elf.size
 
16:36:46 **** Build of project ddr_test_bsp ****
make -k all 
Running Make include in microblaze_0/libsrc/bram_v4_0/src
make -C microblaze_0/libsrc/bram_v4_0/src -s include -e "SHELL=/bin/sh" "COMPILER=mb-gcc" "ARCHIVER=mb-ar" "COMPILER_FLAGS= -O2 -c -mcpu=v9.3 -mlittle-endian -mxl-soft-mul" "EXTRA_COMPILER_FLAGS=-g -ffunction-sections -fdata-sections"
Running Make include in microblaze_0/libsrc/cpu_v2_0/src
make -C microblaze_0/libsrc/cpu_v2_0/src -s include -e "SHELL=/bin/sh" "COMPILER=mb-gcc" "ARCHIVER=mb-ar" "COMPILER_FLAGS= -O2 -c -mcpu=v9.3 -mlittle-endian -mxl-soft-mul" "EXTRA_COMPILER_FLAGS=-g -ffunction-sections -fdata-sections"
Running Make include in microblaze_0/libsrc/intc_v3_0/src
make -C microblaze_0/libsrc/intc_v3_0/src -s include -e "SHELL=/bin/sh" "COMPILER=mb-gcc" "ARCHIVER=mb-ar" "COMPILER_FLAGS= -O2 -c -mcpu=v9.3 -mlittle-endian -mxl-soft-mul" "EXTRA_COMPILER_FLAGS=-g -ffunction-sections -fdata-sections"
Running Make include in microblaze_0/libsrc/standalone_v4_0/src
make -C microblaze_0/libsrc/standalone_v4_0/src -s include -e "SHELL=/bin/sh" "COMPILER=mb-gcc" "ARCHIVER=mb-ar" "COMPILER_FLAGS= -O2 -c -mcpu=v9.3 -mlittle-endian -mxl-soft-mul" "EXTRA_COMPILER_FLAGS=-g -ffunction-sections -fdata-sections"
make[2]: Entering directory `/home/derek/Documents/year_4/ECE532/git/ece352/designs/tetris_test2/tetris_test2.sdk/SDK/SDK_Export/ddr_test_bsp/microblaze_0/libsrc/standalone_v4_0/src/profile'
cp -rf profile.h mblaze_nt_types.h _profile_timer_hw.h ../../../../include
make[2]: Leaving directory `/home/derek/Documents/year_4/ECE532/git/ece352/designs/tetris_test2/tetris_test2.sdk/SDK/SDK_Export/ddr_test_bsp/microblaze_0/libsrc/standalone_v4_0/src/profile'
Running Make include in microblaze_0/libsrc/uartlite_v3_0/src
make -C microblaze_0/libsrc/uartlite_v3_0/src -s include -e "SHELL=/bin/sh" "COMPILER=mb-gcc" "ARCHIVER=mb-ar" "COMPILER_FLAGS= -O2 -c -mcpu=v9.3 -mlittle-endian -mxl-soft-mul" "EXTRA_COMPILER_FLAGS=-g -ffunction-sections -fdata-sections"
Running Make libs in microblaze_0/libsrc/bram_v4_0/src
make -C microblaze_0/libsrc/bram_v4_0/src -s libs -e "SHELL=/bin/sh" "COMPILER=mb-gcc" "ARCHIVER=mb-ar" "COMPILER_FLAGS= -O2 -c -mcpu=v9.3 -mlittle-endian -mxl-soft-mul" "EXTRA_COMPILER_FLAGS=-g -ffunction-sections -fdata-sections"
Compiling bram
make[2]: Entering directory `/home/derek/Documents/year_4/ECE532/git/ece352/designs/tetris_test2/tetris_test2.sdk/SDK/SDK_Export/ddr_test_bsp/microblaze_0/libsrc/bram_v4_0/src'
rm -rf *.o 
make[2]: Leaving directory `/home/derek/Documents/year_4/ECE532/git/ece352/designs/tetris_test2/tetris_test2.sdk/SDK/SDK_Export/ddr_test_bsp/microblaze_0/libsrc/bram_v4_0/src'
Running Make libs in microblaze_0/libsrc/cpu_v2_0/src
make -C microblaze_0/libsrc/cpu_v2_0/src -s libs -e "SHELL=/bin/sh" "COMPILER=mb-gcc" "ARCHIVER=mb-ar" "COMPILER_FLAGS= -O2 -c -mcpu=v9.3 -mlittle-endian -mxl-soft-mul" "EXTRA_COMPILER_FLAGS=-g -ffunction-sections -fdata-sections"
Compiling cpu
make[2]: Entering directory `/home/derek/Documents/year_4/ECE532/git/ece352/designs/tetris_test2/tetris_test2.sdk/SDK/SDK_Export/ddr_test_bsp/microblaze_0/libsrc/cpu_v2_0/src'
rm -rf *.o
make[2]: Leaving directory `/home/derek/Documents/year_4/ECE532/git/ece352/designs/tetris_test2/tetris_test2.sdk/SDK/SDK_Export/ddr_test_bsp/microblaze_0/libsrc/cpu_v2_0/src'
Running Make libs in microblaze_0/libsrc/intc_v3_0/src
make -C microblaze_0/libsrc/intc_v3_0/src -s libs -e "SHELL=/bin/sh" "COMPILER=mb-gcc" "ARCHIVER=mb-ar" "COMPILER_FLAGS= -O2 -c -mcpu=v9.3 -mlittle-endian -mxl-soft-mul" "EXTRA_COMPILER_FLAGS=-g -ffunction-sections -fdata-sections"
Compiling intc
make[2]: Entering directory `/home/derek/Documents/year_4/ECE532/git/ece352/designs/tetris_test2/tetris_test2.sdk/SDK/SDK_Export/ddr_test_bsp/microblaze_0/libsrc/intc_v3_0/src'
rm -rf *.o 
make[2]: Leaving directory `/home/derek/Documents/year_4/ECE532/git/ece352/designs/tetris_test2/tetris_test2.sdk/SDK/SDK_Export/ddr_test_bsp/microblaze_0/libsrc/intc_v3_0/src'
Running Make libs in microblaze_0/libsrc/standalone_v4_0/src
make -C microblaze_0/libsrc/standalone_v4_0/src -s libs -e "SHELL=/bin/sh" "COMPILER=mb-gcc" "ARCHIVER=mb-ar" "COMPILER_FLAGS= -O2 -c -mcpu=v9.3 -mlittle-endian -mxl-soft-mul" "EXTRA_COMPILER_FLAGS=-g -ffunction-sections -fdata-sections"
Compiling standalone
Running Make libs in microblaze_0/libsrc/uartlite_v3_0/src
make -C microblaze_0/libsrc/uartlite_v3_0/src -s libs -e "SHELL=/bin/sh" "COMPILER=mb-gcc" "ARCHIVER=mb-ar" "COMPILER_FLAGS= -O2 -c -mcpu=v9.3 -mlittle-endian -mxl-soft-mul" "EXTRA_COMPILER_FLAGS=-g -ffunction-sections -fdata-sections"
Compiling uartlite
make[2]: Entering directory `/home/derek/Documents/year_4/ECE532/git/ece352/designs/tetris_test2/tetris_test2.sdk/SDK/SDK_Export/ddr_test_bsp/microblaze_0/libsrc/uartlite_v3_0/src'
rm -rf *.o 
make[2]: Leaving directory `/home/derek/Documents/year_4/ECE532/git/ece352/designs/tetris_test2/tetris_test2.sdk/SDK/SDK_Export/ddr_test_bsp/microblaze_0/libsrc/uartlite_v3_0/src'
Finished building libraries
16:36:48 **** Clean-only build of configuration Debug for project ddr_test ****
make clean 
rm -rf  ./src/helloworld.o ./src/platform.o  ./src/helloworld.d ./src/platform.d  ddr_test.elf.size  ddr_test.elf
 
16:36:49 **** Build of configuration Debug for project ddr_test ****
make all 
Building file: ../src/helloworld.c
Invoking: MicroBlaze gcc compiler
mb-gcc -Wall -O0 -g3 -c -fmessage-length=0 -I../../ddr_test_bsp/microblaze_0/include -mlittle-endian -mcpu=v9.3 -mxl-soft-mul -Wl,--no-relax -ffunction-sections -fdata-sections -MMD -MP -MF"src/helloworld.d" -MT"src/helloworld.d" -o "src/helloworld.o" "../src/helloworld.c"
Finished building: ../src/helloworld.c
 
Building file: ../src/platform.c
Invoking: MicroBlaze gcc compiler
mb-gcc -Wall -O0 -g3 -c -fmessage-length=0 -I../../ddr_test_bsp/microblaze_0/include -mlittle-endian -mcpu=v9.3 -mxl-soft-mul -Wl,--no-relax -ffunction-sections -fdata-sections -MMD -MP -MF"src/platform.d" -MT"src/platform.d" -o "src/platform.o" "../src/platform.c"
Finished building: ../src/platform.c
 
Building target: ddr_test.elf
Invoking: MicroBlaze gcc linker
mb-gcc -Wl,-T -Wl,../src/lscript.ld -L../../ddr_test_bsp/microblaze_0/lib -mlittle-endian -mcpu=v9.3 -mxl-soft-mul -Wl,--no-relax -Wl,--gc-sections -o "ddr_test.elf"  ./src/helloworld.o ./src/platform.o   -Wl,--start-group,-lxil,-lgcc,-lc,--end-group
Finished building target: ddr_test.elf
 
Invoking: MicroBlaze Print Size
mb-size ddr_test.elf  |tee "ddr_test.elf.size"
   text	   data	    bss	    dec	    hex	filename
   2652	    308	   2084	   5044	   13b4	ddr_test.elf
Finished building: ddr_test.elf.size
 
16:36:52 **** Auto Build of project ddr_test_bsp ****
make -k all 
Running Make include in microblaze_0/libsrc/bram_v4_0/src
make -C microblaze_0/libsrc/bram_v4_0/src -s include -e "SHELL=/bin/sh" "COMPILER=mb-gcc" "ARCHIVER=mb-ar" "COMPILER_FLAGS= -O2 -c -mcpu=v9.3 -mlittle-endian -mxl-soft-mul" "EXTRA_COMPILER_FLAGS=-g -ffunction-sections -fdata-sections"
Running Make include in microblaze_0/libsrc/cpu_v2_0/src
make -C microblaze_0/libsrc/cpu_v2_0/src -s include -e "SHELL=/bin/sh" "COMPILER=mb-gcc" "ARCHIVER=mb-ar" "COMPILER_FLAGS= -O2 -c -mcpu=v9.3 -mlittle-endian -mxl-soft-mul" "EXTRA_COMPILER_FLAGS=-g -ffunction-sections -fdata-sections"
Running Make include in microblaze_0/libsrc/intc_v3_0/src
make -C microblaze_0/libsrc/intc_v3_0/src -s include -e "SHELL=/bin/sh" "COMPILER=mb-gcc" "ARCHIVER=mb-ar" "COMPILER_FLAGS= -O2 -c -mcpu=v9.3 -mlittle-endian -mxl-soft-mul" "EXTRA_COMPILER_FLAGS=-g -ffunction-sections -fdata-sections"
Running Make include in microblaze_0/libsrc/standalone_v4_0/src
make -C microblaze_0/libsrc/standalone_v4_0/src -s include -e "SHELL=/bin/sh" "COMPILER=mb-gcc" "ARCHIVER=mb-ar" "COMPILER_FLAGS= -O2 -c -mcpu=v9.3 -mlittle-endian -mxl-soft-mul" "EXTRA_COMPILER_FLAGS=-g -ffunction-sections -fdata-sections"
make[2]: Entering directory `/home/derek/Documents/year_4/ECE532/git/ece352/designs/tetris_test2/tetris_test2.sdk/SDK/SDK_Export/ddr_test_bsp/microblaze_0/libsrc/standalone_v4_0/src/profile'
cp -rf profile.h mblaze_nt_types.h _profile_timer_hw.h ../../../../include
make[2]: Leaving directory `/home/derek/Documents/year_4/ECE532/git/ece352/designs/tetris_test2/tetris_test2.sdk/SDK/SDK_Export/ddr_test_bsp/microblaze_0/libsrc/standalone_v4_0/src/profile'
Running Make include in microblaze_0/libsrc/uartlite_v3_0/src
make -C microblaze_0/libsrc/uartlite_v3_0/src -s include -e "SHELL=/bin/sh" "COMPILER=mb-gcc" "ARCHIVER=mb-ar" "COMPILER_FLAGS= -O2 -c -mcpu=v9.3 -mlittle-endian -mxl-soft-mul" "EXTRA_COMPILER_FLAGS=-g -ffunction-sections -fdata-sections"
Running Make libs in microblaze_0/libsrc/bram_v4_0/src
make -C microblaze_0/libsrc/bram_v4_0/src -s libs -e "SHELL=/bin/sh" "COMPILER=mb-gcc" "ARCHIVER=mb-ar" "COMPILER_FLAGS= -O2 -c -mcpu=v9.3 -mlittle-endian -mxl-soft-mul" "EXTRA_COMPILER_FLAGS=-g -ffunction-sections -fdata-sections"
Compiling bram
make[2]: Entering directory `/home/derek/Documents/year_4/ECE532/git/ece352/designs/tetris_test2/tetris_test2.sdk/SDK/SDK_Export/ddr_test_bsp/microblaze_0/libsrc/bram_v4_0/src'
rm -rf *.o 
make[2]: Leaving directory `/home/derek/Documents/year_4/ECE532/git/ece352/designs/tetris_test2/tetris_test2.sdk/SDK/SDK_Export/ddr_test_bsp/microblaze_0/libsrc/bram_v4_0/src'
Running Make libs in microblaze_0/libsrc/cpu_v2_0/src
make -C microblaze_0/libsrc/cpu_v2_0/src -s libs -e "SHELL=/bin/sh" "COMPILER=mb-gcc" "ARCHIVER=mb-ar" "COMPILER_FLAGS= -O2 -c -mcpu=v9.3 -mlittle-endian -mxl-soft-mul" "EXTRA_COMPILER_FLAGS=-g -ffunction-sections -fdata-sections"
Compiling cpu
make[2]: Entering directory `/home/derek/Documents/year_4/ECE532/git/ece352/designs/tetris_test2/tetris_test2.sdk/SDK/SDK_Export/ddr_test_bsp/microblaze_0/libsrc/cpu_v2_0/src'
rm -rf *.o
make[2]: Leaving directory `/home/derek/Documents/year_4/ECE532/git/ece352/designs/tetris_test2/tetris_test2.sdk/SDK/SDK_Export/ddr_test_bsp/microblaze_0/libsrc/cpu_v2_0/src'
Running Make libs in microblaze_0/libsrc/intc_v3_0/src
make -C microblaze_0/libsrc/intc_v3_0/src -s libs -e "SHELL=/bin/sh" "COMPILER=mb-gcc" "ARCHIVER=mb-ar" "COMPILER_FLAGS= -O2 -c -mcpu=v9.3 -mlittle-endian -mxl-soft-mul" "EXTRA_COMPILER_FLAGS=-g -ffunction-sections -fdata-sections"
Compiling intc
make[2]: Entering directory `/home/derek/Documents/year_4/ECE532/git/ece352/designs/tetris_test2/tetris_test2.sdk/SDK/SDK_Export/ddr_test_bsp/microblaze_0/libsrc/intc_v3_0/src'
rm -rf *.o 
make[2]: Leaving directory `/home/derek/Documents/year_4/ECE532/git/ece352/designs/tetris_test2/tetris_test2.sdk/SDK/SDK_Export/ddr_test_bsp/microblaze_0/libsrc/intc_v3_0/src'
Running Make libs in microblaze_0/libsrc/standalone_v4_0/src
make -C microblaze_0/libsrc/standalone_v4_0/src -s libs -e "SHELL=/bin/sh" "COMPILER=mb-gcc" "ARCHIVER=mb-ar" "COMPILER_FLAGS= -O2 -c -mcpu=v9.3 -mlittle-endian -mxl-soft-mul" "EXTRA_COMPILER_FLAGS=-g -ffunction-sections -fdata-sections"
Compiling standalone
Running Make libs in microblaze_0/libsrc/uartlite_v3_0/src
make -C microblaze_0/libsrc/uartlite_v3_0/src -s libs -e "SHELL=/bin/sh" "COMPILER=mb-gcc" "ARCHIVER=mb-ar" "COMPILER_FLAGS= -O2 -c -mcpu=v9.3 -mlittle-endian -mxl-soft-mul" "EXTRA_COMPILER_FLAGS=-g -ffunction-sections -fdata-sections"
Compiling uartlite
make[2]: Entering directory `/home/derek/Documents/year_4/ECE532/git/ece352/designs/tetris_test2/tetris_test2.sdk/SDK/SDK_Export/ddr_test_bsp/microblaze_0/libsrc/uartlite_v3_0/src'
rm -rf *.o 
make[2]: Leaving directory `/home/derek/Documents/year_4/ECE532/git/ece352/designs/tetris_test2/tetris_test2.sdk/SDK/SDK_Export/ddr_test_bsp/microblaze_0/libsrc/uartlite_v3_0/src'
Finished building libraries
16:36:54 **** Auto Build of configuration Debug for project ddr_test ****
make all 
make: Nothing to be done for `all'.
16:36:56 **** Clean-only build of project ddr_test_bsp ****
make -k clean 
rm -f microblaze_0/lib/libxil.a
16:36:56 **** Clean-only build of configuration Debug for project ddr_test ****
make clean 
rm -rf  ./src/helloworld.o ./src/platform.o  ./src/helloworld.d ./src/platform.d  ddr_test.elf.size  ddr_test.elf
 
16:36:57 **** Build of project ddr_test_bsp ****
make -k all 
cp -f microblaze_0/lib/libxil_init.a microblaze_0/lib/libxil.a
Running Make include in microblaze_0/libsrc/bram_v4_0/src
make -C microblaze_0/libsrc/bram_v4_0/src -s include -e "SHELL=/bin/sh" "COMPILER=mb-gcc" "ARCHIVER=mb-ar" "COMPILER_FLAGS= -O2 -c -mcpu=v9.3 -mlittle-endian -mxl-soft-mul" "EXTRA_COMPILER_FLAGS=-g -ffunction-sections -fdata-sections"
Running Make include in microblaze_0/libsrc/cpu_v2_0/src
make -C microblaze_0/libsrc/cpu_v2_0/src -s include -e "SHELL=/bin/sh" "COMPILER=mb-gcc" "ARCHIVER=mb-ar" "COMPILER_FLAGS= -O2 -c -mcpu=v9.3 -mlittle-endian -mxl-soft-mul" "EXTRA_COMPILER_FLAGS=-g -ffunction-sections -fdata-sections"
Running Make include in microblaze_0/libsrc/intc_v3_0/src
make -C microblaze_0/libsrc/intc_v3_0/src -s include -e "SHELL=/bin/sh" "COMPILER=mb-gcc" "ARCHIVER=mb-ar" "COMPILER_FLAGS= -O2 -c -mcpu=v9.3 -mlittle-endian -mxl-soft-mul" "EXTRA_COMPILER_FLAGS=-g -ffunction-sections -fdata-sections"
Running Make include in microblaze_0/libsrc/standalone_v4_0/src
make -C microblaze_0/libsrc/standalone_v4_0/src -s include -e "SHELL=/bin/sh" "COMPILER=mb-gcc" "ARCHIVER=mb-ar" "COMPILER_FLAGS= -O2 -c -mcpu=v9.3 -mlittle-endian -mxl-soft-mul" "EXTRA_COMPILER_FLAGS=-g -ffunction-sections -fdata-sections"
make[2]: Entering directory `/home/derek/Documents/year_4/ECE532/git/ece352/designs/tetris_test2/tetris_test2.sdk/SDK/SDK_Export/ddr_test_bsp/microblaze_0/libsrc/standalone_v4_0/src/profile'
cp -rf profile.h mblaze_nt_types.h _profile_timer_hw.h ../../../../include
make[2]: Leaving directory `/home/derek/Documents/year_4/ECE532/git/ece352/designs/tetris_test2/tetris_test2.sdk/SDK/SDK_Export/ddr_test_bsp/microblaze_0/libsrc/standalone_v4_0/src/profile'
Running Make include in microblaze_0/libsrc/uartlite_v3_0/src
make -C microblaze_0/libsrc/uartlite_v3_0/src -s include -e "SHELL=/bin/sh" "COMPILER=mb-gcc" "ARCHIVER=mb-ar" "COMPILER_FLAGS= -O2 -c -mcpu=v9.3 -mlittle-endian -mxl-soft-mul" "EXTRA_COMPILER_FLAGS=-g -ffunction-sections -fdata-sections"
Running Make libs in microblaze_0/libsrc/bram_v4_0/src
make -C microblaze_0/libsrc/bram_v4_0/src -s libs -e "SHELL=/bin/sh" "COMPILER=mb-gcc" "ARCHIVER=mb-ar" "COMPILER_FLAGS= -O2 -c -mcpu=v9.3 -mlittle-endian -mxl-soft-mul" "EXTRA_COMPILER_FLAGS=-g -ffunction-sections -fdata-sections"
Compiling bram
make[2]: Entering directory `/home/derek/Documents/year_4/ECE532/git/ece352/designs/tetris_test2/tetris_test2.sdk/SDK/SDK_Export/ddr_test_bsp/microblaze_0/libsrc/bram_v4_0/src'
rm -rf *.o 
make[2]: Leaving directory `/home/derek/Documents/year_4/ECE532/git/ece352/designs/tetris_test2/tetris_test2.sdk/SDK/SDK_Export/ddr_test_bsp/microblaze_0/libsrc/bram_v4_0/src'
Running Make libs in microblaze_0/libsrc/cpu_v2_0/src
make -C microblaze_0/libsrc/cpu_v2_0/src -s libs -e "SHELL=/bin/sh" "COMPILER=mb-gcc" "ARCHIVER=mb-ar" "COMPILER_FLAGS= -O2 -c -mcpu=v9.3 -mlittle-endian -mxl-soft-mul" "EXTRA_COMPILER_FLAGS=-g -ffunction-sections -fdata-sections"
Compiling cpu
make[2]: Entering directory `/home/derek/Documents/year_4/ECE532/git/ece352/designs/tetris_test2/tetris_test2.sdk/SDK/SDK_Export/ddr_test_bsp/microblaze_0/libsrc/cpu_v2_0/src'
rm -rf *.o
make[2]: Leaving directory `/home/derek/Documents/year_4/ECE532/git/ece352/designs/tetris_test2/tetris_test2.sdk/SDK/SDK_Export/ddr_test_bsp/microblaze_0/libsrc/cpu_v2_0/src'
Running Make libs in microblaze_0/libsrc/intc_v3_0/src
make -C microblaze_0/libsrc/intc_v3_0/src -s libs -e "SHELL=/bin/sh" "COMPILER=mb-gcc" "ARCHIVER=mb-ar" "COMPILER_FLAGS= -O2 -c -mcpu=v9.3 -mlittle-endian -mxl-soft-mul" "EXTRA_COMPILER_FLAGS=-g -ffunction-sections -fdata-sections"
Compiling intc
make[2]: Entering directory `/home/derek/Documents/year_4/ECE532/git/ece352/designs/tetris_test2/tetris_test2.sdk/SDK/SDK_Export/ddr_test_bsp/microblaze_0/libsrc/intc_v3_0/src'
rm -rf *.o 
make[2]: Leaving directory `/home/derek/Documents/year_4/ECE532/git/ece352/designs/tetris_test2/tetris_test2.sdk/SDK/SDK_Export/ddr_test_bsp/microblaze_0/libsrc/intc_v3_0/src'
Running Make libs in microblaze_0/libsrc/standalone_v4_0/src
make -C microblaze_0/libsrc/standalone_v4_0/src -s libs -e "SHELL=/bin/sh" "COMPILER=mb-gcc" "ARCHIVER=mb-ar" "COMPILER_FLAGS= -O2 -c -mcpu=v9.3 -mlittle-endian -mxl-soft-mul" "EXTRA_COMPILER_FLAGS=-g -ffunction-sections -fdata-sections"
Compiling standalone
Running Make libs in microblaze_0/libsrc/uartlite_v3_0/src
make -C microblaze_0/libsrc/uartlite_v3_0/src -s libs -e "SHELL=/bin/sh" "COMPILER=mb-gcc" "ARCHIVER=mb-ar" "COMPILER_FLAGS= -O2 -c -mcpu=v9.3 -mlittle-endian -mxl-soft-mul" "EXTRA_COMPILER_FLAGS=-g -ffunction-sections -fdata-sections"
Compiling uartlite
make[2]: Entering directory `/home/derek/Documents/year_4/ECE532/git/ece352/designs/tetris_test2/tetris_test2.sdk/SDK/SDK_Export/ddr_test_bsp/microblaze_0/libsrc/uartlite_v3_0/src'
rm -rf *.o 
make[2]: Leaving directory `/home/derek/Documents/year_4/ECE532/git/ece352/designs/tetris_test2/tetris_test2.sdk/SDK/SDK_Export/ddr_test_bsp/microblaze_0/libsrc/uartlite_v3_0/src'
Finished building libraries
16:36:58 **** Build of configuration Debug for project ddr_test ****
make all 
Building file: ../src/helloworld.c
Invoking: MicroBlaze gcc compiler
mb-gcc -Wall -O0 -g3 -c -fmessage-length=0 -I../../ddr_test_bsp/microblaze_0/include -mlittle-endian -mcpu=v9.3 -mxl-soft-mul -Wl,--no-relax -ffunction-sections -fdata-sections -MMD -MP -MF"src/helloworld.d" -MT"src/helloworld.d" -o "src/helloworld.o" "../src/helloworld.c"
Finished building: ../src/helloworld.c
 
Building file: ../src/platform.c
Invoking: MicroBlaze gcc compiler
mb-gcc -Wall -O0 -g3 -c -fmessage-length=0 -I../../ddr_test_bsp/microblaze_0/include -mlittle-endian -mcpu=v9.3 -mxl-soft-mul -Wl,--no-relax -ffunction-sections -fdata-sections -MMD -MP -MF"src/platform.d" -MT"src/platform.d" -o "src/platform.o" "../src/platform.c"
Finished building: ../src/platform.c
 
Building target: ddr_test.elf
Invoking: MicroBlaze gcc linker
mb-gcc -Wl,-T -Wl,../src/lscript.ld -L../../ddr_test_bsp/microblaze_0/lib -mlittle-endian -mcpu=v9.3 -mxl-soft-mul -Wl,--no-relax -Wl,--gc-sections -o "ddr_test.elf"  ./src/helloworld.o ./src/platform.o   -Wl,--start-group,-lxil,-lgcc,-lc,--end-group
Finished building target: ddr_test.elf
 
Invoking: MicroBlaze Print Size
mb-size ddr_test.elf  |tee "ddr_test.elf.size"
   text	   data	    bss	    dec	    hex	filename
   2652	    308	   2084	   5044	   13b4	ddr_test.elf
Finished building: ddr_test.elf.size
 
16:43:38 **** Incremental Build of configuration Debug for project ddr_test ****
make all 
make: Nothing to be done for `all'.
16:43:42 **** Incremental Build of configuration Debug for project ddr_test ****
make all 
make: Nothing to be done for `all'.
16:43:44 **** Incremental Build of configuration Debug for project ddr_test ****
make all 
make: Nothing to be done for `all'.
16:44:32 **** Auto Build of configuration Debug for project ddr_test ****
make all 
Building file: ../src/helloworld.c
Invoking: MicroBlaze gcc compiler
mb-gcc -Wall -O0 -g3 -c -fmessage-length=0 -I../../ddr_test_bsp/microblaze_0/include -mlittle-endian -mcpu=v9.3 -mxl-soft-mul -Wl,--no-relax -ffunction-sections -fdata-sections -MMD -MP -MF"src/helloworld.d" -MT"src/helloworld.d" -o "src/helloworld.o" "../src/helloworld.c"
Finished building: ../src/helloworld.c
 
Building target: ddr_test.elf
Invoking: MicroBlaze gcc linker
mb-gcc -Wl,-T -Wl,../src/lscript.ld -L../../ddr_test_bsp/microblaze_0/lib -mlittle-endian -mcpu=v9.3 -mxl-soft-mul -Wl,--no-relax -Wl,--gc-sections -o "ddr_test.elf"  ./src/helloworld.o ./src/platform.o   -Wl,--start-group,-lxil,-lgcc,-lc,--end-group
Finished building target: ddr_test.elf
 
Invoking: MicroBlaze Print Size
mb-size ddr_test.elf  |tee "ddr_test.elf.size"
   text	   data	    bss	    dec	    hex	filename
   3368	    312	   2084	   5764	   1684	ddr_test.elf
Finished building: ddr_test.elf.size
 
16:44:38 **** Incremental Build of configuration Debug for project ddr_test ****
make all 
make: Nothing to be done for `all'.
16:44:48 **** Incremental Build of configuration Debug for project ddr_test ****
make all 
make: Nothing to be done for `all'.
16:44:59 **** Incremental Build of configuration Debug for project ddr_test ****
make all 
make: Nothing to be done for `all'.
16:45:45 **** Auto Build of configuration Debug for project ddr_test ****
make all 
Building file: ../src/helloworld.c
Invoking: MicroBlaze gcc compiler
mb-gcc -Wall -O0 -g3 -c -fmessage-length=0 -I../../ddr_test_bsp/microblaze_0/include -mlittle-endian -mcpu=v9.3 -mxl-soft-mul -Wl,--no-relax -ffunction-sections -fdata-sections -MMD -MP -MF"src/helloworld.d" -MT"src/helloworld.d" -o "src/helloworld.o" "../src/helloworld.c"
Finished building: ../src/helloworld.c
 
Building target: ddr_test.elf
Invoking: MicroBlaze gcc linker
mb-gcc -Wl,-T -Wl,../src/lscript.ld -L../../ddr_test_bsp/microblaze_0/lib -mlittle-endian -mcpu=v9.3 -mxl-soft-mul -Wl,--no-relax -Wl,--gc-sections -o "ddr_test.elf"  ./src/helloworld.o ./src/platform.o   -Wl,--start-group,-lxil,-lgcc,-lc,--end-group
Finished building target: ddr_test.elf
 
Invoking: MicroBlaze Print Size
mb-size ddr_test.elf  |tee "ddr_test.elf.size"
   text	   data	    bss	    dec	    hex	filename
   3364	    312	   2080	   5756	   167c	ddr_test.elf
Finished building: ddr_test.elf.size
 
16:45:48 **** Incremental Build of configuration Debug for project ddr_test ****
make all 
make: Nothing to be done for `all'.
16:46:45 **** Incremental Build of configuration Debug for project ddr_test ****
make all 
make: Nothing to be done for `all'.
16:46:53 **** Incremental Build of configuration Debug for project ddr_test ****
make all 
make: Nothing to be done for `all'.
16:48:46 **** Clean-only build of configuration Debug for project ddr_test ****
make clean 
rm -rf  ./src/helloworld.o ./src/platform.o  ./src/helloworld.d ./src/platform.d  ddr_test.elf.size  ddr_test.elf
 
16:48:46 **** Auto Build of configuration Debug for project ddr_test ****
make all 
Building file: ../src/helloworld.c
Invoking: MicroBlaze gcc compiler
mb-gcc -Wall -O0 -g3 -c -fmessage-length=0 -I../../ddr_test_bsp/microblaze_0/include -mlittle-endian -mcpu=v9.3 -mxl-soft-mul -Wl,--no-relax -ffunction-sections -fdata-sections -MMD -MP -MF"src/helloworld.d" -MT"src/helloworld.d" -o "src/helloworld.o" "../src/helloworld.c"
Finished building: ../src/helloworld.c
 
Building file: ../src/platform.c
Invoking: MicroBlaze gcc compiler
mb-gcc -Wall -O0 -g3 -c -fmessage-length=0 -I../../ddr_test_bsp/microblaze_0/include -mlittle-endian -mcpu=v9.3 -mxl-soft-mul -Wl,--no-relax -ffunction-sections -fdata-sections -MMD -MP -MF"src/platform.d" -MT"src/platform.d" -o "src/platform.o" "../src/platform.c"
Finished building: ../src/platform.c
 
Building target: ddr_test.elf
Invoking: MicroBlaze gcc linker
mb-gcc -Wl,-T -Wl,../src/lscript.ld -L../../ddr_test_bsp/microblaze_0/lib -mlittle-endian -mcpu=v9.3 -mxl-soft-mul -Wl,--no-relax -Wl,--gc-sections -o "ddr_test.elf"  ./src/helloworld.o ./src/platform.o   -Wl,--start-group,-lxil,-lgcc,-lc,--end-group
Finished building target: ddr_test.elf
 
Invoking: MicroBlaze Print Size
mb-size ddr_test.elf  |tee "ddr_test.elf.size"
   text	   data	    bss	    dec	    hex	filename
   3364	    312	   2084	   5760	   1680	ddr_test.elf
Finished building: ddr_test.elf.size
 
16:48:49 **** Incremental Build of configuration Debug for project ddr_test ****
make all 
make: Nothing to be done for `all'.
16:49:12 **** Auto Build of configuration Debug for project ddr_test ****
make all 
Building file: ../src/helloworld.c
Invoking: MicroBlaze gcc compiler
mb-gcc -Wall -O0 -g3 -c -fmessage-length=0 -I../../ddr_test_bsp/microblaze_0/include -mlittle-endian -mcpu=v9.3 -mxl-soft-mul -Wl,--no-relax -ffunction-sections -fdata-sections -MMD -MP -MF"src/helloworld.d" -MT"src/helloworld.d" -o "src/helloworld.o" "../src/helloworld.c"
Finished building: ../src/helloworld.c
 
Building target: ddr_test.elf
Invoking: MicroBlaze gcc linker
mb-gcc -Wl,-T -Wl,../src/lscript.ld -L../../ddr_test_bsp/microblaze_0/lib -mlittle-endian -mcpu=v9.3 -mxl-soft-mul -Wl,--no-relax -Wl,--gc-sections -o "ddr_test.elf"  ./src/helloworld.o ./src/platform.o   -Wl,--start-group,-lxil,-lgcc,-lc,--end-group
Finished building target: ddr_test.elf
 
Invoking: MicroBlaze Print Size
mb-size ddr_test.elf  |tee "ddr_test.elf.size"
   text	   data	    bss	    dec	    hex	filename
   3368	    312	   2080	   5760	   1680	ddr_test.elf
Finished building: ddr_test.elf.size
 
16:49:14 **** Incremental Build of configuration Debug for project ddr_test ****
make all 
make: Nothing to be done for `all'.
16:49:19 **** Incremental Build of configuration Debug for project ddr_test ****
make all 
make: Nothing to be done for `all'.
20:59:00 **** Auto Build of project ddr_test_bsp ****
make -k all 
Running Make include in microblaze_0/libsrc/bram_v4_0/src
make -C microblaze_0/libsrc/bram_v4_0/src -s include -e "SHELL=/bin/sh" "COMPILER=mb-gcc" "ARCHIVER=mb-ar" "COMPILER_FLAGS= -O2 -c -mcpu=v9.3 -mlittle-endian -mxl-soft-mul" "EXTRA_COMPILER_FLAGS=-g -ffunction-sections -fdata-sections"
Running Make include in microblaze_0/libsrc/cpu_v2_0/src
make -C microblaze_0/libsrc/cpu_v2_0/src -s include -e "SHELL=/bin/sh" "COMPILER=mb-gcc" "ARCHIVER=mb-ar" "COMPILER_FLAGS= -O2 -c -mcpu=v9.3 -mlittle-endian -mxl-soft-mul" "EXTRA_COMPILER_FLAGS=-g -ffunction-sections -fdata-sections"
Running Make include in microblaze_0/libsrc/intc_v3_0/src
make -C microblaze_0/libsrc/intc_v3_0/src -s include -e "SHELL=/bin/sh" "COMPILER=mb-gcc" "ARCHIVER=mb-ar" "COMPILER_FLAGS= -O2 -c -mcpu=v9.3 -mlittle-endian -mxl-soft-mul" "EXTRA_COMPILER_FLAGS=-g -ffunction-sections -fdata-sections"
Running Make include in microblaze_0/libsrc/standalone_v4_0/src
make -C microblaze_0/libsrc/standalone_v4_0/src -s include -e "SHELL=/bin/sh" "COMPILER=mb-gcc" "ARCHIVER=mb-ar" "COMPILER_FLAGS= -O2 -c -mcpu=v9.3 -mlittle-endian -mxl-soft-mul" "EXTRA_COMPILER_FLAGS=-g -ffunction-sections -fdata-sections"
make[2]: Entering directory `/home/derek/Documents/year_4/ECE532/git/ece352/designs/tetris_test2/tetris_test2.sdk/SDK/SDK_Export/ddr_test_bsp/microblaze_0/libsrc/standalone_v4_0/src/profile'
cp -rf profile.h mblaze_nt_types.h _profile_timer_hw.h ../../../../include
make[2]: Leaving directory `/home/derek/Documents/year_4/ECE532/git/ece352/designs/tetris_test2/tetris_test2.sdk/SDK/SDK_Export/ddr_test_bsp/microblaze_0/libsrc/standalone_v4_0/src/profile'
Running Make include in microblaze_0/libsrc/uartlite_v3_0/src
make -C microblaze_0/libsrc/uartlite_v3_0/src -s include -e "SHELL=/bin/sh" "COMPILER=mb-gcc" "ARCHIVER=mb-ar" "COMPILER_FLAGS= -O2 -c -mcpu=v9.3 -mlittle-endian -mxl-soft-mul" "EXTRA_COMPILER_FLAGS=-g -ffunction-sections -fdata-sections"
Running Make libs in microblaze_0/libsrc/bram_v4_0/src
make -C microblaze_0/libsrc/bram_v4_0/src -s libs -e "SHELL=/bin/sh" "COMPILER=mb-gcc" "ARCHIVER=mb-ar" "COMPILER_FLAGS= -O2 -c -mcpu=v9.3 -mlittle-endian -mxl-soft-mul" "EXTRA_COMPILER_FLAGS=-g -ffunction-sections -fdata-sections"
Compiling bram
make[2]: Entering directory `/home/derek/Documents/year_4/ECE532/git/ece352/designs/tetris_test2/tetris_test2.sdk/SDK/SDK_Export/ddr_test_bsp/microblaze_0/libsrc/bram_v4_0/src'
rm -rf *.o 
make[2]: Leaving directory `/home/derek/Documents/year_4/ECE532/git/ece352/designs/tetris_test2/tetris_test2.sdk/SDK/SDK_Export/ddr_test_bsp/microblaze_0/libsrc/bram_v4_0/src'
Running Make libs in microblaze_0/libsrc/cpu_v2_0/src
make -C microblaze_0/libsrc/cpu_v2_0/src -s libs -e "SHELL=/bin/sh" "COMPILER=mb-gcc" "ARCHIVER=mb-ar" "COMPILER_FLAGS= -O2 -c -mcpu=v9.3 -mlittle-endian -mxl-soft-mul" "EXTRA_COMPILER_FLAGS=-g -ffunction-sections -fdata-sections"
Compiling cpu
make[2]: Entering directory `/home/derek/Documents/year_4/ECE532/git/ece352/designs/tetris_test2/tetris_test2.sdk/SDK/SDK_Export/ddr_test_bsp/microblaze_0/libsrc/cpu_v2_0/src'
rm -rf *.o
make[2]: Leaving directory `/home/derek/Documents/year_4/ECE532/git/ece352/designs/tetris_test2/tetris_test2.sdk/SDK/SDK_Export/ddr_test_bsp/microblaze_0/libsrc/cpu_v2_0/src'
Running Make libs in microblaze_0/libsrc/intc_v3_0/src
make -C microblaze_0/libsrc/intc_v3_0/src -s libs -e "SHELL=/bin/sh" "COMPILER=mb-gcc" "ARCHIVER=mb-ar" "COMPILER_FLAGS= -O2 -c -mcpu=v9.3 -mlittle-endian -mxl-soft-mul" "EXTRA_COMPILER_FLAGS=-g -ffunction-sections -fdata-sections"
Compiling intc
make[2]: Entering directory `/home/derek/Documents/year_4/ECE532/git/ece352/designs/tetris_test2/tetris_test2.sdk/SDK/SDK_Export/ddr_test_bsp/microblaze_0/libsrc/intc_v3_0/src'
rm -rf *.o 
make[2]: Leaving directory `/home/derek/Documents/year_4/ECE532/git/ece352/designs/tetris_test2/tetris_test2.sdk/SDK/SDK_Export/ddr_test_bsp/microblaze_0/libsrc/intc_v3_0/src'
Running Make libs in microblaze_0/libsrc/standalone_v4_0/src
make -C microblaze_0/libsrc/standalone_v4_0/src -s libs -e "SHELL=/bin/sh" "COMPILER=mb-gcc" "ARCHIVER=mb-ar" "COMPILER_FLAGS= -O2 -c -mcpu=v9.3 -mlittle-endian -mxl-soft-mul" "EXTRA_COMPILER_FLAGS=-g -ffunction-sections -fdata-sections"
Compiling standalone
Running Make libs in microblaze_0/libsrc/uartlite_v3_0/src
make -C microblaze_0/libsrc/uartlite_v3_0/src -s libs -e "SHELL=/bin/sh" "COMPILER=mb-gcc" "ARCHIVER=mb-ar" "COMPILER_FLAGS= -O2 -c -mcpu=v9.3 -mlittle-endian -mxl-soft-mul" "EXTRA_COMPILER_FLAGS=-g -ffunction-sections -fdata-sections"
Compiling uartlite
make[2]: Entering directory `/home/derek/Documents/year_4/ECE532/git/ece352/designs/tetris_test2/tetris_test2.sdk/SDK/SDK_Export/ddr_test_bsp/microblaze_0/libsrc/uartlite_v3_0/src'
rm -rf *.o 
make[2]: Leaving directory `/home/derek/Documents/year_4/ECE532/git/ece352/designs/tetris_test2/tetris_test2.sdk/SDK/SDK_Export/ddr_test_bsp/microblaze_0/libsrc/uartlite_v3_0/src'
Finished building libraries
20:59:02 **** Auto Build of configuration Debug for project ddr_test ****
make all 
make: Nothing to be done for `all'.
20:59:06 **** Clean-only build of project ddr_test_bsp ****
make -k clean 
rm -f microblaze_0/lib/libxil.a
20:59:06 **** Clean-only build of configuration Debug for project ddr_test ****
make clean 
rm -rf  ./src/helloworld.o ./src/platform.o  ./src/helloworld.d ./src/platform.d  ddr_test.elf.size  ddr_test.elf
 
20:59:06 **** Build of project ddr_test_bsp ****
make -k all 
cp -f microblaze_0/lib/libxil_init.a microblaze_0/lib/libxil.a
Running Make include in microblaze_0/libsrc/bram_v4_0/src
make -C microblaze_0/libsrc/bram_v4_0/src -s include -e "SHELL=/bin/sh" "COMPILER=mb-gcc" "ARCHIVER=mb-ar" "COMPILER_FLAGS= -O2 -c -mcpu=v9.3 -mlittle-endian -mxl-soft-mul" "EXTRA_COMPILER_FLAGS=-g -ffunction-sections -fdata-sections"
Running Make include in microblaze_0/libsrc/cpu_v2_0/src
make -C microblaze_0/libsrc/cpu_v2_0/src -s include -e "SHELL=/bin/sh" "COMPILER=mb-gcc" "ARCHIVER=mb-ar" "COMPILER_FLAGS= -O2 -c -mcpu=v9.3 -mlittle-endian -mxl-soft-mul" "EXTRA_COMPILER_FLAGS=-g -ffunction-sections -fdata-sections"
Running Make include in microblaze_0/libsrc/intc_v3_0/src
make -C microblaze_0/libsrc/intc_v3_0/src -s include -e "SHELL=/bin/sh" "COMPILER=mb-gcc" "ARCHIVER=mb-ar" "COMPILER_FLAGS= -O2 -c -mcpu=v9.3 -mlittle-endian -mxl-soft-mul" "EXTRA_COMPILER_FLAGS=-g -ffunction-sections -fdata-sections"
Running Make include in microblaze_0/libsrc/standalone_v4_0/src
make -C microblaze_0/libsrc/standalone_v4_0/src -s include -e "SHELL=/bin/sh" "COMPILER=mb-gcc" "ARCHIVER=mb-ar" "COMPILER_FLAGS= -O2 -c -mcpu=v9.3 -mlittle-endian -mxl-soft-mul" "EXTRA_COMPILER_FLAGS=-g -ffunction-sections -fdata-sections"
make[2]: Entering directory `/home/derek/Documents/year_4/ECE532/git/ece352/designs/tetris_test2/tetris_test2.sdk/SDK/SDK_Export/ddr_test_bsp/microblaze_0/libsrc/standalone_v4_0/src/profile'
cp -rf profile.h mblaze_nt_types.h _profile_timer_hw.h ../../../../include
make[2]: Leaving directory `/home/derek/Documents/year_4/ECE532/git/ece352/designs/tetris_test2/tetris_test2.sdk/SDK/SDK_Export/ddr_test_bsp/microblaze_0/libsrc/standalone_v4_0/src/profile'
Running Make include in microblaze_0/libsrc/uartlite_v3_0/src
make -C microblaze_0/libsrc/uartlite_v3_0/src -s include -e "SHELL=/bin/sh" "COMPILER=mb-gcc" "ARCHIVER=mb-ar" "COMPILER_FLAGS= -O2 -c -mcpu=v9.3 -mlittle-endian -mxl-soft-mul" "EXTRA_COMPILER_FLAGS=-g -ffunction-sections -fdata-sections"
Running Make libs in microblaze_0/libsrc/bram_v4_0/src
make -C microblaze_0/libsrc/bram_v4_0/src -s libs -e "SHELL=/bin/sh" "COMPILER=mb-gcc" "ARCHIVER=mb-ar" "COMPILER_FLAGS= -O2 -c -mcpu=v9.3 -mlittle-endian -mxl-soft-mul" "EXTRA_COMPILER_FLAGS=-g -ffunction-sections -fdata-sections"
Compiling bram
make[2]: Entering directory `/home/derek/Documents/year_4/ECE532/git/ece352/designs/tetris_test2/tetris_test2.sdk/SDK/SDK_Export/ddr_test_bsp/microblaze_0/libsrc/bram_v4_0/src'
rm -rf *.o 
make[2]: Leaving directory `/home/derek/Documents/year_4/ECE532/git/ece352/designs/tetris_test2/tetris_test2.sdk/SDK/SDK_Export/ddr_test_bsp/microblaze_0/libsrc/bram_v4_0/src'
Running Make libs in microblaze_0/libsrc/cpu_v2_0/src
make -C microblaze_0/libsrc/cpu_v2_0/src -s libs -e "SHELL=/bin/sh" "COMPILER=mb-gcc" "ARCHIVER=mb-ar" "COMPILER_FLAGS= -O2 -c -mcpu=v9.3 -mlittle-endian -mxl-soft-mul" "EXTRA_COMPILER_FLAGS=-g -ffunction-sections -fdata-sections"
Compiling cpu
make[2]: Entering directory `/home/derek/Documents/year_4/ECE532/git/ece352/designs/tetris_test2/tetris_test2.sdk/SDK/SDK_Export/ddr_test_bsp/microblaze_0/libsrc/cpu_v2_0/src'
rm -rf *.o
make[2]: Leaving directory `/home/derek/Documents/year_4/ECE532/git/ece352/designs/tetris_test2/tetris_test2.sdk/SDK/SDK_Export/ddr_test_bsp/microblaze_0/libsrc/cpu_v2_0/src'
Running Make libs in microblaze_0/libsrc/intc_v3_0/src
make -C microblaze_0/libsrc/intc_v3_0/src -s libs -e "SHELL=/bin/sh" "COMPILER=mb-gcc" "ARCHIVER=mb-ar" "COMPILER_FLAGS= -O2 -c -mcpu=v9.3 -mlittle-endian -mxl-soft-mul" "EXTRA_COMPILER_FLAGS=-g -ffunction-sections -fdata-sections"
Compiling intc
make[2]: Entering directory `/home/derek/Documents/year_4/ECE532/git/ece352/designs/tetris_test2/tetris_test2.sdk/SDK/SDK_Export/ddr_test_bsp/microblaze_0/libsrc/intc_v3_0/src'
rm -rf *.o 
make[2]: Leaving directory `/home/derek/Documents/year_4/ECE532/git/ece352/designs/tetris_test2/tetris_test2.sdk/SDK/SDK_Export/ddr_test_bsp/microblaze_0/libsrc/intc_v3_0/src'
Running Make libs in microblaze_0/libsrc/standalone_v4_0/src
make -C microblaze_0/libsrc/standalone_v4_0/src -s libs -e "SHELL=/bin/sh" "COMPILER=mb-gcc" "ARCHIVER=mb-ar" "COMPILER_FLAGS= -O2 -c -mcpu=v9.3 -mlittle-endian -mxl-soft-mul" "EXTRA_COMPILER_FLAGS=-g -ffunction-sections -fdata-sections"
Compiling standalone
Running Make libs in microblaze_0/libsrc/uartlite_v3_0/src
make -C microblaze_0/libsrc/uartlite_v3_0/src -s libs -e "SHELL=/bin/sh" "COMPILER=mb-gcc" "ARCHIVER=mb-ar" "COMPILER_FLAGS= -O2 -c -mcpu=v9.3 -mlittle-endian -mxl-soft-mul" "EXTRA_COMPILER_FLAGS=-g -ffunction-sections -fdata-sections"
Compiling uartlite
make[2]: Entering directory `/home/derek/Documents/year_4/ECE532/git/ece352/designs/tetris_test2/tetris_test2.sdk/SDK/SDK_Export/ddr_test_bsp/microblaze_0/libsrc/uartlite_v3_0/src'
rm -rf *.o 
make[2]: Leaving directory `/home/derek/Documents/year_4/ECE532/git/ece352/designs/tetris_test2/tetris_test2.sdk/SDK/SDK_Export/ddr_test_bsp/microblaze_0/libsrc/uartlite_v3_0/src'
Finished building libraries
20:59:07 **** Build of configuration Debug for project ddr_test ****
make all 
Building file: ../src/helloworld.c
Invoking: MicroBlaze gcc compiler
mb-gcc -Wall -O0 -g3 -c -fmessage-length=0 -I../../ddr_test_bsp/microblaze_0/include -mlittle-endian -mcpu=v9.3 -mxl-soft-mul -Wl,--no-relax -ffunction-sections -fdata-sections -MMD -MP -MF"src/helloworld.d" -MT"src/helloworld.d" -o "src/helloworld.o" "../src/helloworld.c"
Finished building: ../src/helloworld.c
 
Building file: ../src/platform.c
Invoking: MicroBlaze gcc compiler
mb-gcc -Wall -O0 -g3 -c -fmessage-length=0 -I../../ddr_test_bsp/microblaze_0/include -mlittle-endian -mcpu=v9.3 -mxl-soft-mul -Wl,--no-relax -ffunction-sections -fdata-sections -MMD -MP -MF"src/platform.d" -MT"src/platform.d" -o "src/platform.o" "../src/platform.c"
Finished building: ../src/platform.c
 
Building target: ddr_test.elf
Invoking: MicroBlaze gcc linker
mb-gcc -Wl,-T -Wl,../src/lscript.ld -L../../ddr_test_bsp/microblaze_0/lib -mlittle-endian -mcpu=v9.3 -mxl-soft-mul -Wl,--no-relax -Wl,--gc-sections -o "ddr_test.elf"  ./src/helloworld.o ./src/platform.o   -Wl,--start-group,-lxil,-lgcc,-lc,--end-group
Finished building target: ddr_test.elf
 
Invoking: MicroBlaze Print Size
mb-size ddr_test.elf  |tee "ddr_test.elf.size"
   text	   data	    bss	    dec	    hex	filename
   3368	    312	   2080	   5760	   1680	ddr_test.elf
Finished building: ddr_test.elf.size
 
20:59:41 **** Incremental Build of configuration Debug for project ddr_test ****
make all 
make: Nothing to be done for `all'.
20:59:42 **** Incremental Build of configuration Debug for project ddr_test ****
make all 
make: Nothing to be done for `all'.
20:59:49 **** Incremental Build of configuration Debug for project ddr_test ****
make all 
make: Nothing to be done for `all'.
21:00:26 **** Build of project vga_test_bsp ****
make -k all 
cp -f microblaze_0/lib/libxil_init.a microblaze_0/lib/libxil.a
Running Make include in microblaze_0/libsrc/bram_v4_0/src
make -C microblaze_0/libsrc/bram_v4_0/src -s include -e "SHELL=/bin/sh" "COMPILER=mb-gcc" "ARCHIVER=mb-ar" "COMPILER_FLAGS= -O2 -c -mcpu=v9.3 -mlittle-endian -mxl-soft-mul" "EXTRA_COMPILER_FLAGS=-g -ffunction-sections -fdata-sections"
Running Make include in microblaze_0/libsrc/cpu_v2_0/src
make -C microblaze_0/libsrc/cpu_v2_0/src -s include -e "SHELL=/bin/sh" "COMPILER=mb-gcc" "ARCHIVER=mb-ar" "COMPILER_FLAGS= -O2 -c -mcpu=v9.3 -mlittle-endian -mxl-soft-mul" "EXTRA_COMPILER_FLAGS=-g -ffunction-sections -fdata-sections"
Running Make include in microblaze_0/libsrc/intc_v3_0/src
make -C microblaze_0/libsrc/intc_v3_0/src -s include -e "SHELL=/bin/sh" "COMPILER=mb-gcc" "ARCHIVER=mb-ar" "COMPILER_FLAGS= -O2 -c -mcpu=v9.3 -mlittle-endian -mxl-soft-mul" "EXTRA_COMPILER_FLAGS=-g -ffunction-sections -fdata-sections"
Running Make include in microblaze_0/libsrc/standalone_v4_0/src
make -C microblaze_0/libsrc/standalone_v4_0/src -s include -e "SHELL=/bin/sh" "COMPILER=mb-gcc" "ARCHIVER=mb-ar" "COMPILER_FLAGS= -O2 -c -mcpu=v9.3 -mlittle-endian -mxl-soft-mul" "EXTRA_COMPILER_FLAGS=-g -ffunction-sections -fdata-sections"
make[2]: Entering directory `/home/derek/Documents/year_4/ECE532/git/ece352/designs/tetris_test2/tetris_test2.sdk/SDK/SDK_Export/vga_test_bsp/microblaze_0/libsrc/standalone_v4_0/src/profile'
cp -rf profile.h mblaze_nt_types.h _profile_timer_hw.h ../../../../include
make[2]: Leaving directory `/home/derek/Documents/year_4/ECE532/git/ece352/designs/tetris_test2/tetris_test2.sdk/SDK/SDK_Export/vga_test_bsp/microblaze_0/libsrc/standalone_v4_0/src/profile'
Running Make include in microblaze_0/libsrc/tft_v5_0/src
make -C microblaze_0/libsrc/tft_v5_0/src -s include -e "SHELL=/bin/sh" "COMPILER=mb-gcc" "ARCHIVER=mb-ar" "COMPILER_FLAGS= -O2 -c -mcpu=v9.3 -mlittle-endian -mxl-soft-mul" "EXTRA_COMPILER_FLAGS=-g -ffunction-sections -fdata-sections"
Running Make include in microblaze_0/libsrc/uartlite_v3_0/src
make -C microblaze_0/libsrc/uartlite_v3_0/src -s include -e "SHELL=/bin/sh" "COMPILER=mb-gcc" "ARCHIVER=mb-ar" "COMPILER_FLAGS= -O2 -c -mcpu=v9.3 -mlittle-endian -mxl-soft-mul" "EXTRA_COMPILER_FLAGS=-g -ffunction-sections -fdata-sections"
Running Make libs in microblaze_0/libsrc/bram_v4_0/src
make -C microblaze_0/libsrc/bram_v4_0/src -s libs -e "SHELL=/bin/sh" "COMPILER=mb-gcc" "ARCHIVER=mb-ar" "COMPILER_FLAGS= -O2 -c -mcpu=v9.3 -mlittle-endian -mxl-soft-mul" "EXTRA_COMPILER_FLAGS=-g -ffunction-sections -fdata-sections"
Compiling bram
make[2]: Entering directory `/home/derek/Documents/year_4/ECE532/git/ece352/designs/tetris_test2/tetris_test2.sdk/SDK/SDK_Export/vga_test_bsp/microblaze_0/libsrc/bram_v4_0/src'
rm -rf *.o 
make[2]: Leaving directory `/home/derek/Documents/year_4/ECE532/git/ece352/designs/tetris_test2/tetris_test2.sdk/SDK/SDK_Export/vga_test_bsp/microblaze_0/libsrc/bram_v4_0/src'
Running Make libs in microblaze_0/libsrc/cpu_v2_0/src
make -C microblaze_0/libsrc/cpu_v2_0/src -s libs -e "SHELL=/bin/sh" "COMPILER=mb-gcc" "ARCHIVER=mb-ar" "COMPILER_FLAGS= -O2 -c -mcpu=v9.3 -mlittle-endian -mxl-soft-mul" "EXTRA_COMPILER_FLAGS=-g -ffunction-sections -fdata-sections"
Compiling cpu
make[2]: Entering directory `/home/derek/Documents/year_4/ECE532/git/ece352/designs/tetris_test2/tetris_test2.sdk/SDK/SDK_Export/vga_test_bsp/microblaze_0/libsrc/cpu_v2_0/src'
rm -rf *.o
make[2]: Leaving directory `/home/derek/Documents/year_4/ECE532/git/ece352/designs/tetris_test2/tetris_test2.sdk/SDK/SDK_Export/vga_test_bsp/microblaze_0/libsrc/cpu_v2_0/src'
Running Make libs in microblaze_0/libsrc/intc_v3_0/src
make -C microblaze_0/libsrc/intc_v3_0/src -s libs -e "SHELL=/bin/sh" "COMPILER=mb-gcc" "ARCHIVER=mb-ar" "COMPILER_FLAGS= -O2 -c -mcpu=v9.3 -mlittle-endian -mxl-soft-mul" "EXTRA_COMPILER_FLAGS=-g -ffunction-sections -fdata-sections"
Compiling intc
make[2]: Entering directory `/home/derek/Documents/year_4/ECE532/git/ece352/designs/tetris_test2/tetris_test2.sdk/SDK/SDK_Export/vga_test_bsp/microblaze_0/libsrc/intc_v3_0/src'
rm -rf *.o 
make[2]: Leaving directory `/home/derek/Documents/year_4/ECE532/git/ece352/designs/tetris_test2/tetris_test2.sdk/SDK/SDK_Export/vga_test_bsp/microblaze_0/libsrc/intc_v3_0/src'
Running Make libs in microblaze_0/libsrc/standalone_v4_0/src
make -C microblaze_0/libsrc/standalone_v4_0/src -s libs -e "SHELL=/bin/sh" "COMPILER=mb-gcc" "ARCHIVER=mb-ar" "COMPILER_FLAGS= -O2 -c -mcpu=v9.3 -mlittle-endian -mxl-soft-mul" "EXTRA_COMPILER_FLAGS=-g -ffunction-sections -fdata-sections"
Compiling standalone
Running Make libs in microblaze_0/libsrc/tft_v5_0/src
make -C microblaze_0/libsrc/tft_v5_0/src -s libs -e "SHELL=/bin/sh" "COMPILER=mb-gcc" "ARCHIVER=mb-ar" "COMPILER_FLAGS= -O2 -c -mcpu=v9.3 -mlittle-endian -mxl-soft-mul" "EXTRA_COMPILER_FLAGS=-g -ffunction-sections -fdata-sections"
Compiling tft
make[2]: Entering directory `/home/derek/Documents/year_4/ECE532/git/ece352/designs/tetris_test2/tetris_test2.sdk/SDK/SDK_Export/vga_test_bsp/microblaze_0/libsrc/tft_v5_0/src'
rm -rf *.o
make[2]: Leaving directory `/home/derek/Documents/year_4/ECE532/git/ece352/designs/tetris_test2/tetris_test2.sdk/SDK/SDK_Export/vga_test_bsp/microblaze_0/libsrc/tft_v5_0/src'
Running Make libs in microblaze_0/libsrc/uartlite_v3_0/src
make -C microblaze_0/libsrc/uartlite_v3_0/src -s libs -e "SHELL=/bin/sh" "COMPILER=mb-gcc" "ARCHIVER=mb-ar" "COMPILER_FLAGS= -O2 -c -mcpu=v9.3 -mlittle-endian -mxl-soft-mul" "EXTRA_COMPILER_FLAGS=-g -ffunction-sections -fdata-sections"
Compiling uartlite
make[2]: Entering directory `/home/derek/Documents/year_4/ECE532/git/ece352/designs/tetris_test2/tetris_test2.sdk/SDK/SDK_Export/vga_test_bsp/microblaze_0/libsrc/uartlite_v3_0/src'
rm -rf *.o 
make[2]: Leaving directory `/home/derek/Documents/year_4/ECE532/git/ece352/designs/tetris_test2/tetris_test2.sdk/SDK/SDK_Export/vga_test_bsp/microblaze_0/libsrc/uartlite_v3_0/src'
Finished building libraries
21:00:28 **** Build of configuration Debug for project vga_test ****
make all 
Building file: ../src/helloworld.c
Invoking: MicroBlaze gcc compiler
mb-gcc -Wall -O0 -g3 -c -fmessage-length=0 -I../../vga_test_bsp/microblaze_0/include -mlittle-endian -mcpu=v9.3 -mxl-soft-mul -Wl,--no-relax -ffunction-sections -fdata-sections -MMD -MP -MF"src/helloworld.d" -MT"src/helloworld.d" -o "src/helloworld.o" "../src/helloworld.c"
Finished building: ../src/helloworld.c
 
Building file: ../src/platform.c
Invoking: MicroBlaze gcc compiler
mb-gcc -Wall -O0 -g3 -c -fmessage-length=0 -I../../vga_test_bsp/microblaze_0/include -mlittle-endian -mcpu=v9.3 -mxl-soft-mul -Wl,--no-relax -ffunction-sections -fdata-sections -MMD -MP -MF"src/platform.d" -MT"src/platform.d" -o "src/platform.o" "../src/platform.c"
Finished building: ../src/platform.c
 
Building target: vga_test.elf
Invoking: MicroBlaze gcc linker
mb-gcc -Wl,-T -Wl,../src/lscript.ld -L../../vga_test_bsp/microblaze_0/lib -mlittle-endian -mcpu=v9.3 -mxl-soft-mul -Wl,--no-relax -Wl,--gc-sections -o "vga_test.elf"  ./src/helloworld.o ./src/platform.o   -Wl,--start-group,-lxil,-lgcc,-lc,--end-group
Finished building target: vga_test.elf
 
Invoking: MicroBlaze Print Size
mb-size vga_test.elf  |tee "vga_test.elf.size"
   text	   data	    bss	    dec	    hex	filename
   2652	    308	   2084	   5044	   13b4	vga_test.elf
Finished building: vga_test.elf.size
 
21:01:10 **** Auto Build of configuration Debug for project vga_test ****
make all 
Building file: ../src/helloworld.c
Invoking: MicroBlaze gcc compiler
mb-gcc -Wall -O0 -g3 -c -fmessage-length=0 -I../../vga_test_bsp/microblaze_0/include -mlittle-endian -mcpu=v9.3 -mxl-soft-mul -Wl,--no-relax -ffunction-sections -fdata-sections -MMD -MP -MF"src/helloworld.d" -MT"src/helloworld.d" -o "src/helloworld.o" "../src/helloworld.c"
Finished building: ../src/helloworld.c
 
Building target: vga_test.elf
Invoking: MicroBlaze gcc linker
mb-gcc -Wl,-T -Wl,../src/lscript.ld -L../../vga_test_bsp/microblaze_0/lib -mlittle-endian -mcpu=v9.3 -mxl-soft-mul -Wl,--no-relax -Wl,--gc-sections -o "vga_test.elf"  ./src/helloworld.o ./src/platform.o   -Wl,--start-group,-lxil,-lgcc,-lc,--end-group
Finished building target: vga_test.elf
 
Invoking: MicroBlaze Print Size
mb-size vga_test.elf  |tee "vga_test.elf.size"
   text	   data	    bss	    dec	    hex	filename
   2652	    308	   2084	   5044	   13b4	vga_test.elf
Finished building: vga_test.elf.size
 
21:01:14 **** Auto Build of configuration Debug for project vga_test ****
make all 
Building file: ../src/helloworld.c
Invoking: MicroBlaze gcc compiler
mb-gcc -Wall -O0 -g3 -c -fmessage-length=0 -I../../vga_test_bsp/microblaze_0/include -mlittle-endian -mcpu=v9.3 -mxl-soft-mul -Wl,--no-relax -ffunction-sections -fdata-sections -MMD -MP -MF"src/helloworld.d" -MT"src/helloworld.d" -o "src/helloworld.o" "../src/helloworld.c"
Finished building: ../src/helloworld.c
 
Building target: vga_test.elf
Invoking: MicroBlaze gcc linker
mb-gcc -Wl,-T -Wl,../src/lscript.ld -L../../vga_test_bsp/microblaze_0/lib -mlittle-endian -mcpu=v9.3 -mxl-soft-mul -Wl,--no-relax -Wl,--gc-sections -o "vga_test.elf"  ./src/helloworld.o ./src/platform.o   -Wl,--start-group,-lxil,-lgcc,-lc,--end-group
Finished building target: vga_test.elf
 
Invoking: MicroBlaze Print Size
mb-size vga_test.elf  |tee "vga_test.elf.size"
   text	   data	    bss	    dec	    hex	filename
   2472	    308	   2084	   4864	   1300	vga_test.elf
Finished building: vga_test.elf.size
 
21:01:38 **** Auto Build of configuration Debug for project vga_test ****
make all 
Building file: ../src/helloworld.c
Invoking: MicroBlaze gcc compiler
mb-gcc -Wall -O0 -g3 -c -fmessage-length=0 -I../../vga_test_bsp/microblaze_0/include -mlittle-endian -mcpu=v9.3 -mxl-soft-mul -Wl,--no-relax -ffunction-sections -fdata-sections -MMD -MP -MF"src/helloworld.d" -MT"src/helloworld.d" -o "src/helloworld.o" "../src/helloworld.c"
Finished building: ../src/helloworld.c
 
Building target: vga_test.elf
Invoking: MicroBlaze gcc linker
mb-gcc -Wl,-T -Wl,../src/lscript.ld -L../../vga_test_bsp/microblaze_0/lib -mlittle-endian -mcpu=v9.3 -mxl-soft-mul -Wl,--no-relax -Wl,--gc-sections -o "vga_test.elf"  ./src/helloworld.o ./src/platform.o   -Wl,--start-group,-lxil,-lgcc,-lc,--end-group
Finished building target: vga_test.elf
 
Invoking: MicroBlaze Print Size
mb-size vga_test.elf  |tee "vga_test.elf.size"
   text	   data	    bss	    dec	    hex	filename
   2472	    308	   2084	   4864	   1300	vga_test.elf
Finished building: vga_test.elf.size
 
21:01:48 **** Auto Build of configuration Debug for project vga_test ****
make all 
Building file: ../src/helloworld.c
Invoking: MicroBlaze gcc compiler
mb-gcc -Wall -O0 -g3 -c -fmessage-length=0 -I../../vga_test_bsp/microblaze_0/include -mlittle-endian -mcpu=v9.3 -mxl-soft-mul -Wl,--no-relax -ffunction-sections -fdata-sections -MMD -MP -MF"src/helloworld.d" -MT"src/helloworld.d" -o "src/helloworld.o" "../src/helloworld.c"
../src/helloworld.c: In function 'main':
../src/helloworld.c:45:9: warning: unused variable 'n' [-Wunused-variable]
     int n = 4096;
         ^
Finished building: ../src/helloworld.c
 
Building target: vga_test.elf
Invoking: MicroBlaze gcc linker
mb-gcc -Wl,-T -Wl,../src/lscript.ld -L../../vga_test_bsp/microblaze_0/lib -mlittle-endian -mcpu=v9.3 -mxl-soft-mul -Wl,--no-relax -Wl,--gc-sections -o "vga_test.elf"  ./src/helloworld.o ./src/platform.o   -Wl,--start-group,-lxil,-lgcc,-lc,--end-group
Finished building target: vga_test.elf
 
Invoking: MicroBlaze Print Size
mb-size vga_test.elf  |tee "vga_test.elf.size"
   text	   data	    bss	    dec	    hex	filename
   2480	    308	   2084	   4872	   1308	vga_test.elf
Finished building: vga_test.elf.size
 
21:02:14 **** Auto Build of configuration Debug for project vga_test ****
make all 
Building file: ../src/helloworld.c
Invoking: MicroBlaze gcc compiler
mb-gcc -Wall -O0 -g3 -c -fmessage-length=0 -I../../vga_test_bsp/microblaze_0/include -mlittle-endian -mcpu=v9.3 -mxl-soft-mul -Wl,--no-relax -ffunction-sections -fdata-sections -MMD -MP -MF"src/helloworld.d" -MT"src/helloworld.d" -o "src/helloworld.o" "../src/helloworld.c"
../src/helloworld.c: In function 'main':
../src/helloworld.c:46:5: error: 'for' loop initial declarations are only allowed in C99 mode
     for (int i = 0; i < n; i++) {
     ^
../src/helloworld.c:46:5: note: use option -std=c99 or -std=gnu99 to compile your code
make: *** [src/helloworld.o] Error 1
21:02:20 **** Auto Build of configuration Debug for project vga_test ****
make all 
Building file: ../src/helloworld.c
Invoking: MicroBlaze gcc compiler
mb-gcc -Wall -O0 -g3 -c -fmessage-length=0 -I../../vga_test_bsp/microblaze_0/include -mlittle-endian -mcpu=v9.3 -mxl-soft-mul -Wl,--no-relax -ffunction-sections -fdata-sections -MMD -MP -MF"src/helloworld.d" -MT"src/helloworld.d" -o "src/helloworld.o" "../src/helloworld.c"
Finished building: ../src/helloworld.c
 
Building target: vga_test.elf
Invoking: MicroBlaze gcc linker
mb-gcc -Wl,-T -Wl,../src/lscript.ld -L../../vga_test_bsp/microblaze_0/lib -mlittle-endian -mcpu=v9.3 -mxl-soft-mul -Wl,--no-relax -Wl,--gc-sections -o "vga_test.elf"  ./src/helloworld.o ./src/platform.o   -Wl,--start-group,-lxil,-lgcc,-lc,--end-group
Finished building target: vga_test.elf
 
Invoking: MicroBlaze Print Size
mb-size vga_test.elf  |tee "vga_test.elf.size"
   text	   data	    bss	    dec	    hex	filename
   2544	    312	   2080	   4936	   1348	vga_test.elf
Finished building: vga_test.elf.size
 
21:02:45 **** Incremental Build of configuration Debug for project ddr_test ****
make all 
make: Nothing to be done for `all'.
21:02:46 **** Incremental Build of configuration Debug for project vga_test ****
make all 
make: Nothing to be done for `all'.
21:03:14 **** Incremental Build of configuration Debug for project ddr_test ****
make all 
make: Nothing to be done for `all'.
21:03:14 **** Incremental Build of configuration Debug for project vga_test ****
make all 
make: Nothing to be done for `all'.
21:03:29 **** Incremental Build of configuration Debug for project ddr_test ****
make all 
make: Nothing to be done for `all'.
21:03:30 **** Incremental Build of configuration Debug for project vga_test ****
make all 
make: Nothing to be done for `all'.
21:05:16 **** Incremental Build of configuration Debug for project ddr_test ****
make all 
make: Nothing to be done for `all'.
21:05:16 **** Incremental Build of configuration Debug for project vga_test ****
make all 
make: Nothing to be done for `all'.
21:06:15 **** Auto Build of configuration Debug for project vga_test ****
make all 
Building file: ../src/helloworld.c
Invoking: MicroBlaze gcc compiler
mb-gcc -Wall -O0 -g3 -c -fmessage-length=0 -I../../vga_test_bsp/microblaze_0/include -mlittle-endian -mcpu=v9.3 -mxl-soft-mul -Wl,--no-relax -ffunction-sections -fdata-sections -MMD -MP -MF"src/helloworld.d" -MT"src/helloworld.d" -o "src/helloworld.o" "../src/helloworld.c"
Finished building: ../src/helloworld.c
 
Building target: vga_test.elf
Invoking: MicroBlaze gcc linker
mb-gcc -Wl,-T -Wl,../src/lscript.ld -L../../vga_test_bsp/microblaze_0/lib -mlittle-endian -mcpu=v9.3 -mxl-soft-mul -Wl,--no-relax -Wl,--gc-sections -o "vga_test.elf"  ./src/helloworld.o ./src/platform.o   -Wl,--start-group,-lxil,-lgcc,-lc,--end-group
Finished building target: vga_test.elf
 
Invoking: MicroBlaze Print Size
mb-size vga_test.elf  |tee "vga_test.elf.size"
   text	   data	    bss	    dec	    hex	filename
   2548	    312	   2080	   4940	   134c	vga_test.elf
Finished building: vga_test.elf.size
 
21:06:18 **** Incremental Build of configuration Debug for project ddr_test ****
make all 
make: Nothing to be done for `all'.
21:06:18 **** Incremental Build of configuration Debug for project vga_test ****
make all 
make: Nothing to be done for `all'.
21:13:27 **** Auto Build of configuration Debug for project vga_test ****
make all 
Building file: ../src/helloworld.c
Invoking: MicroBlaze gcc compiler
mb-gcc -Wall -O0 -g3 -c -fmessage-length=0 -I../../vga_test_bsp/microblaze_0/include -mlittle-endian -mcpu=v9.3 -mxl-soft-mul -Wl,--no-relax -ffunction-sections -fdata-sections -MMD -MP -MF"src/helloworld.d" -MT"src/helloworld.d" -o "src/helloworld.o" "../src/helloworld.c"
Finished building: ../src/helloworld.c
 
Building target: vga_test.elf
Invoking: MicroBlaze gcc linker
mb-gcc -Wl,-T -Wl,../src/lscript.ld -L../../vga_test_bsp/microblaze_0/lib -mlittle-endian -mcpu=v9.3 -mxl-soft-mul -Wl,--no-relax -Wl,--gc-sections -o "vga_test.elf"  ./src/helloworld.o ./src/platform.o   -Wl,--start-group,-lxil,-lgcc,-lc,--end-group
Finished building target: vga_test.elf
 
Invoking: MicroBlaze Print Size
mb-size vga_test.elf  |tee "vga_test.elf.size"
   text	   data	    bss	    dec	    hex	filename
   2548	    312	   2080	   4940	   134c	vga_test.elf
Finished building: vga_test.elf.size
 
21:13:40 **** Auto Build of configuration Debug for project vga_test ****
make all 
Building file: ../src/helloworld.c
Invoking: MicroBlaze gcc compiler
mb-gcc -Wall -O0 -g3 -c -fmessage-length=0 -I../../vga_test_bsp/microblaze_0/include -mlittle-endian -mcpu=v9.3 -mxl-soft-mul -Wl,--no-relax -ffunction-sections -fdata-sections -MMD -MP -MF"src/helloworld.d" -MT"src/helloworld.d" -o "src/helloworld.o" "../src/helloworld.c"
Finished building: ../src/helloworld.c
 
Building target: vga_test.elf
Invoking: MicroBlaze gcc linker
mb-gcc -Wl,-T -Wl,../src/lscript.ld -L../../vga_test_bsp/microblaze_0/lib -mlittle-endian -mcpu=v9.3 -mxl-soft-mul -Wl,--no-relax -Wl,--gc-sections -o "vga_test.elf"  ./src/helloworld.o ./src/platform.o   -Wl,--start-group,-lxil,-lgcc,-lc,--end-group
Finished building target: vga_test.elf
 
Invoking: MicroBlaze Print Size
mb-size vga_test.elf  |tee "vga_test.elf.size"
   text	   data	    bss	    dec	    hex	filename
   2548	    312	   2080	   4940	   134c	vga_test.elf
Finished building: vga_test.elf.size
 
21:13:43 **** Incremental Build of configuration Debug for project ddr_test ****
make all 
make: Nothing to be done for `all'.
21:13:43 **** Incremental Build of configuration Debug for project vga_test ****
make all 
make: Nothing to be done for `all'.
21:14:42 **** Auto Build of configuration Debug for project vga_test ****
make all 
Building file: ../src/helloworld.c
Invoking: MicroBlaze gcc compiler
mb-gcc -Wall -O0 -g3 -c -fmessage-length=0 -I../../vga_test_bsp/microblaze_0/include -mlittle-endian -mcpu=v9.3 -mxl-soft-mul -Wl,--no-relax -ffunction-sections -fdata-sections -MMD -MP -MF"src/helloworld.d" -MT"src/helloworld.d" -o "src/helloworld.o" "../src/helloworld.c"
../src/helloworld.c:39:25: error: redefinition of 'memptr'
 volatile unsigned int * memptr = (unsigned int*) XPAR_AXI_TFT_0_DEFAULT_TFT_BASE_ADDR;
                         ^
../src/helloworld.c:38:25: note: previous definition of 'memptr' was here
 volatile unsigned int * memptr = (unsigned int*) XPAR_MIG_7SERIES_0_BASEADDR;
                         ^
make: *** [src/helloworld.o] Error 1
21:15:00 **** Auto Build of configuration Debug for project vga_test ****
make all 
Building file: ../src/helloworld.c
Invoking: MicroBlaze gcc compiler
mb-gcc -Wall -O0 -g3 -c -fmessage-length=0 -I../../vga_test_bsp/microblaze_0/include -mlittle-endian -mcpu=v9.3 -mxl-soft-mul -Wl,--no-relax -ffunction-sections -fdata-sections -MMD -MP -MF"src/helloworld.d" -MT"src/helloworld.d" -o "src/helloworld.o" "../src/helloworld.c"
../src/helloworld.c: In function 'main':
../src/helloworld.c:49:6: error: 'memptr' undeclared (first use in this function)
      memptr[i] = 0xFFFFFFFF;
      ^
../src/helloworld.c:49:6: note: each undeclared identifier is reported only once for each function it appears in
make: *** [src/helloworld.o] Error 1
21:15:05 **** Auto Build of configuration Debug for project vga_test ****
make all 
Building file: ../src/helloworld.c
Invoking: MicroBlaze gcc compiler
mb-gcc -Wall -O0 -g3 -c -fmessage-length=0 -I../../vga_test_bsp/microblaze_0/include -mlittle-endian -mcpu=v9.3 -mxl-soft-mul -Wl,--no-relax -ffunction-sections -fdata-sections -MMD -MP -MF"src/helloworld.d" -MT"src/helloworld.d" -o "src/helloworld.o" "../src/helloworld.c"
Finished building: ../src/helloworld.c
 
Building target: vga_test.elf
Invoking: MicroBlaze gcc linker
mb-gcc -Wl,-T -Wl,../src/lscript.ld -L../../vga_test_bsp/microblaze_0/lib -mlittle-endian -mcpu=v9.3 -mxl-soft-mul -Wl,--no-relax -Wl,--gc-sections -o "vga_test.elf"  ./src/helloworld.o ./src/platform.o   -Wl,--start-group,-lxil,-lgcc,-lc,--end-group
Finished building target: vga_test.elf
 
Invoking: MicroBlaze Print Size
mb-size vga_test.elf  |tee "vga_test.elf.size"
   text	   data	    bss	    dec	    hex	filename
   2548	    312	   2080	   4940	   134c	vga_test.elf
Finished building: vga_test.elf.size
 
21:15:21 **** Auto Build of configuration Debug for project vga_test ****
make all 
Building file: ../src/helloworld.c
Invoking: MicroBlaze gcc compiler
mb-gcc -Wall -O0 -g3 -c -fmessage-length=0 -I../../vga_test_bsp/microblaze_0/include -mlittle-endian -mcpu=v9.3 -mxl-soft-mul -Wl,--no-relax -ffunction-sections -fdata-sections -MMD -MP -MF"src/helloworld.d" -MT"src/helloworld.d" -o "src/helloworld.o" "../src/helloworld.c"
../src/helloworld.c: In function 'main':
../src/helloworld.c:45:20: warning: unused variable 'video_data' [-Wunused-variable]
     unsigned int * video_data;
                    ^
Finished building: ../src/helloworld.c
 
Building target: vga_test.elf
Invoking: MicroBlaze gcc linker
mb-gcc -Wl,-T -Wl,../src/lscript.ld -L../../vga_test_bsp/microblaze_0/lib -mlittle-endian -mcpu=v9.3 -mxl-soft-mul -Wl,--no-relax -Wl,--gc-sections -o "vga_test.elf"  ./src/helloworld.o ./src/platform.o   -Wl,--start-group,-lxil,-lgcc,-lc,--end-group
Finished building target: vga_test.elf
 
Invoking: MicroBlaze Print Size
mb-size vga_test.elf  |tee "vga_test.elf.size"
   text	   data	    bss	    dec	    hex	filename
   2548	    312	   2080	   4940	   134c	vga_test.elf
Finished building: vga_test.elf.size
 
21:15:33 **** Auto Build of configuration Debug for project vga_test ****
make all 
Building file: ../src/helloworld.c
Invoking: MicroBlaze gcc compiler
mb-gcc -Wall -O0 -g3 -c -fmessage-length=0 -I../../vga_test_bsp/microblaze_0/include -mlittle-endian -mcpu=v9.3 -mxl-soft-mul -Wl,--no-relax -ffunction-sections -fdata-sections -MMD -MP -MF"src/helloworld.d" -MT"src/helloworld.d" -o "src/helloworld.o" "../src/helloworld.c"
../src/helloworld.c: In function 'main':
../src/helloworld.c:45:33: warning: initialization discards 'volatile' qualifier from pointer target type [enabled by default]
     unsigned int * video_data = ddr + 4096;
                                 ^
../src/helloworld.c:45:20: warning: unused variable 'video_data' [-Wunused-variable]
     unsigned int * video_data = ddr + 4096;
                    ^
Finished building: ../src/helloworld.c
 
Building target: vga_test.elf
Invoking: MicroBlaze gcc linker
mb-gcc -Wl,-T -Wl,../src/lscript.ld -L../../vga_test_bsp/microblaze_0/lib -mlittle-endian -mcpu=v9.3 -mxl-soft-mul -Wl,--no-relax -Wl,--gc-sections -o "vga_test.elf"  ./src/helloworld.o ./src/platform.o   -Wl,--start-group,-lxil,-lgcc,-lc,--end-group
Finished building target: vga_test.elf
 
Invoking: MicroBlaze Print Size
mb-size vga_test.elf  |tee "vga_test.elf.size"
   text	   data	    bss	    dec	    hex	filename
   2564	    312	   2080	   4956	   135c	vga_test.elf
Finished building: vga_test.elf.size
 
21:15:58 **** Auto Build of configuration Debug for project vga_test ****
make all 
Building file: ../src/helloworld.c
Invoking: MicroBlaze gcc compiler
mb-gcc -Wall -O0 -g3 -c -fmessage-length=0 -I../../vga_test_bsp/microblaze_0/include -mlittle-endian -mcpu=v9.3 -mxl-soft-mul -Wl,--no-relax -ffunction-sections -fdata-sections -MMD -MP -MF"src/helloworld.d" -MT"src/helloworld.d" -o "src/helloworld.o" "../src/helloworld.c"
../src/helloworld.c: In function 'main':
../src/helloworld.c:45:33: warning: initialization discards 'volatile' qualifier from pointer target type [enabled by default]
     unsigned int * video_data = ddr + 4096;
                                 ^
../src/helloworld.c:46:10: warning: assignment makes integer from pointer without a cast [enabled by default]
     *vga = video_data;
          ^
Finished building: ../src/helloworld.c
 
Building target: vga_test.elf
Invoking: MicroBlaze gcc linker
mb-gcc -Wl,-T -Wl,../src/lscript.ld -L../../vga_test_bsp/microblaze_0/lib -mlittle-endian -mcpu=v9.3 -mxl-soft-mul -Wl,--no-relax -Wl,--gc-sections -o "vga_test.elf"  ./src/helloworld.o ./src/platform.o   -Wl,--start-group,-lxil,-lgcc,-lc,--end-group
Finished building target: vga_test.elf
 
Invoking: MicroBlaze Print Size
mb-size vga_test.elf  |tee "vga_test.elf.size"
   text	   data	    bss	    dec	    hex	filename
   2580	    316	   2084	   4980	   1374	vga_test.elf
Finished building: vga_test.elf.size
 
21:16:13 **** Auto Build of configuration Debug for project vga_test ****
make all 
Building file: ../src/helloworld.c
Invoking: MicroBlaze gcc compiler
mb-gcc -Wall -O0 -g3 -c -fmessage-length=0 -I../../vga_test_bsp/microblaze_0/include -mlittle-endian -mcpu=v9.3 -mxl-soft-mul -Wl,--no-relax -ffunction-sections -fdata-sections -MMD -MP -MF"src/helloworld.d" -MT"src/helloworld.d" -o "src/helloworld.o" "../src/helloworld.c"
../src/helloworld.c: In function 'main':
Finished building: ../src/helloworld.c
../src/helloworld.c:46:10: warning: assignment makes integer from pointer without a cast [enabled by default]
 
     *vga = video_data;
          ^
Building target: vga_test.elf
Invoking: MicroBlaze gcc linker
mb-gcc -Wl,-T -Wl,../src/lscript.ld -L../../vga_test_bsp/microblaze_0/lib -mlittle-endian -mcpu=v9.3 -mxl-soft-mul -Wl,--no-relax -Wl,--gc-sections -o "vga_test.elf"  ./src/helloworld.o ./src/platform.o   -Wl,--start-group,-lxil,-lgcc,-lc,--end-group
Finished building target: vga_test.elf
 
Invoking: MicroBlaze Print Size
mb-size vga_test.elf  |tee "vga_test.elf.size"
   text	   data	    bss	    dec	    hex	filename
   2580	    316	   2084	   4980	   1374	vga_test.elf
Finished building: vga_test.elf.size
 
21:16:26 **** Auto Build of configuration Debug for project vga_test ****
make all 
Building file: ../src/helloworld.c
Invoking: MicroBlaze gcc compiler
mb-gcc -Wall -O0 -g3 -c -fmessage-length=0 -I../../vga_test_bsp/microblaze_0/include -mlittle-endian -mcpu=v9.3 -mxl-soft-mul -Wl,--no-relax -ffunction-sections -fdata-sections -MMD -MP -MF"src/helloworld.d" -MT"src/helloworld.d" -o "src/helloworld.o" "../src/helloworld.c"
../src/helloworld.c: In function 'main':
../src/helloworld.c:46:10: warning: assignment makes integer from pointer without a cast [enabled by default]
     *vga = video_data;
          ^
Finished building: ../src/helloworld.c
 
Building target: vga_test.elf
Invoking: MicroBlaze gcc linker
mb-gcc -Wl,-T -Wl,../src/lscript.ld -L../../vga_test_bsp/microblaze_0/lib -mlittle-endian -mcpu=v9.3 -mxl-soft-mul -Wl,--no-relax -Wl,--gc-sections -o "vga_test.elf"  ./src/helloworld.o ./src/platform.o   -Wl,--start-group,-lxil,-lgcc,-lc,--end-group
Finished building target: vga_test.elf
 
Invoking: MicroBlaze Print Size
mb-size vga_test.elf  |tee "vga_test.elf.size"
   text	   data	    bss	    dec	    hex	filename
   2576	    316	   2084	   4976	   1370	vga_test.elf
Finished building: vga_test.elf.size
 
21:16:29 **** Incremental Build of configuration Debug for project ddr_test ****
make all 
make: Nothing to be done for `all'.
21:16:29 **** Incremental Build of configuration Debug for project vga_test ****
make all 
make: Nothing to be done for `all'.
21:17:08 **** Auto Build of configuration Debug for project vga_test ****
make all 
Building file: ../src/helloworld.c
Invoking: MicroBlaze gcc compiler
mb-gcc -Wall -O0 -g3 -c -fmessage-length=0 -I../../vga_test_bsp/microblaze_0/include -mlittle-endian -mcpu=v9.3 -mxl-soft-mul -Wl,--no-relax -ffunction-sections -fdata-sections -MMD -MP -MF"src/helloworld.d" -MT"src/helloworld.d" -o "src/helloworld.o" "../src/helloworld.c"
../src/helloworld.c: In function 'main':
../src/helloworld.c:46:10: warning: assignment makes integer from pointer without a cast [enabled by default]
     *vga = video_data;
          ^
Finished building: ../src/helloworld.c
 
Building target: vga_test.elf
Invoking: MicroBlaze gcc linker
mb-gcc -Wl,-T -Wl,../src/lscript.ld -L../../vga_test_bsp/microblaze_0/lib -mlittle-endian -mcpu=v9.3 -mxl-soft-mul -Wl,--no-relax -Wl,--gc-sections -o "vga_test.elf"  ./src/helloworld.o ./src/platform.o   -Wl,--start-group,-lxil,-lgcc,-lc,--end-group
Finished building target: vga_test.elf
 
Invoking: MicroBlaze Print Size
mb-size vga_test.elf  |tee "vga_test.elf.size"
   text	   data	    bss	    dec	    hex	filename
   2580	    316	   2084	   4980	   1374	vga_test.elf
Finished building: vga_test.elf.size
 
21:17:11 **** Incremental Build of configuration Debug for project ddr_test ****
make all 
make: Nothing to be done for `all'.
21:17:12 **** Incremental Build of configuration Debug for project vga_test ****
make all 
make: Nothing to be done for `all'.
21:17:31 **** Auto Build of configuration Debug for project vga_test ****
make all 
Building file: ../src/helloworld.c
Invoking: MicroBlaze gcc compiler
mb-gcc -Wall -O0 -g3 -c -fmessage-length=0 -I../../vga_test_bsp/microblaze_0/include -mlittle-endian -mcpu=v9.3 -mxl-soft-mul -Wl,--no-relax -ffunction-sections -fdata-sections -MMD -MP -MF"src/helloworld.d" -MT"src/helloworld.d" -o "src/helloworld.o" "../src/helloworld.c"
../src/helloworld.c: In function 'main':
../src/helloworld.c:46:10: warning: assignment makes integer from pointer without a cast [enabled by default]
     *vga = video_data;
          ^
Finished building: ../src/helloworld.c
 
Building target: vga_test.elf
Invoking: MicroBlaze gcc linker
mb-gcc -Wl,-T -Wl,../src/lscript.ld -L../../vga_test_bsp/microblaze_0/lib -mlittle-endian -mcpu=v9.3 -mxl-soft-mul -Wl,--no-relax -Wl,--gc-sections -o "vga_test.elf"  ./src/helloworld.o ./src/platform.o   -Wl,--start-group,-lxil,-lgcc,-lc,--end-group
Finished building target: vga_test.elf
 
Invoking: MicroBlaze Print Size
mb-size vga_test.elf  |tee "vga_test.elf.size"
   text	   data	    bss	    dec	    hex	filename
   2576	    316	   2084	   4976	   1370	vga_test.elf
Finished building: vga_test.elf.size
 
21:17:48 **** Incremental Build of configuration Debug for project ddr_test ****
make all 
make: Nothing to be done for `all'.
21:17:48 **** Incremental Build of configuration Debug for project vga_test ****
make all 
make: Nothing to be done for `all'.
21:18:29 **** Auto Build of configuration Debug for project vga_test ****
make all 
Building file: ../src/helloworld.c
Invoking: MicroBlaze gcc compiler
mb-gcc -Wall -O0 -g3 -c -fmessage-length=0 -I../../vga_test_bsp/microblaze_0/include -mlittle-endian -mcpu=v9.3 -mxl-soft-mul -Wl,--no-relax -ffunction-sections -fdata-sections -MMD -MP -MF"src/helloworld.d" -MT"src/helloworld.d" -o "src/helloworld.o" "../src/helloworld.c"
../src/helloworld.c: In function 'main':
../src/helloworld.c:46:10: warning: assignment makes integer from pointer without a cast [enabled by default]
     *vga = video_data;
          ^
Finished building: ../src/helloworld.c
 
Building target: vga_test.elf
Invoking: MicroBlaze gcc linker
mb-gcc -Wl,-T -Wl,../src/lscript.ld -L../../vga_test_bsp/microblaze_0/lib -mlittle-endian -mcpu=v9.3 -mxl-soft-mul -Wl,--no-relax -Wl,--gc-sections -o "vga_test.elf"  ./src/helloworld.o ./src/platform.o   -Wl,--start-group,-lxil,-lgcc,-lc,--end-group
Finished building target: vga_test.elf
 
Invoking: MicroBlaze Print Size
mb-size vga_test.elf  |tee "vga_test.elf.size"
   text	   data	    bss	    dec	    hex	filename
   2552	    316	   2084	   4952	   1358	vga_test.elf
Finished building: vga_test.elf.size
 
21:18:33 **** Incremental Build of configuration Debug for project ddr_test ****
make all 
make: Nothing to be done for `all'.
21:18:34 **** Incremental Build of configuration Debug for project vga_test ****
make all 
make: Nothing to be done for `all'.
21:18:47 **** Auto Build of configuration Debug for project vga_test ****
make all 
Building file: ../src/helloworld.c
Invoking: MicroBlaze gcc compiler
mb-gcc -Wall -O0 -g3 -c -fmessage-length=0 -I../../vga_test_bsp/microblaze_0/include -mlittle-endian -mcpu=v9.3 -mxl-soft-mul -Wl,--no-relax -ffunction-sections -fdata-sections -MMD -MP -MF"src/helloworld.d" -MT"src/helloworld.d" -o "src/helloworld.o" "../src/helloworld.c"
../src/helloworld.c: In function 'main':
../src/helloworld.c:46:10: warning: assignment makes integer from pointer without a cast [enabled by default]
     *vga = video_data;
          ^
Finished building: ../src/helloworld.c
 
Building target: vga_test.elf
Invoking: MicroBlaze gcc linker
mb-gcc -Wl,-T -Wl,../src/lscript.ld -L../../vga_test_bsp/microblaze_0/lib -mlittle-endian -mcpu=v9.3 -mxl-soft-mul -Wl,--no-relax -Wl,--gc-sections -o "vga_test.elf"  ./src/helloworld.o ./src/platform.o   -Wl,--start-group,-lxil,-lgcc,-lc,--end-group
Finished building target: vga_test.elf
 
Invoking: MicroBlaze Print Size
mb-size vga_test.elf  |tee "vga_test.elf.size"
   text	   data	    bss	    dec	    hex	filename
   2576	    316	   2084	   4976	   1370	vga_test.elf
Finished building: vga_test.elf.size
 
21:18:49 **** Incremental Build of configuration Debug for project ddr_test ****
make all 
make: Nothing to be done for `all'.
21:18:50 **** Incremental Build of configuration Debug for project vga_test ****
make all 
make: Nothing to be done for `all'.
21:19:03 **** Auto Build of configuration Debug for project vga_test ****
make all 
Building file: ../src/helloworld.c
Invoking: MicroBlaze gcc compiler
mb-gcc -Wall -O0 -g3 -c -fmessage-length=0 -I../../vga_test_bsp/microblaze_0/include -mlittle-endian -mcpu=v9.3 -mxl-soft-mul -Wl,--no-relax -ffunction-sections -fdata-sections -MMD -MP -MF"src/helloworld.d" -MT"src/helloworld.d" -o "src/helloworld.o" "../src/helloworld.c"
../src/helloworld.c: In function 'main':
../src/helloworld.c:46:10: warning: assignment makes integer from pointer without a cast [enabled by default]
     *vga = video_data;
          ^
Finished building: ../src/helloworld.c
 
Building target: vga_test.elf
Invoking: MicroBlaze gcc linker
mb-gcc -Wl,-T -Wl,../src/lscript.ld -L../../vga_test_bsp/microblaze_0/lib -mlittle-endian -mcpu=v9.3 -mxl-soft-mul -Wl,--no-relax -Wl,--gc-sections -o "vga_test.elf"  ./src/helloworld.o ./src/platform.o   -Wl,--start-group,-lxil,-lgcc,-lc,--end-group
Finished building target: vga_test.elf
 
Invoking: MicroBlaze Print Size
mb-size vga_test.elf  |tee "vga_test.elf.size"
   text	   data	    bss	    dec	    hex	filename
   2580	    316	   2084	   4980	   1374	vga_test.elf
Finished building: vga_test.elf.size
 
21:19:05 **** Incremental Build of configuration Debug for project ddr_test ****
make all 
make: Nothing to be done for `all'.
21:19:05 **** Incremental Build of configuration Debug for project vga_test ****
make all 
make: Nothing to be done for `all'.
21:19:21 **** Auto Build of configuration Debug for project vga_test ****
make all 
Building file: ../src/helloworld.c
Invoking: MicroBlaze gcc compiler
mb-gcc -Wall -O0 -g3 -c -fmessage-length=0 -I../../vga_test_bsp/microblaze_0/include -mlittle-endian -mcpu=v9.3 -mxl-soft-mul -Wl,--no-relax -ffunction-sections -fdata-sections -MMD -MP -MF"src/helloworld.d" -MT"src/helloworld.d" -o "src/helloworld.o" "../src/helloworld.c"
../src/helloworld.c: In function 'main':
../src/helloworld.c:46:10: warning: assignment makes integer from pointer without a cast [enabled by default]
     *vga = video_data;
          ^
Finished building: ../src/helloworld.c
 
Building target: vga_test.elf
Invoking: MicroBlaze gcc linker
mb-gcc -Wl,-T -Wl,../src/lscript.ld -L../../vga_test_bsp/microblaze_0/lib -mlittle-endian -mcpu=v9.3 -mxl-soft-mul -Wl,--no-relax -Wl,--gc-sections -o "vga_test.elf"  ./src/helloworld.o ./src/platform.o   -Wl,--start-group,-lxil,-lgcc,-lc,--end-group
Finished building target: vga_test.elf
 
Invoking: MicroBlaze Print Size
mb-size vga_test.elf  |tee "vga_test.elf.size"
   text	   data	    bss	    dec	    hex	filename
   2580	    316	   2084	   4980	   1374	vga_test.elf
Finished building: vga_test.elf.size
 
[...]
Finished building target: tetris.elf
 
Invoking: MicroBlaze Print Size
mb-size tetris.elf  |tee "tetris.elf.size"
   text	   data	    bss	    dec	    hex	filename
  14992	   1368	   2144	  18504	   4848	tetris.elf
Finished building: tetris.elf.size
 
02:47:14 **** Incremental Build of configuration Debug for project ddr_test ****
make all 
make: Nothing to be done for `all'.
02:47:14 **** Incremental Build of configuration Debug for project tetris ****
make all 
make: Nothing to be done for `all'.
02:47:15 **** Incremental Build of configuration Debug for project vga_test ****
make all 
make: Nothing to be done for `all'.
02:47:40 **** Incremental Build of configuration Debug for project ddr_test ****
make all 
make: Nothing to be done for `all'.
02:47:40 **** Incremental Build of configuration Debug for project tetris ****
make all 
make: Nothing to be done for `all'.
02:47:41 **** Incremental Build of configuration Debug for project vga_test ****
make all 
make: Nothing to be done for `all'.
02:47:44 **** Incremental Build of configuration Debug for project ddr_test ****
make all 
make: Nothing to be done for `all'.
02:47:44 **** Incremental Build of configuration Debug for project tetris ****
make all 
make: Nothing to be done for `all'.
02:47:45 **** Incremental Build of configuration Debug for project vga_test ****
make all 
make: Nothing to be done for `all'.
02:49:45 **** Auto Build of configuration Debug for project tetris ****
make all 
Building file: ../src/tetris.c
Invoking: MicroBlaze gcc compiler
mb-gcc -Wall -O0 -g3 -c -fmessage-length=0 -I../../tetris_bsp/microblaze_0/include -mlittle-endian -mxl-barrel-shift -mno-xl-soft-div -mcpu=v9.3 -mno-xl-soft-mul -Wl,--no-relax -ffunction-sections -fdata-sections -MMD -MP -MF"src/tetris.d" -MT"src/tetris.d" -o "src/tetris.o" "../src/tetris.c"
Finished building: ../src/tetris.c
 
Building target: tetris.elf
Invoking: MicroBlaze gcc linker
mb-gcc -Wl,-T -Wl,../src/lscript.ld -L../../tetris_bsp/microblaze_0/lib -mlittle-endian -mxl-barrel-shift -mno-xl-soft-div -mcpu=v9.3 -mno-xl-soft-mul -Wl,--no-relax -Wl,--gc-sections -o "tetris.elf"  ./src/platform.o ./src/tetris.o ./src/vga.o   -Wl,--start-group,-lxil,-lgcc,-lc,--end-group
Finished building target: tetris.elf
 
Invoking: MicroBlaze Print Size
mb-size tetris.elf  |tee "tetris.elf.size"
   text	   data	    bss	    dec	    hex	filename
  14992	   1368	   2144	  18504	   4848	tetris.elf
Finished building: tetris.elf.size
 
02:49:48 **** Incremental Build of configuration Debug for project ddr_test ****
make all 
make: Nothing to be done for `all'.
02:49:48 **** Incremental Build of configuration Debug for project tetris ****
make all 
make: Nothing to be done for `all'.
02:49:48 **** Incremental Build of configuration Debug for project vga_test ****
make all 
make: Nothing to be done for `all'.
02:50:10 **** Incremental Build of configuration Debug for project ddr_test ****
make all 
make: Nothing to be done for `all'.
02:50:10 **** Incremental Build of configuration Debug for project tetris ****
make all 
make: Nothing to be done for `all'.
02:50:11 **** Incremental Build of configuration Debug for project vga_test ****
make all 
make: Nothing to be done for `all'.
02:50:59 **** Auto Build of configuration Debug for project tetris ****
make all 
Building file: ../src/tetris.c
Invoking: MicroBlaze gcc compiler
mb-gcc -Wall -O0 -g3 -c -fmessage-length=0 -I../../tetris_bsp/microblaze_0/include -mlittle-endian -mxl-barrel-shift -mno-xl-soft-div -mcpu=v9.3 -mno-xl-soft-mul -Wl,--no-relax -ffunction-sections -fdata-sections -MMD -MP -MF"src/tetris.d" -MT"src/tetris.d" -o "src/tetris.o" "../src/tetris.c"
../src/tetris.c: In function 'rotate':
../src/tetris.c:185:6: warning: unused variable 'success' [-Wunused-variable]
  int success = 1;
      ^
Finished building: ../src/tetris.c
 
Building target: tetris.elf
Invoking: MicroBlaze gcc linker
mb-gcc -Wl,-T -Wl,../src/lscript.ld -L../../tetris_bsp/microblaze_0/lib -mlittle-endian -mxl-barrel-shift -mno-xl-soft-div -mcpu=v9.3 -mno-xl-soft-mul -Wl,--no-relax -Wl,--gc-sections -o "tetris.elf"  ./src/platform.o ./src/tetris.o ./src/vga.o   -Wl,--start-group,-lxil,-lgcc,-lc,--end-group
Finished building target: tetris.elf
 
Invoking: MicroBlaze Print Size
mb-size tetris.elf  |tee "tetris.elf.size"
   text	   data	    bss	    dec	    hex	filename
  15000	   1368	   2144	  18512	   4850	tetris.elf
Finished building: tetris.elf.size
 
02:51:09 **** Auto Build of configuration Debug for project tetris ****
make all 
Building file: ../src/tetris.c
Invoking: MicroBlaze gcc compiler
mb-gcc -Wall -O0 -g3 -c -fmessage-length=0 -I../../tetris_bsp/microblaze_0/include -mlittle-endian -mxl-barrel-shift -mno-xl-soft-div -mcpu=v9.3 -mno-xl-soft-mul -Wl,--no-relax -ffunction-sections -fdata-sections -MMD -MP -MF"src/tetris.d" -MT"src/tetris.d" -o "src/tetris.o" "../src/tetris.c"
../src/tetris.c: In function 'rotate':
../src/tetris.c:185:6: warning: variable 'success' set but not used [-Wunused-but-set-variable]
  int success = 1;
      ^
Finished building: ../src/tetris.c
 
Building target: tetris.elf
Invoking: MicroBlaze gcc linker
mb-gcc -Wl,-T -Wl,../src/lscript.ld -L../../tetris_bsp/microblaze_0/lib -mlittle-endian -mxl-barrel-shift -mno-xl-soft-div -mcpu=v9.3 -mno-xl-soft-mul -Wl,--no-relax -Wl,--gc-sections -o "tetris.elf"  ./src/platform.o ./src/tetris.o ./src/vga.o   -Wl,--start-group,-lxil,-lgcc,-lc,--end-group
Finished building target: tetris.elf
 
Invoking: MicroBlaze Print Size
mb-size tetris.elf  |tee "tetris.elf.size"
   text	   data	    bss	    dec	    hex	filename
  15008	   1368	   2144	  18520	   4858	tetris.elf
Finished building: tetris.elf.size
 
02:51:28 **** Auto Build of configuration Debug for project tetris ****
make all 
Building file: ../src/tetris.c
Invoking: MicroBlaze gcc compiler
mb-gcc -Wall -O0 -g3 -c -fmessage-length=0 -I../../tetris_bsp/microblaze_0/include -mlittle-endian -mxl-barrel-shift -mno-xl-soft-div -mcpu=v9.3 -mno-xl-soft-mul -Wl,--no-relax -ffunction-sections -fdata-sections -MMD -MP -MF"src/tetris.d" -MT"src/tetris.d" -o "src/tetris.o" "../src/tetris.c"
Finished building: ../src/tetris.c
 
Building target: tetris.elf
Invoking: MicroBlaze gcc linker
mb-gcc -Wl,-T -Wl,../src/lscript.ld -L../../tetris_bsp/microblaze_0/lib -mlittle-endian -mxl-barrel-shift -mno-xl-soft-div -mcpu=v9.3 -mno-xl-soft-mul -Wl,--no-relax -Wl,--gc-sections -o "tetris.elf"  ./src/platform.o ./src/tetris.o ./src/vga.o   -Wl,--start-group,-lxil,-lgcc,-lc,--end-group
Finished building target: tetris.elf
 
Invoking: MicroBlaze Print Size
mb-size tetris.elf  |tee "tetris.elf.size"
   text	   data	    bss	    dec	    hex	filename
  15016	   1368	   2144	  18528	   4860	tetris.elf
Finished building: tetris.elf.size
 
02:51:32 **** Auto Build of configuration Debug for project tetris ****
make all 
Building file: ../src/tetris.c
Invoking: MicroBlaze gcc compiler
mb-gcc -Wall -O0 -g3 -c -fmessage-length=0 -I../../tetris_bsp/microblaze_0/include -mlittle-endian -mxl-barrel-shift -mno-xl-soft-div -mcpu=v9.3 -mno-xl-soft-mul -Wl,--no-relax -ffunction-sections -fdata-sections -MMD -MP -MF"src/tetris.d" -MT"src/tetris.d" -o "src/tetris.o" "../src/tetris.c"
Finished building: ../src/tetris.c
 
Building target: tetris.elf
Invoking: MicroBlaze gcc linker
mb-gcc -Wl,-T -Wl,../src/lscript.ld -L../../tetris_bsp/microblaze_0/lib -mlittle-endian -mxl-barrel-shift -mno-xl-soft-div -mcpu=v9.3 -mno-xl-soft-mul -Wl,--no-relax -Wl,--gc-sections -o "tetris.elf"  ./src/platform.o ./src/tetris.o ./src/vga.o   -Wl,--start-group,-lxil,-lgcc,-lc,--end-group
Finished building target: tetris.elf
 
Invoking: MicroBlaze Print Size
mb-size tetris.elf  |tee "tetris.elf.size"
   text	   data	    bss	    dec	    hex	filename
  15016	   1368	   2144	  18528	   4860	tetris.elf
Finished building: tetris.elf.size
 
02:51:35 **** Incremental Build of configuration Debug for project ddr_test ****
make all 
make: Nothing to be done for `all'.
02:51:35 **** Incremental Build of configuration Debug for project tetris ****
make all 
make: Nothing to be done for `all'.
02:51:35 **** Incremental Build of configuration Debug for project vga_test ****
make all 
make: Nothing to be done for `all'.
02:52:32 **** Incremental Build of configuration Debug for project ddr_test ****
make all 
make: Nothing to be done for `all'.
02:52:32 **** Incremental Build of configuration Debug for project tetris ****
make all 
make: Nothing to be done for `all'.
02:52:33 **** Incremental Build of configuration Debug for project vga_test ****
make all 
make: Nothing to be done for `all'.
02:53:14 **** Auto Build of configuration Debug for project tetris ****
make all 
Building file: ../src/tetris.c
Invoking: MicroBlaze gcc compiler
mb-gcc -Wall -O0 -g3 -c -fmessage-length=0 -I../../tetris_bsp/microblaze_0/include -mlittle-endian -mxl-barrel-shift -mno-xl-soft-div -mcpu=v9.3 -mno-xl-soft-mul -Wl,--no-relax -ffunction-sections -fdata-sections -MMD -MP -MF"src/tetris.d" -MT"src/tetris.d" -o "src/tetris.o" "../src/tetris.c"
Finished building: ../src/tetris.c
 
Building target: tetris.elf
Invoking: MicroBlaze gcc linker
mb-gcc -Wl,-T -Wl,../src/lscript.ld -L../../tetris_bsp/microblaze_0/lib -mlittle-endian -mxl-barrel-shift -mno-xl-soft-div -mcpu=v9.3 -mno-xl-soft-mul -Wl,--no-relax -Wl,--gc-sections -o "tetris.elf"  ./src/platform.o ./src/tetris.o ./src/vga.o   -Wl,--start-group,-lxil,-lgcc,-lc,--end-group
Finished building target: tetris.elf
 
Invoking: MicroBlaze Print Size
mb-size tetris.elf  |tee "tetris.elf.size"
   text	   data	    bss	    dec	    hex	filename
  15016	   1368	   2144	  18528	   4860	tetris.elf
Finished building: tetris.elf.size
 
02:53:17 **** Incremental Build of configuration Debug for project ddr_test ****
make all 
make: Nothing to be done for `all'.
02:53:17 **** Incremental Build of configuration Debug for project tetris ****
make all 
make: Nothing to be done for `all'.
02:53:17 **** Incremental Build of configuration Debug for project vga_test ****
make all 
make: Nothing to be done for `all'.
02:53:43 **** Auto Build of configuration Debug for project tetris ****
make all 
Building file: ../src/tetris.c
Invoking: MicroBlaze gcc compiler
mb-gcc -Wall -O0 -g3 -c -fmessage-length=0 -I../../tetris_bsp/microblaze_0/include -mlittle-endian -mxl-barrel-shift -mno-xl-soft-div -mcpu=v9.3 -mno-xl-soft-mul -Wl,--no-relax -ffunction-sections -fdata-sections -MMD -MP -MF"src/tetris.d" -MT"src/tetris.d" -o "src/tetris.o" "../src/tetris.c"
Finished building: ../src/tetris.c
 
Building target: tetris.elf
Invoking: MicroBlaze gcc linker
mb-gcc -Wl,-T -Wl,../src/lscript.ld -L../../tetris_bsp/microblaze_0/lib -mlittle-endian -mxl-barrel-shift -mno-xl-soft-div -mcpu=v9.3 -mno-xl-soft-mul -Wl,--no-relax -Wl,--gc-sections -o "tetris.elf"  ./src/platform.o ./src/tetris.o ./src/vga.o   -Wl,--start-group,-lxil,-lgcc,-lc,--end-group
Finished building target: tetris.elf
 
Invoking: MicroBlaze Print Size
mb-size tetris.elf  |tee "tetris.elf.size"
   text	   data	    bss	    dec	    hex	filename
  15016	   1368	   2144	  18528	   4860	tetris.elf
Finished building: tetris.elf.size
 
02:53:45 **** Incremental Build of configuration Debug for project ddr_test ****
make all 
make: Nothing to be done for `all'.
02:53:45 **** Incremental Build of configuration Debug for project tetris ****
make all 
make: Nothing to be done for `all'.
02:53:46 **** Incremental Build of configuration Debug for project vga_test ****
make all 
make: Nothing to be done for `all'.
02:56:58 **** Auto Build of configuration Debug for project tetris ****
make all 
Building file: ../src/tetris.c
Invoking: MicroBlaze gcc compiler
mb-gcc -Wall -O0 -g3 -c -fmessage-length=0 -I../../tetris_bsp/microblaze_0/include -mlittle-endian -mxl-barrel-shift -mno-xl-soft-div -mcpu=v9.3 -mno-xl-soft-mul -Wl,--no-relax -ffunction-sections -fdata-sections -MMD -MP -MF"src/tetris.d" -MT"src/tetris.d" -o "src/tetris.o" "../src/tetris.c"
Finished building: ../src/tetris.c
 
Building target: tetris.elf
Invoking: MicroBlaze gcc linker
mb-gcc -Wl,-T -Wl,../src/lscript.ld -L../../tetris_bsp/microblaze_0/lib -mlittle-endian -mxl-barrel-shift -mno-xl-soft-div -mcpu=v9.3 -mno-xl-soft-mul -Wl,--no-relax -Wl,--gc-sections -o "tetris.elf"  ./src/platform.o ./src/tetris.o ./src/vga.o   -Wl,--start-group,-lxil,-lgcc,-lc,--end-group
Finished building target: tetris.elf
 
Invoking: MicroBlaze Print Size
mb-size tetris.elf  |tee "tetris.elf.size"
   text	   data	    bss	    dec	    hex	filename
  15016	   1368	   2144	  18528	   4860	tetris.elf
Finished building: tetris.elf.size
 
02:57:00 **** Incremental Build of configuration Debug for project ddr_test ****
make all 
make: Nothing to be done for `all'.
02:57:01 **** Incremental Build of configuration Debug for project tetris ****
make all 
make: Nothing to be done for `all'.
02:57:01 **** Incremental Build of configuration Debug for project vga_test ****
make all 
make: Nothing to be done for `all'.
02:59:04 **** Auto Build of configuration Debug for project tetris ****
make all 
Building file: ../src/tetris.c
Invoking: MicroBlaze gcc compiler
mb-gcc -Wall -O0 -g3 -c -fmessage-length=0 -I../../tetris_bsp/microblaze_0/include -mlittle-endian -mxl-barrel-shift -mno-xl-soft-div -mcpu=v9.3 -mno-xl-soft-mul -Wl,--no-relax -ffunction-sections -fdata-sections -MMD -MP -MF"src/tetris.d" -MT"src/tetris.d" -o "src/tetris.o" "../src/tetris.c"
../src/tetris.c: In function 'rotate':
../src/tetris.c:195:6: warning: 'return' with a value, in function returning void [enabled by default]
      return 0;
      ^
Finished building: ../src/tetris.c
 
Building target: tetris.elf
Invoking: MicroBlaze gcc linker
mb-gcc -Wl,-T -Wl,../src/lscript.ld -L../../tetris_bsp/microblaze_0/lib -mlittle-endian -mxl-barrel-shift -mno-xl-soft-div -mcpu=v9.3 -mno-xl-soft-mul -Wl,--no-relax -Wl,--gc-sections -o "tetris.elf"  ./src/platform.o ./src/tetris.o ./src/vga.o   -Wl,--start-group,-lxil,-lgcc,-lc,--end-group
Finished building target: tetris.elf
 
Invoking: MicroBlaze Print Size
mb-size tetris.elf  |tee "tetris.elf.size"
   text	   data	    bss	    dec	    hex	filename
  15008	   1368	   2144	  18520	   4858	tetris.elf
Finished building: tetris.elf.size
 
02:59:12 **** Auto Build of configuration Debug for project tetris ****
make all 
Building file: ../src/tetris.c
Invoking: MicroBlaze gcc compiler
mb-gcc -Wall -O0 -g3 -c -fmessage-length=0 -I../../tetris_bsp/microblaze_0/include -mlittle-endian -mxl-barrel-shift -mno-xl-soft-div -mcpu=v9.3 -mno-xl-soft-mul -Wl,--no-relax -ffunction-sections -fdata-sections -MMD -MP -MF"src/tetris.d" -MT"src/tetris.d" -o "src/tetris.o" "../src/tetris.c"
../src/tetris.c: In function 'rotate':
../src/tetris.c:210:1: warning: control reaches end of non-void function [-Wreturn-type]
 }
 ^
Finished building: ../src/tetris.c
 
Building target: tetris.elf
Invoking: MicroBlaze gcc linker
mb-gcc -Wl,-T -Wl,../src/lscript.ld -L../../tetris_bsp/microblaze_0/lib -mlittle-endian -mxl-barrel-shift -mno-xl-soft-div -mcpu=v9.3 -mno-xl-soft-mul -Wl,--no-relax -Wl,--gc-sections -o "tetris.elf"  ./src/platform.o ./src/tetris.o ./src/vga.o   -Wl,--start-group,-lxil,-lgcc,-lc,--end-group
Finished building target: tetris.elf
 
Invoking: MicroBlaze Print Size
mb-size tetris.elf  |tee "tetris.elf.size"
   text	   data	    bss	    dec	    hex	filename
  15016	   1368	   2144	  18528	   4860	tetris.elf
Finished building: tetris.elf.size
 
02:59:32 **** Auto Build of configuration Debug for project tetris ****
make all 
Building file: ../src/tetris.c
Invoking: MicroBlaze gcc compiler
mb-gcc -Wall -O0 -g3 -c -fmessage-length=0 -I../../tetris_bsp/microblaze_0/include -mlittle-endian -mxl-barrel-shift -mno-xl-soft-div -mcpu=v9.3 -mno-xl-soft-mul -Wl,--no-relax -ffunction-sections -fdata-sections -MMD -MP -MF"src/tetris.d" -MT"src/tetris.d" -o "src/tetris.o" "../src/tetris.c"
../src/tetris.c: In function 'rotate':
../src/tetris.c:185:6: warning: unused variable 'success' [-Wunused-variable]
  int success = 1;
      ^
Finished building: ../src/tetris.c
 
Building target: tetris.elf
Invoking: MicroBlaze gcc linker
mb-gcc -Wl,-T -Wl,../src/lscript.ld -L../../tetris_bsp/microblaze_0/lib -mlittle-endian -mxl-barrel-shift -mno-xl-soft-div -mcpu=v9.3 -mno-xl-soft-mul -Wl,--no-relax -Wl,--gc-sections -o "tetris.elf"  ./src/platform.o ./src/tetris.o ./src/vga.o   -Wl,--start-group,-lxil,-lgcc,-lc,--end-group
Finished building target: tetris.elf
 
Invoking: MicroBlaze Print Size
mb-size tetris.elf  |tee "tetris.elf.size"
   text	   data	    bss	    dec	    hex	filename
  15012	   1368	   2148	  18528	   4860	tetris.elf
Finished building: tetris.elf.size
 
03:00:32 **** Auto Build of configuration Debug for project tetris ****
make all 
Building file: ../src/tetris.c
Invoking: MicroBlaze gcc compiler
mb-gcc -Wall -O0 -g3 -c -fmessage-length=0 -I../../tetris_bsp/microblaze_0/include -mlittle-endian -mxl-barrel-shift -mno-xl-soft-div -mcpu=v9.3 -mno-xl-soft-mul -Wl,--no-relax -ffunction-sections -fdata-sections -MMD -MP -MF"src/tetris.d" -MT"src/tetris.d" -o "src/tetris.o" "../src/tetris.c"
../src/tetris.c: In function 'rotate':
../src/tetris.c:185:6: warning: unused variable 'success' [-Wunused-variable]
  int success = 1;
      ^
Finished building: ../src/tetris.c
 
Building target: tetris.elf
Invoking: MicroBlaze gcc linker
mb-gcc -Wl,-T -Wl,../src/lscript.ld -L../../tetris_bsp/microblaze_0/lib -mlittle-endian -mxl-barrel-shift -mno-xl-soft-div -mcpu=v9.3 -mno-xl-soft-mul -Wl,--no-relax -Wl,--gc-sections -o "tetris.elf"  ./src/platform.o ./src/tetris.o ./src/vga.o   -Wl,--start-group,-lxil,-lgcc,-lc,--end-group
Finished building target: tetris.elf
 
Invoking: MicroBlaze Print Size
mb-size tetris.elf  |tee "tetris.elf.size"
   text	   data	    bss	    dec	    hex	filename
  15108	   1368	   2148	  18624	   48c0	tetris.elf
Finished building: tetris.elf.size
 
03:00:36 **** Incremental Build of configuration Debug for project ddr_test ****
make all 
make: Nothing to be done for `all'.
03:00:36 **** Incremental Build of configuration Debug for project tetris ****
make all 
make: Nothing to be done for `all'.
03:00:37 **** Incremental Build of configuration Debug for project vga_test ****
make all 
make: Nothing to be done for `all'.
03:02:04 **** Auto Build of configuration Debug for project tetris ****
make all 
Building file: ../src/tetris.c
Invoking: MicroBlaze gcc compiler
mb-gcc -Wall -O0 -g3 -c -fmessage-length=0 -I../../tetris_bsp/microblaze_0/include -mlittle-endian -mxl-barrel-shift -mno-xl-soft-div -mcpu=v9.3 -mno-xl-soft-mul -Wl,--no-relax -ffunction-sections -fdata-sections -MMD -MP -MF"src/tetris.d" -MT"src/tetris.d" -o "src/tetris.o" "../src/tetris.c"
../src/tetris.c: In function 'rotate':
../src/tetris.c:192:6: warning: unused variable 'success' [-Wunused-variable]
  int success = 1;
      ^
Finished building: ../src/tetris.c
 
Building target: tetris.elf
Invoking: MicroBlaze gcc linker
mb-gcc -Wl,-T -Wl,../src/lscript.ld -L../../tetris_bsp/microblaze_0/lib -mlittle-endian -mxl-barrel-shift -mno-xl-soft-div -mcpu=v9.3 -mno-xl-soft-mul -Wl,--no-relax -Wl,--gc-sections -o "tetris.elf"  ./src/platform.o ./src/tetris.o ./src/vga.o   -Wl,--start-group,-lxil,-lgcc,-lc,--end-group
Finished building target: tetris.elf
 
Invoking: MicroBlaze Print Size
mb-size tetris.elf  |tee "tetris.elf.size"
   text	   data	    bss	    dec	    hex	filename
  15140	   1368	   2148	  18656	   48e0	tetris.elf
Finished building: tetris.elf.size
 
03:02:06 **** Incremental Build of configuration Debug for project ddr_test ****
make all 
make: Nothing to be done for `all'.
03:02:07 **** Incremental Build of configuration Debug for project tetris ****
make all 
make: Nothing to be done for `all'.
03:02:07 **** Incremental Build of configuration Debug for project vga_test ****
make all 
make: Nothing to be done for `all'.
