01:52:28 **** Auto Build of configuration Debug for project tetris ****
make all 
Building file: ../src/tetrominoes.c
Invoking: MicroBlaze gcc compiler
mb-gcc -Wall -O0 -g3 -c -fmessage-length=0 -I../../tetris_bsp/microblaze_0/include -mlittle-endian -mxl-barrel-shift -mno-xl-soft-div -mcpu=v9.3 -mno-xl-soft-mul -Wl,--no-relax -ffunction-sections -fdata-sections -MMD -MP -MF"src/tetrominoes.d" -MT"src/tetrominoes.d" -o "src/tetrominoes.o" "../src/tetrominoes.c"
../src/tetrominoes.c: In function 'gen_next':
../src/tetrominoes.c:97:4: warning: implicit declaration of function 'rand' [-Wimplicit-function-declaration]
    new_piece_id = rand() % 7;
    ^
Finished building: ../src/tetrominoes.c
 
Building target: tetris.elf
Invoking: MicroBlaze gcc linker
mb-gcc -Wl,-T -Wl,../src/lscript.ld -L../../tetris_bsp/microblaze_0/lib -mlittle-endian -mxl-barrel-shift -mno-xl-soft-div -mcpu=v9.3 -mno-xl-soft-mul -Wl,--no-relax -Wl,--gc-sections -o "tetris.elf"  ./src/button_io.o ./src/platform.o ./src/tetris.o ./src/tetris_ai_io.o ./src/tetrominoes.o ./src/vga.o   -Wl,--start-group,-lxil,-lgcc,-lc,--end-group
Finished building target: tetris.elf
 
Invoking: MicroBlaze Print Size
mb-size tetris.elf  |tee "tetris.elf.size"
   text	   data	    bss	    dec	    hex	filename
  22360	   1832	   2200	  26392	   6718	tetris.elf
Finished building: tetris.elf.size
 

01:52:29 Build Finished (took 108ms)

